top - 11:14:46 up 11 days, 17:26,  0 user,  load average: 0.07, 0.07, 0.02
Tasks:   1 total,   0 running,   1 sleeping,   0 stopped,   0 zombie
%Cpu(s):  0.0 us,100.0 sy,  0.0 ni,  0.0 id,  0.0 wa,  0.0 hi,  0.0 si,  0.0 st 
MiB Mem :   1966.9 total,    618.2 free,    506.2 used,   1029.4 buff/cache     
MiB Swap:      0.0 total,      0.0 free,      0.0 used.   1460.7 avail Mem 

    PID USER      PR  NI    VIRT    RES    SHR S  %CPU  %MEM     TIME+ COMMAND
3854774 root      20   0 1753024  41228   6864 S   6.7   2.0   0:08.04 nodeser+

top - 11:14:46 up 11 days, 17:26,  0 user,  load average: 0.07, 0.07, 0.02
Tasks:   1 total,   0 running,   1 sleeping,   0 stopped,   0 zombie
%Cpu(s):  0.0 us,  0.0 sy,  0.0 ni,100.0 id,  0.0 wa,  0.0 hi,  0.0 si,  0.0 st 
MiB Mem :   1966.9 total,    618.2 free,    506.2 used,   1029.4 buff/cache     
MiB Swap:      0.0 total,      0.0 free,      0.0 used.   1460.7 avail Mem 

    PID USER      PR  NI    VIRT    RES    SHR S  %CPU  %MEM     TIME+ COMMAND
3854774 root      20   0 1753024  41228   6864 S   0.0   2.0   0:08.04 nodeser+

top - 11:14:46 up 11 days, 17:26,  0 user,  load average: 0.07, 0.07, 0.02
Tasks:   1 total,   0 running,   1 sleeping,   0 stopped,   0 zombie
%Cpu(s):  0.0 us,  2.5 sy,  0.0 ni, 95.0 id,  0.0 wa,  0.0 hi,  2.5 si,  0.0 st 
MiB Mem :   1966.9 total,    618.2 free,    506.2 used,   1029.4 buff/cache     
MiB Swap:      0.0 total,      0.0 free,      0.0 used.   1460.7 avail Mem 

    PID USER      PR  NI    VIRT    RES    SHR S  %CPU  %MEM     TIME+ COMMAND
3854774 root      20   0 1753024  41228   6864 S   0.0   2.0   0:08.04 nodeser+

top - 11:14:47 up 11 days, 17:26,  0 user,  load average: 0.07, 0.07, 0.02
Tasks:   1 total,   0 running,   1 sleeping,   0 stopped,   0 zombie
%Cpu(s):  2.4 us,  0.0 sy,  0.0 ni, 95.1 id,  0.0 wa,  0.0 hi,  2.4 si,  0.0 st 
MiB Mem :   1966.9 total,    618.2 free,    506.2 used,   1029.4 buff/cache     
MiB Swap:      0.0 total,      0.0 free,      0.0 used.   1460.7 avail Mem 

    PID USER      PR  NI    VIRT    RES    SHR S  %CPU  %MEM     TIME+ COMMAND
3854774 root      20   0 1753024  41228   6864 S   0.0   2.0   0:08.04 nodeser+

top - 11:14:47 up 11 days, 17:26,  0 user,  load average: 0.07, 0.07, 0.02
Tasks:   1 total,   0 running,   1 sleeping,   0 stopped,   0 zombie
%Cpu(s):  0.0 us,  0.0 sy,  0.0 ni,100.0 id,  0.0 wa,  0.0 hi,  0.0 si,  0.0 st 
MiB Mem :   1966.9 total,    618.2 free,    506.2 used,   1029.4 buff/cache     
MiB Swap:      0.0 total,      0.0 free,      0.0 used.   1460.7 avail Mem 

    PID USER      PR  NI    VIRT    RES    SHR S  %CPU  %MEM     TIME+ COMMAND
3854774 root      20   0 1753024  41228   6864 S   0.0   2.0   0:08.04 nodeser+

top - 11:14:47 up 11 days, 17:26,  0 user,  load average: 0.07, 0.07, 0.02
Tasks:   1 total,   0 running,   1 sleeping,   0 stopped,   0 zombie
%Cpu(s):  0.0 us,  0.0 sy,  0.0 ni,100.0 id,  0.0 wa,  0.0 hi,  0.0 si,  0.0 st 
MiB Mem :   1966.9 total,    618.2 free,    506.2 used,   1029.4 buff/cache     
MiB Swap:      0.0 total,      0.0 free,      0.0 used.   1460.7 avail Mem 

    PID USER      PR  NI    VIRT    RES    SHR S  %CPU  %MEM     TIME+ COMMAND
3854774 root      20   0 1753024  41228   6864 S   5.0   2.0   0:08.05 nodeser+

top - 11:14:47 up 11 days, 17:26,  0 user,  load average: 0.07, 0.07, 0.02
Tasks:   1 total,   0 running,   1 sleeping,   0 stopped,   0 zombie
%Cpu(s):  0.0 us,  0.0 sy,  0.0 ni,100.0 id,  0.0 wa,  0.0 hi,  0.0 si,  0.0 st 
MiB Mem :   1966.9 total,    618.2 free,    506.2 used,   1029.4 buff/cache     
MiB Swap:      0.0 total,      0.0 free,      0.0 used.   1460.7 avail Mem 

    PID USER      PR  NI    VIRT    RES    SHR S  %CPU  %MEM     TIME+ COMMAND
3854774 root      20   0 1753024  41228   6864 S   5.0   2.0   0:08.06 nodeser+

top - 11:14:47 up 11 days, 17:26,  0 user,  load average: 0.07, 0.07, 0.02
Tasks:   1 total,   0 running,   1 sleeping,   0 stopped,   0 zombie
%Cpu(s):  2.5 us,  2.5 sy,  0.0 ni, 95.0 id,  0.0 wa,  0.0 hi,  0.0 si,  0.0 st 
MiB Mem :   1966.9 total,    618.2 free,    506.2 used,   1029.4 buff/cache     
MiB Swap:      0.0 total,      0.0 free,      0.0 used.   1460.7 avail Mem 

    PID USER      PR  NI    VIRT    RES    SHR S  %CPU  %MEM     TIME+ COMMAND
3854774 root      20   0 1753024  41228   6864 S   5.0   2.0   0:08.07 nodeser+

top - 11:14:48 up 11 days, 17:26,  0 user,  load average: 0.07, 0.07, 0.02
Tasks:   1 total,   0 running,   1 sleeping,   0 stopped,   0 zombie
%Cpu(s):  0.0 us,  0.0 sy,  0.0 ni,100.0 id,  0.0 wa,  0.0 hi,  0.0 si,  0.0 st 
MiB Mem :   1966.9 total,    618.2 free,    506.2 used,   1029.4 buff/cache     
MiB Swap:      0.0 total,      0.0 free,      0.0 used.   1460.7 avail Mem 

    PID USER      PR  NI    VIRT    RES    SHR S  %CPU  %MEM     TIME+ COMMAND
3854774 root      20   0 1753024  41228   6864 S   0.0   2.0   0:08.07 nodeser+

top - 11:14:48 up 11 days, 17:26,  0 user,  load average: 0.07, 0.07, 0.02
Tasks:   1 total,   0 running,   1 sleeping,   0 stopped,   0 zombie
%Cpu(s):  0.0 us,  0.0 sy,  0.0 ni,100.0 id,  0.0 wa,  0.0 hi,  0.0 si,  0.0 st 
MiB Mem :   1966.9 total,    618.2 free,    506.2 used,   1029.4 buff/cache     
MiB Swap:      0.0 total,      0.0 free,      0.0 used.   1460.7 avail Mem 

    PID USER      PR  NI    VIRT    RES    SHR S  %CPU  %MEM     TIME+ COMMAND
3854774 root      20   0 1753024  41228   6864 S  10.0   2.0   0:08.09 nodeser+

top - 11:14:48 up 11 days, 17:26,  0 user,  load average: 0.07, 0.07, 0.02
Tasks:   1 total,   0 running,   1 sleeping,   0 stopped,   0 zombie
%Cpu(s):  0.0 us,  2.5 sy,  0.0 ni, 97.5 id,  0.0 wa,  0.0 hi,  0.0 si,  0.0 st 
MiB Mem :   1966.9 total,    618.2 free,    506.2 used,   1029.4 buff/cache     
MiB Swap:      0.0 total,      0.0 free,      0.0 used.   1460.7 avail Mem 

    PID USER      PR  NI    VIRT    RES    SHR S  %CPU  %MEM     TIME+ COMMAND
3854774 root      20   0 1753024  41228   6864 S   0.0   2.0   0:08.09 nodeser+

top - 11:14:48 up 11 days, 17:26,  0 user,  load average: 0.07, 0.07, 0.02
Tasks:   1 total,   0 running,   1 sleeping,   0 stopped,   0 zombie
%Cpu(s):  0.0 us,  0.0 sy,  0.0 ni,100.0 id,  0.0 wa,  0.0 hi,  0.0 si,  0.0 st 
MiB Mem :   1966.9 total,    618.2 free,    506.2 used,   1029.4 buff/cache     
MiB Swap:      0.0 total,      0.0 free,      0.0 used.   1460.7 avail Mem 

    PID USER      PR  NI    VIRT    RES    SHR S  %CPU  %MEM     TIME+ COMMAND
3854774 root      20   0 1753024  41228   6864 S   0.0   2.0   0:08.09 nodeser+

top - 11:14:48 up 11 days, 17:26,  0 user,  load average: 0.07, 0.07, 0.02
Tasks:   1 total,   0 running,   1 sleeping,   0 stopped,   0 zombie
%Cpu(s):  0.0 us,  5.0 sy,  0.0 ni, 92.5 id,  0.0 wa,  0.0 hi,  2.5 si,  0.0 st 
MiB Mem :   1966.9 total,    618.2 free,    506.2 used,   1029.4 buff/cache     
MiB Swap:      0.0 total,      0.0 free,      0.0 used.   1460.7 avail Mem 

    PID USER      PR  NI    VIRT    RES    SHR S  %CPU  %MEM     TIME+ COMMAND
3854774 root      20   0 1753024  41228   6864 S  10.0   2.0   0:08.11 nodeser+

top - 11:14:49 up 11 days, 17:26,  0 user,  load average: 0.07, 0.07, 0.02
Tasks:   1 total,   0 running,   1 sleeping,   0 stopped,   0 zombie
%Cpu(s):  0.0 us,  0.0 sy,  0.0 ni,100.0 id,  0.0 wa,  0.0 hi,  0.0 si,  0.0 st 
MiB Mem :   1966.9 total,    642.4 free,    482.0 used,   1029.4 buff/cache     
MiB Swap:      0.0 total,      0.0 free,      0.0 used.   1485.0 avail Mem 

    PID USER      PR  NI    VIRT    RES    SHR S  %CPU  %MEM     TIME+ COMMAND
3854774 root      20   0 1753024  41228   6864 S  10.0   2.0   0:08.13 nodeser+

top - 11:14:49 up 11 days, 17:26,  0 user,  load average: 0.07, 0.07, 0.02
Tasks:   1 total,   0 running,   1 sleeping,   0 stopped,   0 zombie
%Cpu(s):  0.0 us,  2.6 sy,  0.0 ni, 97.4 id,  0.0 wa,  0.0 hi,  0.0 si,  0.0 st 
MiB Mem :   1966.9 total,    642.4 free,    482.0 used,   1029.4 buff/cache     
MiB Swap:      0.0 total,      0.0 free,      0.0 used.   1485.0 avail Mem 

    PID USER      PR  NI    VIRT    RES    SHR S  %CPU  %MEM     TIME+ COMMAND
3854774 root      20   0 1753024  41228   6864 S   5.0   2.0   0:08.14 nodeser+

top - 11:14:49 up 11 days, 17:26,  0 user,  load average: 0.07, 0.07, 0.02
Tasks:   1 total,   0 running,   1 sleeping,   0 stopped,   0 zombie
%Cpu(s):  0.0 us,  0.0 sy,  0.0 ni, 97.5 id,  0.0 wa,  0.0 hi,  2.5 si,  0.0 st 
MiB Mem :   1966.9 total,    642.4 free,    482.0 used,   1029.4 buff/cache     
MiB Swap:      0.0 total,      0.0 free,      0.0 used.   1485.0 avail Mem 

    PID USER      PR  NI    VIRT    RES    SHR S  %CPU  %MEM     TIME+ COMMAND
3854774 root      20   0 1753024  41228   6864 S   5.0   2.0   0:08.15 nodeser+

top - 11:14:49 up 11 days, 17:26,  0 user,  load average: 0.07, 0.07, 0.02
Tasks:   1 total,   0 running,   1 sleeping,   0 stopped,   0 zombie
%Cpu(s):  0.0 us,  0.0 sy,  0.0 ni,100.0 id,  0.0 wa,  0.0 hi,  0.0 si,  0.0 st 
MiB Mem :   1966.9 total,    642.4 free,    482.0 used,   1029.4 buff/cache     
MiB Swap:      0.0 total,      0.0 free,      0.0 used.   1485.0 avail Mem 

    PID USER      PR  NI    VIRT    RES    SHR S  %CPU  %MEM     TIME+ COMMAND
3854774 root      20   0 1753024  41228   6864 S   0.0   2.0   0:08.15 nodeser+

top - 11:14:49 up 11 days, 17:26,  0 user,  load average: 0.07, 0.07, 0.02
Tasks:   1 total,   0 running,   1 sleeping,   0 stopped,   0 zombie
%Cpu(s):  5.0 us,  0.0 sy,  0.0 ni, 95.0 id,  0.0 wa,  0.0 hi,  0.0 si,  0.0 st 
MiB Mem :   1966.9 total,    642.4 free,    482.0 used,   1029.4 buff/cache     
MiB Swap:      0.0 total,      0.0 free,      0.0 used.   1485.0 avail Mem 

    PID USER      PR  NI    VIRT    RES    SHR S  %CPU  %MEM     TIME+ COMMAND
3854774 root      20   0 1753024  41228   6864 S  10.0   2.0   0:08.17 nodeser+

top - 11:14:50 up 11 days, 17:26,  0 user,  load average: 0.07, 0.07, 0.02
Tasks:   1 total,   0 running,   1 sleeping,   0 stopped,   0 zombie
%Cpu(s):  2.4 us,  2.4 sy,  0.0 ni, 92.7 id,  0.0 wa,  0.0 hi,  2.4 si,  0.0 st 
MiB Mem :   1966.9 total,    642.4 free,    482.0 used,   1029.4 buff/cache     
MiB Swap:      0.0 total,      0.0 free,      0.0 used.   1485.0 avail Mem 

    PID USER      PR  NI    VIRT    RES    SHR S  %CPU  %MEM     TIME+ COMMAND
3854774 root      20   0 1753024  43276   6864 S   0.0   2.1   0:08.17 nodeser+

top - 11:14:50 up 11 days, 17:26,  0 user,  load average: 0.07, 0.07, 0.02
Tasks:   1 total,   0 running,   1 sleeping,   0 stopped,   0 zombie
%Cpu(s):  2.4 us,  4.8 sy,  0.0 ni, 92.9 id,  0.0 wa,  0.0 hi,  0.0 si,  0.0 st 
MiB Mem :   1966.9 total,    642.4 free,    482.0 used,   1029.4 buff/cache     
MiB Swap:      0.0 total,      0.0 free,      0.0 used.   1485.0 avail Mem 

    PID USER      PR  NI    VIRT    RES    SHR S  %CPU  %MEM     TIME+ COMMAND
3854774 root      20   0 1753024  43276   6864 S   5.0   2.1   0:08.18 nodeser+

top - 11:14:50 up 11 days, 17:26,  0 user,  load average: 0.07, 0.07, 0.02
Tasks:   1 total,   0 running,   1 sleeping,   0 stopped,   0 zombie
%Cpu(s):  2.3 us,  4.7 sy,  0.0 ni, 90.7 id,  0.0 wa,  0.0 hi,  2.3 si,  0.0 st 
MiB Mem :   1966.9 total,    642.4 free,    482.0 used,   1029.4 buff/cache     
MiB Swap:      0.0 total,      0.0 free,      0.0 used.   1485.0 avail Mem 

    PID USER      PR  NI    VIRT    RES    SHR S  %CPU  %MEM     TIME+ COMMAND
3854774 root      20   0 1753024  43276   6864 S   0.0   2.1   0:08.18 nodeser+

top - 11:14:50 up 11 days, 17:26,  0 user,  load average: 0.07, 0.07, 0.02
Tasks:   1 total,   0 running,   1 sleeping,   0 stopped,   0 zombie
%Cpu(s):  2.4 us,  4.8 sy,  0.0 ni, 92.9 id,  0.0 wa,  0.0 hi,  0.0 si,  0.0 st 
MiB Mem :   1966.9 total,    642.4 free,    482.0 used,   1029.4 buff/cache     
MiB Swap:      0.0 total,      0.0 free,      0.0 used.   1485.0 avail Mem 

    PID USER      PR  NI    VIRT    RES    SHR S  %CPU  %MEM     TIME+ COMMAND
3854774 root      20   0 1753024  43276   6864 S   5.0   2.1   0:08.19 nodeser+

top - 11:14:50 up 11 days, 17:26,  0 user,  load average: 0.07, 0.07, 0.02
Tasks:   1 total,   0 running,   1 sleeping,   0 stopped,   0 zombie
%Cpu(s):  0.0 us,  2.6 sy,  0.0 ni, 87.2 id,  7.7 wa,  0.0 hi,  2.6 si,  0.0 st 
MiB Mem :   1966.9 total,    642.4 free,    482.0 used,   1029.4 buff/cache     
MiB Swap:      0.0 total,      0.0 free,      0.0 used.   1485.0 avail Mem 

    PID USER      PR  NI    VIRT    RES    SHR S  %CPU  %MEM     TIME+ COMMAND
3854774 root      20   0 1753024  45324   6864 S   5.0   2.3   0:08.20 nodeser+

top - 11:14:51 up 11 days, 17:26,  0 user,  load average: 0.07, 0.07, 0.02
Tasks:   1 total,   0 running,   1 sleeping,   0 stopped,   0 zombie
%Cpu(s):  2.4 us,  0.0 sy,  0.0 ni, 95.1 id,  0.0 wa,  0.0 hi,  2.4 si,  0.0 st 
MiB Mem :   1966.9 total,    642.4 free,    482.0 used,   1029.4 buff/cache     
MiB Swap:      0.0 total,      0.0 free,      0.0 used.   1485.0 avail Mem 

    PID USER      PR  NI    VIRT    RES    SHR S  %CPU  %MEM     TIME+ COMMAND
3854774 root      20   0 1753024  45324   6864 S   5.0   2.3   0:08.21 nodeser+

top - 11:14:51 up 11 days, 17:26,  0 user,  load average: 0.06, 0.06, 0.02
Tasks:   1 total,   0 running,   1 sleeping,   0 stopped,   0 zombie
%Cpu(s):  0.0 us,  0.0 sy,  0.0 ni,100.0 id,  0.0 wa,  0.0 hi,  0.0 si,  0.0 st 
MiB Mem :   1966.9 total,    642.4 free,    482.0 used,   1029.4 buff/cache     
MiB Swap:      0.0 total,      0.0 free,      0.0 used.   1485.0 avail Mem 

    PID USER      PR  NI    VIRT    RES    SHR S  %CPU  %MEM     TIME+ COMMAND
3854774 root      20   0 1753024  45324   6864 S   0.0   2.3   0:08.21 nodeser+

top - 11:14:51 up 11 days, 17:26,  0 user,  load average: 0.06, 0.06, 0.02
Tasks:   1 total,   0 running,   1 sleeping,   0 stopped,   0 zombie
%Cpu(s):  0.0 us,  2.4 sy,  0.0 ni, 95.1 id,  0.0 wa,  0.0 hi,  2.4 si,  0.0 st 
MiB Mem :   1966.9 total,    642.4 free,    482.0 used,   1029.4 buff/cache     
MiB Swap:      0.0 total,      0.0 free,      0.0 used.   1485.0 avail Mem 

    PID USER      PR  NI    VIRT    RES    SHR S  %CPU  %MEM     TIME+ COMMAND
3854774 root      20   0 1753024  45324   6864 S   0.0   2.3   0:08.21 nodeser+

top - 11:14:51 up 11 days, 17:26,  0 user,  load average: 0.06, 0.06, 0.02
Tasks:   1 total,   0 running,   1 sleeping,   0 stopped,   0 zombie
%Cpu(s):  2.4 us,  2.4 sy,  0.0 ni, 95.1 id,  0.0 wa,  0.0 hi,  0.0 si,  0.0 st 
MiB Mem :   1966.9 total,    642.4 free,    482.0 used,   1029.4 buff/cache     
MiB Swap:      0.0 total,      0.0 free,      0.0 used.   1485.0 avail Mem 

    PID USER      PR  NI    VIRT    RES    SHR S  %CPU  %MEM     TIME+ COMMAND
3854774 root      20   0 1753024  45324   6864 S   5.0   2.3   0:08.22 nodeser+

top - 11:14:51 up 11 days, 17:26,  0 user,  load average: 0.06, 0.06, 0.02
Tasks:   1 total,   0 running,   1 sleeping,   0 stopped,   0 zombie
%Cpu(s):  7.0 us,  7.0 sy,  0.0 ni, 86.0 id,  0.0 wa,  0.0 hi,  0.0 si,  0.0 st 
MiB Mem :   1966.9 total,    642.4 free,    482.0 used,   1029.4 buff/cache     
MiB Swap:      0.0 total,      0.0 free,      0.0 used.   1485.0 avail Mem 

    PID USER      PR  NI    VIRT    RES    SHR S  %CPU  %MEM     TIME+ COMMAND
3854774 root      20   0 1753024  45324   6864 S  10.0   2.3   0:08.24 nodeser+

top - 11:14:52 up 11 days, 17:26,  0 user,  load average: 0.06, 0.06, 0.02
Tasks:   1 total,   0 running,   1 sleeping,   0 stopped,   0 zombie
%Cpu(s):  2.4 us,  2.4 sy,  0.0 ni, 95.1 id,  0.0 wa,  0.0 hi,  0.0 si,  0.0 st 
MiB Mem :   1966.9 total,    637.4 free,    486.9 used,   1029.4 buff/cache     
MiB Swap:      0.0 total,      0.0 free,      0.0 used.   1480.0 avail Mem 

    PID USER      PR  NI    VIRT    RES    SHR S  %CPU  %MEM     TIME+ COMMAND
3854774 root      20   0 1753024  45324   6864 S   0.0   2.3   0:08.24 nodeser+

top - 11:14:52 up 11 days, 17:26,  0 user,  load average: 0.06, 0.06, 0.02
Tasks:   1 total,   0 running,   1 sleeping,   0 stopped,   0 zombie
%Cpu(s):  7.0 us,  2.3 sy,  0.0 ni, 90.7 id,  0.0 wa,  0.0 hi,  0.0 si,  0.0 st 
MiB Mem :   1966.9 total,    637.4 free,    486.9 used,   1029.4 buff/cache     
MiB Swap:      0.0 total,      0.0 free,      0.0 used.   1480.0 avail Mem 

    PID USER      PR  NI    VIRT    RES    SHR S  %CPU  %MEM     TIME+ COMMAND
3854774 root      20   0 1753024  45324   6864 S   5.0   2.3   0:08.25 nodeser+

top - 11:14:52 up 11 days, 17:26,  0 user,  load average: 0.06, 0.06, 0.02
Tasks:   1 total,   0 running,   1 sleeping,   0 stopped,   0 zombie
%Cpu(s):  0.0 us,  7.0 sy,  0.0 ni, 90.7 id,  0.0 wa,  0.0 hi,  2.3 si,  0.0 st 
MiB Mem :   1966.9 total,    637.4 free,    486.9 used,   1029.4 buff/cache     
MiB Swap:      0.0 total,      0.0 free,      0.0 used.   1480.0 avail Mem 

    PID USER      PR  NI    VIRT    RES    SHR S  %CPU  %MEM     TIME+ COMMAND
3854774 root      20   0 1753024  45324   6864 S   5.0   2.3   0:08.26 nodeser+

top - 11:14:52 up 11 days, 17:26,  0 user,  load average: 0.06, 0.06, 0.02
Tasks:   1 total,   0 running,   1 sleeping,   0 stopped,   0 zombie
%Cpu(s):  2.5 us,  0.0 sy,  0.0 ni, 97.5 id,  0.0 wa,  0.0 hi,  0.0 si,  0.0 st 
MiB Mem :   1966.9 total,    637.4 free,    486.9 used,   1029.4 buff/cache     
MiB Swap:      0.0 total,      0.0 free,      0.0 used.   1480.0 avail Mem 

    PID USER      PR  NI    VIRT    RES    SHR S  %CPU  %MEM     TIME+ COMMAND
3854774 root      20   0 1753024  45324   6864 S   5.0   2.3   0:08.27 nodeser+

top - 11:14:52 up 11 days, 17:26,  0 user,  load average: 0.06, 0.06, 0.02
Tasks:   1 total,   0 running,   1 sleeping,   0 stopped,   0 zombie
%Cpu(s):  0.0 us,  2.6 sy,  0.0 ni, 97.4 id,  0.0 wa,  0.0 hi,  0.0 si,  0.0 st 
MiB Mem :   1966.9 total,    637.4 free,    486.9 used,   1029.4 buff/cache     
MiB Swap:      0.0 total,      0.0 free,      0.0 used.   1480.0 avail Mem 

    PID USER      PR  NI    VIRT    RES    SHR S  %CPU  %MEM     TIME+ COMMAND
3854774 root      20   0 1753024  45324   6864 S   0.0   2.3   0:08.27 nodeser+

top - 11:14:53 up 11 days, 17:26,  0 user,  load average: 0.06, 0.06, 0.02
Tasks:   1 total,   0 running,   1 sleeping,   0 stopped,   0 zombie
%Cpu(s):  0.0 us,  0.0 sy,  0.0 ni,100.0 id,  0.0 wa,  0.0 hi,  0.0 si,  0.0 st 
MiB Mem :   1966.9 total,    637.4 free,    486.9 used,   1029.4 buff/cache     
MiB Swap:      0.0 total,      0.0 free,      0.0 used.   1480.0 avail Mem 

    PID USER      PR  NI    VIRT    RES    SHR S  %CPU  %MEM     TIME+ COMMAND
3854774 root      20   0 1753024  45324   6864 S  10.0   2.3   0:08.29 nodeser+

top - 11:14:53 up 11 days, 17:26,  0 user,  load average: 0.06, 0.06, 0.02
Tasks:   1 total,   0 running,   1 sleeping,   0 stopped,   0 zombie
%Cpu(s):  0.0 us,  0.0 sy,  0.0 ni,100.0 id,  0.0 wa,  0.0 hi,  0.0 si,  0.0 st 
MiB Mem :   1966.9 total,    637.4 free,    486.9 used,   1029.4 buff/cache     
MiB Swap:      0.0 total,      0.0 free,      0.0 used.   1480.0 avail Mem 

    PID USER      PR  NI    VIRT    RES    SHR S  %CPU  %MEM     TIME+ COMMAND
3854774 root      20   0 1753024  45324   6864 S   0.0   2.3   0:08.29 nodeser+

top - 11:14:53 up 11 days, 17:26,  0 user,  load average: 0.06, 0.06, 0.02
Tasks:   1 total,   0 running,   1 sleeping,   0 stopped,   0 zombie
%Cpu(s):  0.0 us,  0.0 sy,  0.0 ni,100.0 id,  0.0 wa,  0.0 hi,  0.0 si,  0.0 st 
MiB Mem :   1966.9 total,    637.4 free,    486.9 used,   1029.4 buff/cache     
MiB Swap:      0.0 total,      0.0 free,      0.0 used.   1480.0 avail Mem 

    PID USER      PR  NI    VIRT    RES    SHR S  %CPU  %MEM     TIME+ COMMAND
3854774 root      20   0 1753024  45324   6864 S   0.0   2.3   0:08.29 nodeser+

top - 11:14:53 up 11 days, 17:26,  0 user,  load average: 0.06, 0.06, 0.02
Tasks:   1 total,   0 running,   1 sleeping,   0 stopped,   0 zombie
%Cpu(s):  0.0 us,  0.0 sy,  0.0 ni,100.0 id,  0.0 wa,  0.0 hi,  0.0 si,  0.0 st 
MiB Mem :   1966.9 total,    637.4 free,    486.9 used,   1029.4 buff/cache     
MiB Swap:      0.0 total,      0.0 free,      0.0 used.   1480.0 avail Mem 

    PID USER      PR  NI    VIRT    RES    SHR S  %CPU  %MEM     TIME+ COMMAND
3854774 root      20   0 1753024  45324   6864 S   5.0   2.3   0:08.30 nodeser+

top - 11:14:53 up 11 days, 17:26,  0 user,  load average: 0.06, 0.06, 0.02
Tasks:   1 total,   0 running,   1 sleeping,   0 stopped,   0 zombie
%Cpu(s):  2.5 us,  0.0 sy,  0.0 ni, 97.5 id,  0.0 wa,  0.0 hi,  0.0 si,  0.0 st 
MiB Mem :   1966.9 total,    637.4 free,    486.9 used,   1029.4 buff/cache     
MiB Swap:      0.0 total,      0.0 free,      0.0 used.   1480.0 avail Mem 

    PID USER      PR  NI    VIRT    RES    SHR S  %CPU  %MEM     TIME+ COMMAND
3854774 root      20   0 1753024  45324   6864 S   5.0   2.3   0:08.31 nodeser+

top - 11:14:54 up 11 days, 17:26,  0 user,  load average: 0.06, 0.06, 0.02
Tasks:   1 total,   0 running,   1 sleeping,   0 stopped,   0 zombie
%Cpu(s):  0.0 us,  0.0 sy,  0.0 ni,100.0 id,  0.0 wa,  0.0 hi,  0.0 si,  0.0 st 
MiB Mem :   1966.9 total,    637.4 free,    486.9 used,   1029.4 buff/cache     
MiB Swap:      0.0 total,      0.0 free,      0.0 used.   1480.0 avail Mem 

    PID USER      PR  NI    VIRT    RES    SHR S  %CPU  %MEM     TIME+ COMMAND
3854774 root      20   0 1753024  45324   6864 S   0.0   2.3   0:08.31 nodeser+

top - 11:14:54 up 11 days, 17:26,  0 user,  load average: 0.06, 0.06, 0.02
Tasks:   1 total,   0 running,   1 sleeping,   0 stopped,   0 zombie
%Cpu(s):  0.0 us,  2.4 sy,  0.0 ni, 95.1 id,  0.0 wa,  0.0 hi,  2.4 si,  0.0 st 
MiB Mem :   1966.9 total,    637.4 free,    486.9 used,   1029.4 buff/cache     
MiB Swap:      0.0 total,      0.0 free,      0.0 used.   1480.0 avail Mem 

    PID USER      PR  NI    VIRT    RES    SHR S  %CPU  %MEM     TIME+ COMMAND
3854774 root      20   0 1753024  45324   6864 S  10.0   2.3   0:08.33 nodeser+

top - 11:14:54 up 11 days, 17:26,  0 user,  load average: 0.06, 0.06, 0.02
Tasks:   1 total,   0 running,   1 sleeping,   0 stopped,   0 zombie
%Cpu(s):  0.0 us,  0.0 sy,  0.0 ni,100.0 id,  0.0 wa,  0.0 hi,  0.0 si,  0.0 st 
MiB Mem :   1966.9 total,    637.4 free,    486.9 used,   1029.4 buff/cache     
MiB Swap:      0.0 total,      0.0 free,      0.0 used.   1480.0 avail Mem 

    PID USER      PR  NI    VIRT    RES    SHR S  %CPU  %MEM     TIME+ COMMAND
3854774 root      20   0 1753024  45324   6864 S   0.0   2.3   0:08.33 nodeser+

top - 11:14:54 up 11 days, 17:26,  0 user,  load average: 0.06, 0.06, 0.02
Tasks:   1 total,   0 running,   1 sleeping,   0 stopped,   0 zombie
%Cpu(s):  0.0 us,  0.0 sy,  0.0 ni,100.0 id,  0.0 wa,  0.0 hi,  0.0 si,  0.0 st 
MiB Mem :   1966.9 total,    637.4 free,    486.9 used,   1029.4 buff/cache     
MiB Swap:      0.0 total,      0.0 free,      0.0 used.   1480.0 avail Mem 

    PID USER      PR  NI    VIRT    RES    SHR S  %CPU  %MEM     TIME+ COMMAND
3854774 root      20   0 1753024  45324   6864 S   0.0   2.3   0:08.33 nodeser+

top - 11:14:54 up 11 days, 17:26,  0 user,  load average: 0.06, 0.06, 0.02
Tasks:   1 total,   0 running,   1 sleeping,   0 stopped,   0 zombie
%Cpu(s):  0.0 us,  0.0 sy,  0.0 ni,100.0 id,  0.0 wa,  0.0 hi,  0.0 si,  0.0 st 
MiB Mem :   1966.9 total,    637.4 free,    486.9 used,   1029.4 buff/cache     
MiB Swap:      0.0 total,      0.0 free,      0.0 used.   1480.0 avail Mem 

    PID USER      PR  NI    VIRT    RES    SHR S  %CPU  %MEM     TIME+ COMMAND
3854774 root      20   0 1753024  45324   6864 S  10.0   2.3   0:08.35 nodeser+

top - 11:14:55 up 11 days, 17:26,  0 user,  load average: 0.06, 0.06, 0.02
Tasks:   1 total,   0 running,   1 sleeping,   0 stopped,   0 zombie
%Cpu(s):  0.0 us,  0.0 sy,  0.0 ni,100.0 id,  0.0 wa,  0.0 hi,  0.0 si,  0.0 st 
MiB Mem :   1966.9 total,    637.4 free,    486.9 used,   1029.4 buff/cache     
MiB Swap:      0.0 total,      0.0 free,      0.0 used.   1480.0 avail Mem 

    PID USER      PR  NI    VIRT    RES    SHR S  %CPU  %MEM     TIME+ COMMAND
3854774 root      20   0 1753024  45324   6864 S   0.0   2.3   0:08.35 nodeser+

top - 11:14:55 up 11 days, 17:26,  0 user,  load average: 0.06, 0.06, 0.02
Tasks:   1 total,   0 running,   1 sleeping,   0 stopped,   0 zombie
%Cpu(s):  0.0 us,  0.0 sy,  0.0 ni, 97.5 id,  0.0 wa,  0.0 hi,  2.5 si,  0.0 st 
MiB Mem :   1966.9 total,    637.4 free,    486.9 used,   1029.4 buff/cache     
MiB Swap:      0.0 total,      0.0 free,      0.0 used.   1480.0 avail Mem 

    PID USER      PR  NI    VIRT    RES    SHR S  %CPU  %MEM     TIME+ COMMAND
3854774 root      20   0 1753024  45324   6864 S   5.0   2.3   0:08.36 nodeser+

top - 11:14:55 up 11 days, 17:26,  0 user,  load average: 0.06, 0.06, 0.02
Tasks:   1 total,   0 running,   1 sleeping,   0 stopped,   0 zombie
%Cpu(s):  0.0 us,  0.0 sy,  0.0 ni,100.0 id,  0.0 wa,  0.0 hi,  0.0 si,  0.0 st 
MiB Mem :   1966.9 total,    637.4 free,    486.9 used,   1029.4 buff/cache     
MiB Swap:      0.0 total,      0.0 free,      0.0 used.   1480.0 avail Mem 

    PID USER      PR  NI    VIRT    RES    SHR S  %CPU  %MEM     TIME+ COMMAND
3854774 root      20   0 1753024  45324   6864 S   0.0   2.3   0:08.36 nodeser+

top - 11:14:55 up 11 days, 17:26,  0 user,  load average: 0.06, 0.06, 0.02
Tasks:   1 total,   0 running,   1 sleeping,   0 stopped,   0 zombie
%Cpu(s):  0.0 us,  0.0 sy,  0.0 ni,100.0 id,  0.0 wa,  0.0 hi,  0.0 si,  0.0 st 
MiB Mem :   1966.9 total,    637.4 free,    486.9 used,   1029.4 buff/cache     
MiB Swap:      0.0 total,      0.0 free,      0.0 used.   1480.0 avail Mem 

    PID USER      PR  NI    VIRT    RES    SHR S  %CPU  %MEM     TIME+ COMMAND
3854774 root      20   0 1753024  45324   6864 S   5.0   2.3   0:08.37 nodeser+

top - 11:14:55 up 11 days, 17:26,  0 user,  load average: 0.06, 0.06, 0.02
Tasks:   1 total,   0 running,   1 sleeping,   0 stopped,   0 zombie
%Cpu(s):  0.0 us,  0.0 sy,  0.0 ni, 97.5 id,  0.0 wa,  0.0 hi,  2.5 si,  0.0 st 
MiB Mem :   1966.9 total,    637.4 free,    486.9 used,   1029.4 buff/cache     
MiB Swap:      0.0 total,      0.0 free,      0.0 used.   1480.0 avail Mem 

    PID USER      PR  NI    VIRT    RES    SHR S  %CPU  %MEM     TIME+ COMMAND
3854774 root      20   0 1753024  45324   6864 S   5.0   2.3   0:08.38 nodeser+

top - 11:14:56 up 11 days, 17:26,  0 user,  load average: 0.06, 0.06, 0.02
Tasks:   1 total,   0 running,   1 sleeping,   0 stopped,   0 zombie
%Cpu(s):  2.5 us,  0.0 sy,  0.0 ni, 97.5 id,  0.0 wa,  0.0 hi,  0.0 si,  0.0 st 
MiB Mem :   1966.9 total,    637.4 free,    486.9 used,   1029.4 buff/cache     
MiB Swap:      0.0 total,      0.0 free,      0.0 used.   1480.0 avail Mem 

    PID USER      PR  NI    VIRT    RES    SHR S  %CPU  %MEM     TIME+ COMMAND
3854774 root      20   0 1753024  45324   6864 S   5.0   2.3   0:08.39 nodeser+

top - 11:14:56 up 11 days, 17:26,  0 user,  load average: 0.06, 0.06, 0.02
Tasks:   1 total,   0 running,   1 sleeping,   0 stopped,   0 zombie
%Cpu(s):  0.0 us,  2.5 sy,  0.0 ni, 97.5 id,  0.0 wa,  0.0 hi,  0.0 si,  0.0 st 
MiB Mem :   1966.9 total,    637.4 free,    486.9 used,   1029.4 buff/cache     
MiB Swap:      0.0 total,      0.0 free,      0.0 used.   1480.0 avail Mem 

    PID USER      PR  NI    VIRT    RES    SHR S  %CPU  %MEM     TIME+ COMMAND
3854774 root      20   0 1753024  45324   6864 S   0.0   2.3   0:08.39 nodeser+

top - 11:14:56 up 11 days, 17:26,  0 user,  load average: 0.06, 0.06, 0.02
Tasks:   1 total,   0 running,   1 sleeping,   0 stopped,   0 zombie
%Cpu(s):  0.0 us,  0.0 sy,  0.0 ni, 97.5 id,  0.0 wa,  0.0 hi,  2.5 si,  0.0 st 
MiB Mem :   1966.9 total,    637.4 free,    486.9 used,   1029.4 buff/cache     
MiB Swap:      0.0 total,      0.0 free,      0.0 used.   1480.0 avail Mem 

    PID USER      PR  NI    VIRT    RES    SHR S  %CPU  %MEM     TIME+ COMMAND
3854774 root      20   0 1753024  45324   6864 S   5.0   2.3   0:08.40 nodeser+

top - 11:14:56 up 11 days, 17:26,  0 user,  load average: 0.06, 0.06, 0.02
Tasks:   1 total,   0 running,   1 sleeping,   0 stopped,   0 zombie
%Cpu(s):  0.0 us,  0.0 sy,  0.0 ni,100.0 id,  0.0 wa,  0.0 hi,  0.0 si,  0.0 st 
MiB Mem :   1966.9 total,    637.4 free,    486.9 used,   1029.4 buff/cache     
MiB Swap:      0.0 total,      0.0 free,      0.0 used.   1480.0 avail Mem 

    PID USER      PR  NI    VIRT    RES    SHR S  %CPU  %MEM     TIME+ COMMAND
3854774 root      20   0 1753024  45324   6864 S   5.0   2.3   0:08.41 nodeser+

top - 11:14:56 up 11 days, 17:26,  0 user,  load average: 0.06, 0.06, 0.02
Tasks:   1 total,   0 running,   1 sleeping,   0 stopped,   0 zombie
%Cpu(s):  0.0 us,  5.0 sy,  0.0 ni, 95.0 id,  0.0 wa,  0.0 hi,  0.0 si,  0.0 st 
MiB Mem :   1966.9 total,    637.4 free,    486.9 used,   1029.4 buff/cache     
MiB Swap:      0.0 total,      0.0 free,      0.0 used.   1480.0 avail Mem 

    PID USER      PR  NI    VIRT    RES    SHR S  %CPU  %MEM     TIME+ COMMAND
3854774 root      20   0 1753024  45324   6864 S   5.0   2.3   0:08.42 nodeser+

top - 11:14:57 up 11 days, 17:26,  0 user,  load average: 0.06, 0.06, 0.02
Tasks:   1 total,   0 running,   1 sleeping,   0 stopped,   0 zombie
%Cpu(s):  2.6 us,  0.0 sy,  0.0 ni, 97.4 id,  0.0 wa,  0.0 hi,  0.0 si,  0.0 st 
MiB Mem :   1966.9 total,    637.4 free,    486.9 used,   1029.4 buff/cache     
MiB Swap:      0.0 total,      0.0 free,      0.0 used.   1480.0 avail Mem 

    PID USER      PR  NI    VIRT    RES    SHR S  %CPU  %MEM     TIME+ COMMAND
3854774 root      20   0 1753024  47372   6864 S   5.0   2.4   0:08.43 nodeser+

top - 11:14:57 up 11 days, 17:26,  0 user,  load average: 0.06, 0.06, 0.02
Tasks:   1 total,   0 running,   1 sleeping,   0 stopped,   0 zombie
%Cpu(s):  0.0 us,  0.0 sy,  0.0 ni,100.0 id,  0.0 wa,  0.0 hi,  0.0 si,  0.0 st 
MiB Mem :   1966.9 total,    637.4 free,    486.9 used,   1029.4 buff/cache     
MiB Swap:      0.0 total,      0.0 free,      0.0 used.   1480.0 avail Mem 

    PID USER      PR  NI    VIRT    RES    SHR S  %CPU  %MEM     TIME+ COMMAND
3854774 root      20   0 1753024  47372   6864 S   5.0   2.4   0:08.44 nodeser+

top - 11:14:57 up 11 days, 17:26,  0 user,  load average: 0.06, 0.06, 0.02
Tasks:   1 total,   0 running,   1 sleeping,   0 stopped,   0 zombie
%Cpu(s):  0.0 us,  0.0 sy,  0.0 ni,100.0 id,  0.0 wa,  0.0 hi,  0.0 si,  0.0 st 
MiB Mem :   1966.9 total,    637.4 free,    486.9 used,   1029.4 buff/cache     
MiB Swap:      0.0 total,      0.0 free,      0.0 used.   1480.0 avail Mem 

    PID USER      PR  NI    VIRT    RES    SHR S  %CPU  %MEM     TIME+ COMMAND
3854774 root      20   0 1753024  47372   6864 S   0.0   2.4   0:08.44 nodeser+

top - 11:14:57 up 11 days, 17:26,  0 user,  load average: 0.06, 0.06, 0.02
Tasks:   1 total,   0 running,   1 sleeping,   0 stopped,   0 zombie
%Cpu(s):  2.5 us,  0.0 sy,  0.0 ni, 97.5 id,  0.0 wa,  0.0 hi,  0.0 si,  0.0 st 
MiB Mem :   1966.9 total,    637.4 free,    486.9 used,   1029.4 buff/cache     
MiB Swap:      0.0 total,      0.0 free,      0.0 used.   1480.0 avail Mem 

    PID USER      PR  NI    VIRT    RES    SHR S  %CPU  %MEM     TIME+ COMMAND
3854774 root      20   0 1753024  47372   6864 S   0.0   2.4   0:08.44 nodeser+

top - 11:14:57 up 11 days, 17:26,  0 user,  load average: 0.06, 0.06, 0.02
Tasks:   1 total,   0 running,   1 sleeping,   0 stopped,   0 zombie
%Cpu(s):  0.0 us,  2.6 sy,  0.0 ni, 97.4 id,  0.0 wa,  0.0 hi,  0.0 si,  0.0 st 
MiB Mem :   1966.9 total,    637.4 free,    486.9 used,   1029.4 buff/cache     
MiB Swap:      0.0 total,      0.0 free,      0.0 used.   1480.0 avail Mem 

    PID USER      PR  NI    VIRT    RES    SHR S  %CPU  %MEM     TIME+ COMMAND
3854774 root      20   0 1753024  49420   6864 S  10.0   2.5   0:08.46 nodeser+

top - 11:14:58 up 11 days, 17:26,  0 user,  load average: 0.06, 0.06, 0.02
Tasks:   1 total,   0 running,   1 sleeping,   0 stopped,   0 zombie
%Cpu(s):  2.5 us,  0.0 sy,  0.0 ni, 97.5 id,  0.0 wa,  0.0 hi,  0.0 si,  0.0 st 
MiB Mem :   1966.9 total,    636.4 free,    487.9 used,   1029.4 buff/cache     
MiB Swap:      0.0 total,      0.0 free,      0.0 used.   1479.0 avail Mem 

    PID USER      PR  NI    VIRT    RES    SHR S  %CPU  %MEM     TIME+ COMMAND
3854774 root      20   0 1753024  49420   6864 S   5.0   2.5   0:08.47 nodeser+

top - 11:14:58 up 11 days, 17:26,  0 user,  load average: 0.06, 0.06, 0.02
Tasks:   1 total,   0 running,   1 sleeping,   0 stopped,   0 zombie
%Cpu(s):  0.0 us,  0.0 sy,  0.0 ni, 97.5 id,  0.0 wa,  0.0 hi,  2.5 si,  0.0 st 
MiB Mem :   1966.9 total,    636.4 free,    487.9 used,   1029.4 buff/cache     
MiB Swap:      0.0 total,      0.0 free,      0.0 used.   1479.0 avail Mem 

    PID USER      PR  NI    VIRT    RES    SHR S  %CPU  %MEM     TIME+ COMMAND
3854774 root      20   0 1753024  49420   6864 S   0.0   2.5   0:08.47 nodeser+

top - 11:14:58 up 11 days, 17:26,  0 user,  load average: 0.06, 0.06, 0.02
Tasks:   1 total,   0 running,   1 sleeping,   0 stopped,   0 zombie
%Cpu(s):  2.6 us,  0.0 sy,  0.0 ni, 97.4 id,  0.0 wa,  0.0 hi,  0.0 si,  0.0 st 
MiB Mem :   1966.9 total,    636.4 free,    487.9 used,   1029.4 buff/cache     
MiB Swap:      0.0 total,      0.0 free,      0.0 used.   1479.0 avail Mem 

    PID USER      PR  NI    VIRT    RES    SHR S  %CPU  %MEM     TIME+ COMMAND
3854774 root      20   0 1753024  49420   6864 S   5.0   2.5   0:08.48 nodeser+

top - 11:14:58 up 11 days, 17:26,  0 user,  load average: 0.06, 0.06, 0.02
Tasks:   1 total,   0 running,   1 sleeping,   0 stopped,   0 zombie
%Cpu(s):  0.0 us,  2.5 sy,  0.0 ni, 97.5 id,  0.0 wa,  0.0 hi,  0.0 si,  0.0 st 
MiB Mem :   1966.9 total,    636.4 free,    487.9 used,   1029.4 buff/cache     
MiB Swap:      0.0 total,      0.0 free,      0.0 used.   1479.0 avail Mem 

    PID USER      PR  NI    VIRT    RES    SHR S  %CPU  %MEM     TIME+ COMMAND
3854774 root      20   0 1753024  51672   6864 S   5.0   2.6   0:08.49 nodeser+

top - 11:14:58 up 11 days, 17:26,  0 user,  load average: 0.06, 0.06, 0.02
Tasks:   1 total,   0 running,   1 sleeping,   0 stopped,   0 zombie
%Cpu(s):  0.0 us,  0.0 sy,  0.0 ni,100.0 id,  0.0 wa,  0.0 hi,  0.0 si,  0.0 st 
MiB Mem :   1966.9 total,    636.4 free,    487.9 used,   1029.4 buff/cache     
MiB Swap:      0.0 total,      0.0 free,      0.0 used.   1479.0 avail Mem 

    PID USER      PR  NI    VIRT    RES    SHR S  %CPU  %MEM     TIME+ COMMAND
3854774 root      20   0 1753024  51672   6864 S   5.0   2.6   0:08.50 nodeser+

top - 11:14:59 up 11 days, 17:26,  0 user,  load average: 0.06, 0.06, 0.02
Tasks:   1 total,   0 running,   1 sleeping,   0 stopped,   0 zombie
%Cpu(s):  2.4 us,  2.4 sy,  0.0 ni, 95.1 id,  0.0 wa,  0.0 hi,  0.0 si,  0.0 st 
MiB Mem :   1966.9 total,    636.4 free,    487.9 used,   1029.4 buff/cache     
MiB Swap:      0.0 total,      0.0 free,      0.0 used.   1479.0 avail Mem 

    PID USER      PR  NI    VIRT    RES    SHR S  %CPU  %MEM     TIME+ COMMAND
3854774 root      20   0 1753024  51672   6864 S   5.0   2.6   0:08.51 nodeser+

top - 11:14:59 up 11 days, 17:26,  0 user,  load average: 0.06, 0.06, 0.02
Tasks:   1 total,   0 running,   1 sleeping,   0 stopped,   0 zombie
%Cpu(s):  0.0 us,  0.0 sy,  0.0 ni, 97.5 id,  0.0 wa,  0.0 hi,  2.5 si,  0.0 st 
MiB Mem :   1966.9 total,    636.4 free,    487.9 used,   1029.4 buff/cache     
MiB Swap:      0.0 total,      0.0 free,      0.0 used.   1479.0 avail Mem 

    PID USER      PR  NI    VIRT    RES    SHR S  %CPU  %MEM     TIME+ COMMAND
3854774 root      20   0 1753024  51672   6864 S   5.0   2.6   0:08.52 nodeser+

top - 11:14:59 up 11 days, 17:26,  0 user,  load average: 0.06, 0.06, 0.02
Tasks:   1 total,   0 running,   1 sleeping,   0 stopped,   0 zombie
%Cpu(s):  0.0 us,  0.0 sy,  0.0 ni,100.0 id,  0.0 wa,  0.0 hi,  0.0 si,  0.0 st 
MiB Mem :   1966.9 total,    636.4 free,    487.9 used,   1029.4 buff/cache     
MiB Swap:      0.0 total,      0.0 free,      0.0 used.   1479.0 avail Mem 

    PID USER      PR  NI    VIRT    RES    SHR S  %CPU  %MEM     TIME+ COMMAND
3854774 root      20   0 1753024  51672   6864 S   5.0   2.6   0:08.53 nodeser+

top - 11:14:59 up 11 days, 17:26,  0 user,  load average: 0.06, 0.06, 0.02
Tasks:   1 total,   0 running,   1 sleeping,   0 stopped,   0 zombie
%Cpu(s):  0.0 us,  0.0 sy,  0.0 ni,100.0 id,  0.0 wa,  0.0 hi,  0.0 si,  0.0 st 
MiB Mem :   1966.9 total,    636.4 free,    487.9 used,   1029.4 buff/cache     
MiB Swap:      0.0 total,      0.0 free,      0.0 used.   1479.0 avail Mem 

    PID USER      PR  NI    VIRT    RES    SHR S  %CPU  %MEM     TIME+ COMMAND
3854774 root      20   0 1753024  51672   6864 S   0.0   2.6   0:08.53 nodeser+

top - 11:14:59 up 11 days, 17:26,  0 user,  load average: 0.06, 0.06, 0.02
Tasks:   1 total,   0 running,   1 sleeping,   0 stopped,   0 zombie
%Cpu(s):  2.4 us,  2.4 sy,  0.0 ni, 95.1 id,  0.0 wa,  0.0 hi,  0.0 si,  0.0 st 
MiB Mem :   1966.9 total,    636.4 free,    487.9 used,   1029.4 buff/cache     
MiB Swap:      0.0 total,      0.0 free,      0.0 used.   1479.0 avail Mem 

    PID USER      PR  NI    VIRT    RES    SHR S  %CPU  %MEM     TIME+ COMMAND
3854774 root      20   0 1753024  51672   6864 S   5.0   2.6   0:08.54 nodeser+

top - 11:15:00 up 11 days, 17:26,  0 user,  load average: 0.06, 0.06, 0.02
Tasks:   1 total,   0 running,   1 sleeping,   0 stopped,   0 zombie
%Cpu(s):  2.5 us,  2.5 sy,  0.0 ni, 95.0 id,  0.0 wa,  0.0 hi,  0.0 si,  0.0 st 
MiB Mem :   1966.9 total,    636.4 free,    487.9 used,   1029.4 buff/cache     
MiB Swap:      0.0 total,      0.0 free,      0.0 used.   1479.0 avail Mem 

    PID USER      PR  NI    VIRT    RES    SHR S  %CPU  %MEM     TIME+ COMMAND
3854774 root      20   0 1753024  51672   6864 S  10.0   2.6   0:08.56 nodeser+

top - 11:15:00 up 11 days, 17:26,  0 user,  load average: 0.06, 0.06, 0.02
Tasks:   1 total,   0 running,   1 sleeping,   0 stopped,   0 zombie
%Cpu(s):  0.0 us,  0.0 sy,  0.0 ni, 97.5 id,  0.0 wa,  0.0 hi,  2.5 si,  0.0 st 
MiB Mem :   1966.9 total,    636.4 free,    487.9 used,   1029.4 buff/cache     
MiB Swap:      0.0 total,      0.0 free,      0.0 used.   1479.0 avail Mem 

    PID USER      PR  NI    VIRT    RES    SHR S  %CPU  %MEM     TIME+ COMMAND
3854774 root      20   0 1753024  51672   6864 S   0.0   2.6   0:08.56 nodeser+

top - 11:15:00 up 11 days, 17:26,  0 user,  load average: 0.06, 0.06, 0.02
Tasks:   1 total,   0 running,   1 sleeping,   0 stopped,   0 zombie
%Cpu(s):  0.0 us,  0.0 sy,  0.0 ni, 97.5 id,  0.0 wa,  0.0 hi,  2.5 si,  0.0 st 
MiB Mem :   1966.9 total,    636.4 free,    487.9 used,   1029.4 buff/cache     
MiB Swap:      0.0 total,      0.0 free,      0.0 used.   1479.0 avail Mem 

    PID USER      PR  NI    VIRT    RES    SHR S  %CPU  %MEM     TIME+ COMMAND
3854774 root      20   0 1753024  51672   6864 S   5.0   2.6   0:08.57 nodeser+

top - 11:15:00 up 11 days, 17:26,  0 user,  load average: 0.06, 0.06, 0.02
Tasks:   1 total,   0 running,   1 sleeping,   0 stopped,   0 zombie
%Cpu(s):  0.0 us,  2.5 sy,  0.0 ni, 97.5 id,  0.0 wa,  0.0 hi,  0.0 si,  0.0 st 
MiB Mem :   1966.9 total,    636.4 free,    487.9 used,   1029.4 buff/cache     
MiB Swap:      0.0 total,      0.0 free,      0.0 used.   1479.0 avail Mem 

    PID USER      PR  NI    VIRT    RES    SHR S  %CPU  %MEM     TIME+ COMMAND
3854774 root      20   0 1753024  51672   6864 S   5.0   2.6   0:08.58 nodeser+

top - 11:15:00 up 11 days, 17:26,  0 user,  load average: 0.06, 0.06, 0.02
Tasks:   1 total,   0 running,   1 sleeping,   0 stopped,   0 zombie
%Cpu(s):  2.6 us,  2.6 sy,  0.0 ni, 89.7 id,  5.1 wa,  0.0 hi,  0.0 si,  0.0 st 
MiB Mem :   1966.9 total,    636.4 free,    487.9 used,   1029.4 buff/cache     
MiB Swap:      0.0 total,      0.0 free,      0.0 used.   1479.0 avail Mem 

    PID USER      PR  NI    VIRT    RES    SHR S  %CPU  %MEM     TIME+ COMMAND
3854774 root      20   0 1753024  51672   6864 S   0.0   2.6   0:08.58 nodeser+

top - 11:15:01 up 11 days, 17:26,  0 user,  load average: 0.06, 0.06, 0.02
Tasks:   1 total,   0 running,   1 sleeping,   0 stopped,   0 zombie
%Cpu(s):  0.0 us,  2.5 sy,  0.0 ni, 97.5 id,  0.0 wa,  0.0 hi,  0.0 si,  0.0 st 
MiB Mem :   1966.9 total,    632.4 free,    491.9 used,   1029.4 buff/cache     
MiB Swap:      0.0 total,      0.0 free,      0.0 used.   1475.1 avail Mem 

    PID USER      PR  NI    VIRT    RES    SHR S  %CPU  %MEM     TIME+ COMMAND
3854774 root      20   0 1753024  51672   6864 S   5.0   2.6   0:08.59 nodeser+

top - 11:15:01 up 11 days, 17:26,  0 user,  load average: 0.05, 0.06, 0.02
Tasks:   1 total,   0 running,   1 sleeping,   0 stopped,   0 zombie
%Cpu(s):  4.9 us,  0.0 sy,  0.0 ni, 95.1 id,  0.0 wa,  0.0 hi,  0.0 si,  0.0 st 
MiB Mem :   1966.9 total,    632.4 free,    491.9 used,   1029.4 buff/cache     
MiB Swap:      0.0 total,      0.0 free,      0.0 used.   1475.1 avail Mem 

    PID USER      PR  NI    VIRT    RES    SHR S  %CPU  %MEM     TIME+ COMMAND
3854774 root      20   0 1753024  51672   6864 S   5.0   2.6   0:08.60 nodeser+

top - 11:15:01 up 11 days, 17:26,  0 user,  load average: 0.05, 0.06, 0.02
Tasks:   1 total,   0 running,   1 sleeping,   0 stopped,   0 zombie
%Cpu(s):  5.1 us,  2.6 sy,  0.0 ni, 92.3 id,  0.0 wa,  0.0 hi,  0.0 si,  0.0 st 
MiB Mem :   1966.9 total,    632.4 free,    491.9 used,   1029.4 buff/cache     
MiB Swap:      0.0 total,      0.0 free,      0.0 used.   1475.1 avail Mem 

    PID USER      PR  NI    VIRT    RES    SHR S  %CPU  %MEM     TIME+ COMMAND
3854774 root      20   0 1753024  51672   6864 S   5.0   2.6   0:08.61 nodeser+

top - 11:15:01 up 11 days, 17:26,  0 user,  load average: 0.05, 0.06, 0.02
Tasks:   1 total,   0 running,   1 sleeping,   0 stopped,   0 zombie
%Cpu(s):  0.0 us,  0.0 sy,  0.0 ni, 97.5 id,  0.0 wa,  0.0 hi,  2.5 si,  0.0 st 
MiB Mem :   1966.9 total,    632.4 free,    491.9 used,   1029.4 buff/cache     
MiB Swap:      0.0 total,      0.0 free,      0.0 used.   1475.1 avail Mem 

    PID USER      PR  NI    VIRT    RES    SHR S  %CPU  %MEM     TIME+ COMMAND
3854774 root      20   0 1753024  51672   6864 S   4.8   2.6   0:08.62 nodeser+

top - 11:15:01 up 11 days, 17:26,  0 user,  load average: 0.05, 0.06, 0.02
Tasks:   1 total,   0 running,   1 sleeping,   0 stopped,   0 zombie
%Cpu(s):  5.0 us,  2.5 sy,  0.0 ni, 92.5 id,  0.0 wa,  0.0 hi,  0.0 si,  0.0 st 
MiB Mem :   1966.9 total,    632.4 free,    491.9 used,   1029.4 buff/cache     
MiB Swap:      0.0 total,      0.0 free,      0.0 used.   1475.1 avail Mem 

    PID USER      PR  NI    VIRT    RES    SHR S  %CPU  %MEM     TIME+ COMMAND
3854774 root      20   0 1753024  51672   6864 S   0.0   2.6   0:08.62 nodeser+

top - 11:15:02 up 11 days, 17:26,  0 user,  load average: 0.05, 0.06, 0.02
Tasks:   1 total,   0 running,   1 sleeping,   0 stopped,   0 zombie
%Cpu(s):  0.0 us,  0.0 sy,  0.0 ni,100.0 id,  0.0 wa,  0.0 hi,  0.0 si,  0.0 st 
MiB Mem :   1966.9 total,    632.4 free,    491.9 used,   1029.4 buff/cache     
MiB Swap:      0.0 total,      0.0 free,      0.0 used.   1475.1 avail Mem 

    PID USER      PR  NI    VIRT    RES    SHR S  %CPU  %MEM     TIME+ COMMAND
3854774 root      20   0 1753024  51672   6864 S   5.0   2.6   0:08.63 nodeser+

top - 11:15:02 up 11 days, 17:26,  0 user,  load average: 0.05, 0.06, 0.02
Tasks:   1 total,   0 running,   1 sleeping,   0 stopped,   0 zombie
%Cpu(s):  0.0 us,  0.0 sy,  0.0 ni,100.0 id,  0.0 wa,  0.0 hi,  0.0 si,  0.0 st 
MiB Mem :   1966.9 total,    632.4 free,    491.9 used,   1029.4 buff/cache     
MiB Swap:      0.0 total,      0.0 free,      0.0 used.   1475.1 avail Mem 

    PID USER      PR  NI    VIRT    RES    SHR S  %CPU  %MEM     TIME+ COMMAND
3854774 root      20   0 1753024  51672   6864 S   5.0   2.6   0:08.64 nodeser+

top - 11:15:02 up 11 days, 17:26,  0 user,  load average: 0.05, 0.06, 0.02
Tasks:   1 total,   0 running,   1 sleeping,   0 stopped,   0 zombie
%Cpu(s):  2.4 us,  0.0 sy,  0.0 ni, 95.1 id,  0.0 wa,  0.0 hi,  2.4 si,  0.0 st 
MiB Mem :   1966.9 total,    632.4 free,    491.9 used,   1029.4 buff/cache     
MiB Swap:      0.0 total,      0.0 free,      0.0 used.   1475.1 avail Mem 

    PID USER      PR  NI    VIRT    RES    SHR S  %CPU  %MEM     TIME+ COMMAND
3854774 root      20   0 1753024  51672   6864 S   0.0   2.6   0:08.64 nodeser+

top - 11:15:02 up 11 days, 17:26,  0 user,  load average: 0.05, 0.06, 0.02
Tasks:   1 total,   0 running,   1 sleeping,   0 stopped,   0 zombie
%Cpu(s):  0.0 us,  2.4 sy,  0.0 ni, 97.6 id,  0.0 wa,  0.0 hi,  0.0 si,  0.0 st 
MiB Mem :   1966.9 total,    632.4 free,    491.9 used,   1029.4 buff/cache     
MiB Swap:      0.0 total,      0.0 free,      0.0 used.   1475.1 avail Mem 

    PID USER      PR  NI    VIRT    RES    SHR S  %CPU  %MEM     TIME+ COMMAND
3854774 root      20   0 1753024  51672   6864 S   5.0   2.6   0:08.65 nodeser+

top - 11:15:02 up 11 days, 17:26,  0 user,  load average: 0.05, 0.06, 0.02
Tasks:   1 total,   0 running,   1 sleeping,   0 stopped,   0 zombie
%Cpu(s):  0.0 us,  2.6 sy,  0.0 ni, 97.4 id,  0.0 wa,  0.0 hi,  0.0 si,  0.0 st 
MiB Mem :   1966.9 total,    632.4 free,    491.9 used,   1029.4 buff/cache     
MiB Swap:      0.0 total,      0.0 free,      0.0 used.   1475.1 avail Mem 

    PID USER      PR  NI    VIRT    RES    SHR S  %CPU  %MEM     TIME+ COMMAND
3854774 root      20   0 1753024  51672   6864 S   0.0   2.6   0:08.65 nodeser+

top - 11:15:03 up 11 days, 17:26,  0 user,  load average: 0.05, 0.06, 0.02
Tasks:   1 total,   0 running,   1 sleeping,   0 stopped,   0 zombie
%Cpu(s):  0.0 us,  0.0 sy,  0.0 ni,100.0 id,  0.0 wa,  0.0 hi,  0.0 si,  0.0 st 
MiB Mem :   1966.9 total,    632.4 free,    491.9 used,   1029.4 buff/cache     
MiB Swap:      0.0 total,      0.0 free,      0.0 used.   1475.1 avail Mem 

    PID USER      PR  NI    VIRT    RES    SHR S  %CPU  %MEM     TIME+ COMMAND
3854774 root      20   0 1753024  51672   6864 S   5.0   2.6   0:08.66 nodeser+

top - 11:15:03 up 11 days, 17:26,  0 user,  load average: 0.05, 0.06, 0.02
Tasks:   1 total,   0 running,   1 sleeping,   0 stopped,   0 zombie
%Cpu(s):  2.4 us,  0.0 sy,  0.0 ni, 95.1 id,  0.0 wa,  0.0 hi,  2.4 si,  0.0 st 
MiB Mem :   1966.9 total,    632.4 free,    491.9 used,   1029.4 buff/cache     
MiB Swap:      0.0 total,      0.0 free,      0.0 used.   1475.1 avail Mem 

    PID USER      PR  NI    VIRT    RES    SHR S  %CPU  %MEM     TIME+ COMMAND
3854774 root      20   0 1753024  51672   6864 S   5.0   2.6   0:08.67 nodeser+

top - 11:15:03 up 11 days, 17:26,  0 user,  load average: 0.05, 0.06, 0.02
Tasks:   1 total,   0 running,   1 sleeping,   0 stopped,   0 zombie
%Cpu(s):  0.0 us,  0.0 sy,  0.0 ni,100.0 id,  0.0 wa,  0.0 hi,  0.0 si,  0.0 st 
MiB Mem :   1966.9 total,    632.4 free,    491.9 used,   1029.4 buff/cache     
MiB Swap:      0.0 total,      0.0 free,      0.0 used.   1475.1 avail Mem 

    PID USER      PR  NI    VIRT    RES    SHR S  %CPU  %MEM     TIME+ COMMAND
3854774 root      20   0 1753024  51672   6864 S   5.0   2.6   0:08.68 nodeser+

top - 11:15:03 up 11 days, 17:26,  0 user,  load average: 0.05, 0.06, 0.02
Tasks:   1 total,   0 running,   1 sleeping,   0 stopped,   0 zombie
%Cpu(s):  0.0 us,  0.0 sy,  0.0 ni,100.0 id,  0.0 wa,  0.0 hi,  0.0 si,  0.0 st 
MiB Mem :   1966.9 total,    632.4 free,    491.9 used,   1029.4 buff/cache     
MiB Swap:      0.0 total,      0.0 free,      0.0 used.   1475.1 avail Mem 

    PID USER      PR  NI    VIRT    RES    SHR S  %CPU  %MEM     TIME+ COMMAND
3854774 root      20   0 1753024  51672   6864 S   0.0   2.6   0:08.68 nodeser+

top - 11:15:03 up 11 days, 17:26,  0 user,  load average: 0.05, 0.06, 0.02
Tasks:   1 total,   0 running,   1 sleeping,   0 stopped,   0 zombie
%Cpu(s):  0.0 us,  0.0 sy,  0.0 ni,100.0 id,  0.0 wa,  0.0 hi,  0.0 si,  0.0 st 
MiB Mem :   1966.9 total,    632.4 free,    491.9 used,   1029.4 buff/cache     
MiB Swap:      0.0 total,      0.0 free,      0.0 used.   1475.1 avail Mem 

    PID USER      PR  NI    VIRT    RES    SHR S  %CPU  %MEM     TIME+ COMMAND
3854774 root      20   0 1753024  51672   6864 S   5.0   2.6   0:08.69 nodeser+

top - 11:15:04 up 11 days, 17:26,  0 user,  load average: 0.05, 0.06, 0.02
Tasks:   1 total,   0 running,   1 sleeping,   0 stopped,   0 zombie
%Cpu(s):  0.0 us,  0.0 sy,  0.0 ni,100.0 id,  0.0 wa,  0.0 hi,  0.0 si,  0.0 st 
MiB Mem :   1966.9 total,    632.4 free,    491.9 used,   1029.5 buff/cache     
MiB Swap:      0.0 total,      0.0 free,      0.0 used.   1475.1 avail Mem 

    PID USER      PR  NI    VIRT    RES    SHR S  %CPU  %MEM     TIME+ COMMAND
3854774 root      20   0 1753024  51672   6864 S   5.0   2.6   0:08.70 nodeser+

top - 11:15:04 up 11 days, 17:26,  0 user,  load average: 0.05, 0.06, 0.02
Tasks:   1 total,   0 running,   1 sleeping,   0 stopped,   0 zombie
%Cpu(s):  0.0 us,  0.0 sy,  0.0 ni,100.0 id,  0.0 wa,  0.0 hi,  0.0 si,  0.0 st 
MiB Mem :   1966.9 total,    632.4 free,    491.9 used,   1029.5 buff/cache     
MiB Swap:      0.0 total,      0.0 free,      0.0 used.   1475.1 avail Mem 

    PID USER      PR  NI    VIRT    RES    SHR S  %CPU  %MEM     TIME+ COMMAND
3854774 root      20   0 1753024  51672   6864 S   0.0   2.6   0:08.70 nodeser+

top - 11:15:04 up 11 days, 17:26,  0 user,  load average: 0.05, 0.06, 0.02
Tasks:   1 total,   0 running,   1 sleeping,   0 stopped,   0 zombie
%Cpu(s):  2.6 us,  0.0 sy,  0.0 ni, 97.4 id,  0.0 wa,  0.0 hi,  0.0 si,  0.0 st 
MiB Mem :   1966.9 total,    632.4 free,    491.9 used,   1029.5 buff/cache     
MiB Swap:      0.0 total,      0.0 free,      0.0 used.   1475.1 avail Mem 

    PID USER      PR  NI    VIRT    RES    SHR S  %CPU  %MEM     TIME+ COMMAND
3854774 root      20   0 1753024  51672   6864 S  10.0   2.6   0:08.72 nodeser+

top - 11:15:04 up 11 days, 17:26,  0 user,  load average: 0.05, 0.06, 0.02
Tasks:   1 total,   0 running,   1 sleeping,   0 stopped,   0 zombie
%Cpu(s):  0.0 us,  0.0 sy,  0.0 ni,100.0 id,  0.0 wa,  0.0 hi,  0.0 si,  0.0 st 
MiB Mem :   1966.9 total,    632.4 free,    491.9 used,   1029.5 buff/cache     
MiB Swap:      0.0 total,      0.0 free,      0.0 used.   1475.1 avail Mem 

    PID USER      PR  NI    VIRT    RES    SHR S  %CPU  %MEM     TIME+ COMMAND
3854774 root      20   0 1753024  51672   6864 S   0.0   2.6   0:08.72 nodeser+

top - 11:15:04 up 11 days, 17:26,  0 user,  load average: 0.05, 0.06, 0.02
Tasks:   1 total,   0 running,   1 sleeping,   0 stopped,   0 zombie
%Cpu(s):  2.4 us,  2.4 sy,  0.0 ni, 95.1 id,  0.0 wa,  0.0 hi,  0.0 si,  0.0 st 
MiB Mem :   1966.9 total,    632.4 free,    491.9 used,   1029.5 buff/cache     
MiB Swap:      0.0 total,      0.0 free,      0.0 used.   1475.1 avail Mem 

    PID USER      PR  NI    VIRT    RES    SHR S  %CPU  %MEM     TIME+ COMMAND
3854774 root      20   0 1753024  53720   6864 S   5.0   2.7   0:08.73 nodeser+

top - 11:15:05 up 11 days, 17:26,  0 user,  load average: 0.05, 0.06, 0.02
Tasks:   1 total,   0 running,   1 sleeping,   0 stopped,   0 zombie
%Cpu(s):  0.0 us,  2.4 sy,  0.0 ni, 95.1 id,  0.0 wa,  0.0 hi,  2.4 si,  0.0 st 
MiB Mem :   1966.9 total,    632.4 free,    491.9 used,   1029.5 buff/cache     
MiB Swap:      0.0 total,      0.0 free,      0.0 used.   1475.1 avail Mem 

    PID USER      PR  NI    VIRT    RES    SHR S  %CPU  %MEM     TIME+ COMMAND
3854774 root      20   0 1753024  53720   6864 S   5.0   2.7   0:08.74 nodeser+

top - 11:15:05 up 11 days, 17:26,  0 user,  load average: 0.05, 0.06, 0.02
Tasks:   1 total,   0 running,   1 sleeping,   0 stopped,   0 zombie
%Cpu(s):  0.0 us,  0.0 sy,  0.0 ni,100.0 id,  0.0 wa,  0.0 hi,  0.0 si,  0.0 st 
MiB Mem :   1966.9 total,    632.4 free,    491.9 used,   1029.5 buff/cache     
MiB Swap:      0.0 total,      0.0 free,      0.0 used.   1475.1 avail Mem 

    PID USER      PR  NI    VIRT    RES    SHR S  %CPU  %MEM     TIME+ COMMAND
3854774 root      20   0 1753024  53720   6864 S   0.0   2.7   0:08.74 nodeser+

top - 11:15:05 up 11 days, 17:26,  0 user,  load average: 0.05, 0.06, 0.02
Tasks:   1 total,   0 running,   1 sleeping,   0 stopped,   0 zombie
%Cpu(s):  0.0 us,  0.0 sy,  0.0 ni,100.0 id,  0.0 wa,  0.0 hi,  0.0 si,  0.0 st 
MiB Mem :   1966.9 total,    632.4 free,    491.9 used,   1029.5 buff/cache     
MiB Swap:      0.0 total,      0.0 free,      0.0 used.   1475.1 avail Mem 

    PID USER      PR  NI    VIRT    RES    SHR S  %CPU  %MEM     TIME+ COMMAND
3854774 root      20   0 1753024  53720   6864 S   5.0   2.7   0:08.75 nodeser+

top - 11:15:05 up 11 days, 17:26,  0 user,  load average: 0.05, 0.06, 0.02
Tasks:   1 total,   0 running,   1 sleeping,   0 stopped,   0 zombie
%Cpu(s):  0.0 us,  0.0 sy,  0.0 ni, 97.6 id,  0.0 wa,  0.0 hi,  2.4 si,  0.0 st 
MiB Mem :   1966.9 total,    632.4 free,    491.9 used,   1029.5 buff/cache     
MiB Swap:      0.0 total,      0.0 free,      0.0 used.   1475.1 avail Mem 

    PID USER      PR  NI    VIRT    RES    SHR S  %CPU  %MEM     TIME+ COMMAND
3854774 root      20   0 1753024  55768   6864 S   0.0   2.8   0:08.75 nodeser+

top - 11:15:05 up 11 days, 17:26,  0 user,  load average: 0.05, 0.06, 0.02
Tasks:   1 total,   0 running,   1 sleeping,   0 stopped,   0 zombie
%Cpu(s):  0.0 us,  0.0 sy,  0.0 ni,100.0 id,  0.0 wa,  0.0 hi,  0.0 si,  0.0 st 
MiB Mem :   1966.9 total,    632.4 free,    491.9 used,   1029.5 buff/cache     
MiB Swap:      0.0 total,      0.0 free,      0.0 used.   1475.1 avail Mem 

    PID USER      PR  NI    VIRT    RES    SHR S  %CPU  %MEM     TIME+ COMMAND
3854774 root      20   0 1753024  55768   6864 S   4.8   2.8   0:08.76 nodeser+

top - 11:15:06 up 11 days, 17:26,  0 user,  load average: 0.05, 0.06, 0.02
Tasks:   1 total,   0 running,   1 sleeping,   0 stopped,   0 zombie
%Cpu(s):  0.0 us,  0.0 sy,  0.0 ni,100.0 id,  0.0 wa,  0.0 hi,  0.0 si,  0.0 st 
MiB Mem :   1966.9 total,    632.4 free,    491.9 used,   1029.5 buff/cache     
MiB Swap:      0.0 total,      0.0 free,      0.0 used.   1475.1 avail Mem 

    PID USER      PR  NI    VIRT    RES    SHR S  %CPU  %MEM     TIME+ COMMAND
3854774 root      20   0 1753024  55768   6864 S   5.0   2.8   0:08.77 nodeser+

top - 11:15:06 up 11 days, 17:26,  0 user,  load average: 0.05, 0.06, 0.02
Tasks:   1 total,   0 running,   1 sleeping,   0 stopped,   0 zombie
%Cpu(s):  0.0 us,  2.5 sy,  0.0 ni, 97.5 id,  0.0 wa,  0.0 hi,  0.0 si,  0.0 st 
MiB Mem :   1966.9 total,    632.4 free,    491.9 used,   1029.5 buff/cache     
MiB Swap:      0.0 total,      0.0 free,      0.0 used.   1475.1 avail Mem 

    PID USER      PR  NI    VIRT    RES    SHR S  %CPU  %MEM     TIME+ COMMAND
3854774 root      20   0 1753024  55768   6864 S   5.0   2.8   0:08.78 nodeser+

top - 11:15:06 up 11 days, 17:26,  0 user,  load average: 0.05, 0.06, 0.02
Tasks:   1 total,   0 running,   1 sleeping,   0 stopped,   0 zombie
%Cpu(s):  0.0 us,  0.0 sy,  0.0 ni,100.0 id,  0.0 wa,  0.0 hi,  0.0 si,  0.0 st 
MiB Mem :   1966.9 total,    632.4 free,    491.9 used,   1029.5 buff/cache     
MiB Swap:      0.0 total,      0.0 free,      0.0 used.   1475.1 avail Mem 

    PID USER      PR  NI    VIRT    RES    SHR S  %CPU  %MEM     TIME+ COMMAND
3854774 root      20   0 1753024  55768   6864 S   5.0   2.8   0:08.79 nodeser+

top - 11:15:06 up 11 days, 17:26,  0 user,  load average: 0.05, 0.06, 0.02
Tasks:   1 total,   0 running,   1 sleeping,   0 stopped,   0 zombie
%Cpu(s):  0.0 us,  0.0 sy,  0.0 ni, 97.5 id,  0.0 wa,  0.0 hi,  2.5 si,  0.0 st 
MiB Mem :   1966.9 total,    632.4 free,    491.9 used,   1029.5 buff/cache     
MiB Swap:      0.0 total,      0.0 free,      0.0 used.   1475.1 avail Mem 

    PID USER      PR  NI    VIRT    RES    SHR S  %CPU  %MEM     TIME+ COMMAND
3854774 root      20   0 1753024  55768   6864 S   0.0   2.8   0:08.79 nodeser+

top - 11:15:06 up 11 days, 17:26,  0 user,  load average: 0.05, 0.06, 0.02
Tasks:   1 total,   0 running,   1 sleeping,   0 stopped,   0 zombie
%Cpu(s):  0.0 us,  2.6 sy,  0.0 ni, 97.4 id,  0.0 wa,  0.0 hi,  0.0 si,  0.0 st 
MiB Mem :   1966.9 total,    632.4 free,    491.9 used,   1029.5 buff/cache     
MiB Swap:      0.0 total,      0.0 free,      0.0 used.   1475.1 avail Mem 

    PID USER      PR  NI    VIRT    RES    SHR S  %CPU  %MEM     TIME+ COMMAND
3854774 root      20   0 1753024  55768   6864 S   5.0   2.8   0:08.80 nodeser+

top - 11:15:07 up 11 days, 17:26,  0 user,  load average: 0.05, 0.06, 0.02
Tasks:   1 total,   0 running,   1 sleeping,   0 stopped,   0 zombie
%Cpu(s):  2.6 us,  0.0 sy,  0.0 ni, 97.4 id,  0.0 wa,  0.0 hi,  0.0 si,  0.0 st 
MiB Mem :   1966.9 total,    627.7 free,    496.6 used,   1029.5 buff/cache     
MiB Swap:      0.0 total,      0.0 free,      0.0 used.   1470.4 avail Mem 

    PID USER      PR  NI    VIRT    RES    SHR S  %CPU  %MEM     TIME+ COMMAND
3854774 root      20   0 1753024  55768   6864 S   5.0   2.8   0:08.81 nodeser+

top - 11:15:07 up 11 days, 17:26,  0 user,  load average: 0.05, 0.06, 0.02
Tasks:   1 total,   0 running,   1 sleeping,   0 stopped,   0 zombie
%Cpu(s):  2.5 us,  0.0 sy,  0.0 ni, 97.5 id,  0.0 wa,  0.0 hi,  0.0 si,  0.0 st 
MiB Mem :   1966.9 total,    627.7 free,    496.6 used,   1029.5 buff/cache     
MiB Swap:      0.0 total,      0.0 free,      0.0 used.   1470.4 avail Mem 

    PID USER      PR  NI    VIRT    RES    SHR S  %CPU  %MEM     TIME+ COMMAND
3854774 root      20   0 1753024  55768   6864 S   5.0   2.8   0:08.82 nodeser+

top - 11:15:07 up 11 days, 17:26,  0 user,  load average: 0.05, 0.06, 0.02
Tasks:   1 total,   0 running,   1 sleeping,   0 stopped,   0 zombie
%Cpu(s):  0.0 us,  0.0 sy,  0.0 ni,100.0 id,  0.0 wa,  0.0 hi,  0.0 si,  0.0 st 
MiB Mem :   1966.9 total,    627.7 free,    496.6 used,   1029.5 buff/cache     
MiB Swap:      0.0 total,      0.0 free,      0.0 used.   1470.4 avail Mem 

    PID USER      PR  NI    VIRT    RES    SHR S  %CPU  %MEM     TIME+ COMMAND
3854774 root      20   0 1753024  55768   6864 S   0.0   2.8   0:08.82 nodeser+

top - 11:15:07 up 11 days, 17:26,  0 user,  load average: 0.05, 0.06, 0.02
Tasks:   1 total,   0 running,   1 sleeping,   0 stopped,   0 zombie
%Cpu(s):  0.0 us,  0.0 sy,  0.0 ni,100.0 id,  0.0 wa,  0.0 hi,  0.0 si,  0.0 st 
MiB Mem :   1966.9 total,    627.7 free,    496.6 used,   1029.5 buff/cache     
MiB Swap:      0.0 total,      0.0 free,      0.0 used.   1470.4 avail Mem 

    PID USER      PR  NI    VIRT    RES    SHR S  %CPU  %MEM     TIME+ COMMAND
3854774 root      20   0 1753024  55768   6864 S   0.0   2.8   0:08.82 nodeser+

top - 11:15:07 up 11 days, 17:26,  0 user,  load average: 0.05, 0.06, 0.02
Tasks:   1 total,   0 running,   1 sleeping,   0 stopped,   0 zombie
%Cpu(s):  0.0 us,  2.6 sy,  0.0 ni, 97.4 id,  0.0 wa,  0.0 hi,  0.0 si,  0.0 st 
MiB Mem :   1966.9 total,    627.7 free,    496.6 used,   1029.5 buff/cache     
MiB Swap:      0.0 total,      0.0 free,      0.0 used.   1470.4 avail Mem 

    PID USER      PR  NI    VIRT    RES    SHR S  %CPU  %MEM     TIME+ COMMAND
3854774 root      20   0 1753024  55768   6864 S   5.0   2.8   0:08.83 nodeser+

top - 11:15:08 up 11 days, 17:26,  0 user,  load average: 0.05, 0.06, 0.02
Tasks:   1 total,   0 running,   1 sleeping,   0 stopped,   0 zombie
%Cpu(s):  2.5 us,  0.0 sy,  0.0 ni, 97.5 id,  0.0 wa,  0.0 hi,  0.0 si,  0.0 st 
MiB Mem :   1966.9 total,    627.7 free,    496.6 used,   1029.5 buff/cache     
MiB Swap:      0.0 total,      0.0 free,      0.0 used.   1470.4 avail Mem 

    PID USER      PR  NI    VIRT    RES    SHR S  %CPU  %MEM     TIME+ COMMAND
3854774 root      20   0 1753024  55768   6864 S   0.0   2.8   0:08.83 nodeser+

top - 11:15:08 up 11 days, 17:26,  0 user,  load average: 0.05, 0.06, 0.02
Tasks:   1 total,   0 running,   1 sleeping,   0 stopped,   0 zombie
%Cpu(s):  0.0 us,  0.0 sy,  0.0 ni,100.0 id,  0.0 wa,  0.0 hi,  0.0 si,  0.0 st 
MiB Mem :   1966.9 total,    627.7 free,    496.6 used,   1029.5 buff/cache     
MiB Swap:      0.0 total,      0.0 free,      0.0 used.   1470.4 avail Mem 

    PID USER      PR  NI    VIRT    RES    SHR S  %CPU  %MEM     TIME+ COMMAND
3854774 root      20   0 1753024  55768   6864 S   5.0   2.8   0:08.84 nodeser+

top - 11:15:08 up 11 days, 17:26,  0 user,  load average: 0.05, 0.06, 0.02
Tasks:   1 total,   0 running,   1 sleeping,   0 stopped,   0 zombie
%Cpu(s):  0.0 us,  0.0 sy,  0.0 ni,100.0 id,  0.0 wa,  0.0 hi,  0.0 si,  0.0 st 
MiB Mem :   1966.9 total,    627.7 free,    496.6 used,   1029.5 buff/cache     
MiB Swap:      0.0 total,      0.0 free,      0.0 used.   1470.4 avail Mem 

    PID USER      PR  NI    VIRT    RES    SHR S  %CPU  %MEM     TIME+ COMMAND
3854774 root      20   0 1753024  55768   6864 S   0.0   2.8   0:08.84 nodeser+

top - 11:15:08 up 11 days, 17:26,  0 user,  load average: 0.05, 0.06, 0.02
Tasks:   1 total,   0 running,   1 sleeping,   0 stopped,   0 zombie
%Cpu(s):  0.0 us,  2.4 sy,  0.0 ni, 97.6 id,  0.0 wa,  0.0 hi,  0.0 si,  0.0 st 
MiB Mem :   1966.9 total,    627.7 free,    496.6 used,   1029.5 buff/cache     
MiB Swap:      0.0 total,      0.0 free,      0.0 used.   1470.4 avail Mem 

    PID USER      PR  NI    VIRT    RES    SHR S  %CPU  %MEM     TIME+ COMMAND
3854774 root      20   0 1753024  55768   6864 S   0.0   2.8   0:08.84 nodeser+

top - 11:15:08 up 11 days, 17:26,  0 user,  load average: 0.05, 0.06, 0.02
Tasks:   1 total,   0 running,   1 sleeping,   0 stopped,   0 zombie
%Cpu(s):  5.0 us,  0.0 sy,  0.0 ni, 95.0 id,  0.0 wa,  0.0 hi,  0.0 si,  0.0 st 
MiB Mem :   1966.9 total,    627.7 free,    496.6 used,   1029.5 buff/cache     
MiB Swap:      0.0 total,      0.0 free,      0.0 used.   1470.4 avail Mem 

    PID USER      PR  NI    VIRT    RES    SHR S  %CPU  %MEM     TIME+ COMMAND
3854774 root      20   0 1753024  55768   6864 S   0.0   2.8   0:08.84 nodeser+

top - 11:15:09 up 11 days, 17:26,  0 user,  load average: 0.05, 0.06, 0.02
Tasks:   1 total,   0 running,   1 sleeping,   0 stopped,   0 zombie
%Cpu(s):  0.0 us,  0.0 sy,  0.0 ni,100.0 id,  0.0 wa,  0.0 hi,  0.0 si,  0.0 st 
MiB Mem :   1966.9 total,    627.7 free,    496.6 used,   1029.5 buff/cache     
MiB Swap:      0.0 total,      0.0 free,      0.0 used.   1470.4 avail Mem 

    PID USER      PR  NI    VIRT    RES    SHR S  %CPU  %MEM     TIME+ COMMAND
3854774 root      20   0 1753024  55768   6864 S   0.0   2.8   0:08.84 nodeser+

top - 11:15:09 up 11 days, 17:26,  0 user,  load average: 0.05, 0.06, 0.02
Tasks:   1 total,   0 running,   1 sleeping,   0 stopped,   0 zombie
%Cpu(s):  0.0 us,  0.0 sy,  0.0 ni,100.0 id,  0.0 wa,  0.0 hi,  0.0 si,  0.0 st 
MiB Mem :   1966.9 total,    627.7 free,    496.6 used,   1029.5 buff/cache     
MiB Swap:      0.0 total,      0.0 free,      0.0 used.   1470.4 avail Mem 

    PID USER      PR  NI    VIRT    RES    SHR S  %CPU  %MEM     TIME+ COMMAND
3854774 root      20   0 1753024  55768   6864 S   0.0   2.8   0:08.84 nodeser+

top - 11:15:09 up 11 days, 17:26,  0 user,  load average: 0.05, 0.06, 0.02
Tasks:   1 total,   0 running,   1 sleeping,   0 stopped,   0 zombie
%Cpu(s):  0.0 us,  0.0 sy,  0.0 ni,100.0 id,  0.0 wa,  0.0 hi,  0.0 si,  0.0 st 
MiB Mem :   1966.9 total,    627.7 free,    496.6 used,   1029.5 buff/cache     
MiB Swap:      0.0 total,      0.0 free,      0.0 used.   1470.4 avail Mem 

    PID USER      PR  NI    VIRT    RES    SHR S  %CPU  %MEM     TIME+ COMMAND
3854774 root      20   0 1753024  55768   6864 S   0.0   2.8   0:08.84 nodeser+

top - 11:15:09 up 11 days, 17:26,  0 user,  load average: 0.05, 0.06, 0.02
Tasks:   1 total,   0 running,   1 sleeping,   0 stopped,   0 zombie
%Cpu(s):  0.0 us,  0.0 sy,  0.0 ni,100.0 id,  0.0 wa,  0.0 hi,  0.0 si,  0.0 st 
MiB Mem :   1966.9 total,    627.7 free,    496.6 used,   1029.5 buff/cache     
MiB Swap:      0.0 total,      0.0 free,      0.0 used.   1470.4 avail Mem 

    PID USER      PR  NI    VIRT    RES    SHR S  %CPU  %MEM     TIME+ COMMAND
3854774 root      20   0 1753024  55768   6864 S   0.0   2.8   0:08.84 nodeser+

top - 11:15:09 up 11 days, 17:26,  0 user,  load average: 0.05, 0.06, 0.02
Tasks:   1 total,   0 running,   1 sleeping,   0 stopped,   0 zombie
%Cpu(s):  2.5 us,  0.0 sy,  0.0 ni, 97.5 id,  0.0 wa,  0.0 hi,  0.0 si,  0.0 st 
MiB Mem :   1966.9 total,    627.7 free,    496.6 used,   1029.5 buff/cache     
MiB Swap:      0.0 total,      0.0 free,      0.0 used.   1470.4 avail Mem 

    PID USER      PR  NI    VIRT    RES    SHR S  %CPU  %MEM     TIME+ COMMAND
3854774 root      20   0 1753024  55768   6864 S   0.0   2.8   0:08.84 nodeser+

top - 11:15:10 up 11 days, 17:26,  0 user,  load average: 0.05, 0.06, 0.02
Tasks:   1 total,   0 running,   1 sleeping,   0 stopped,   0 zombie
%Cpu(s):  0.0 us,  0.0 sy,  0.0 ni, 97.6 id,  0.0 wa,  0.0 hi,  2.4 si,  0.0 st 
MiB Mem :   1966.9 total,    626.8 free,    497.5 used,   1029.5 buff/cache     
MiB Swap:      0.0 total,      0.0 free,      0.0 used.   1469.4 avail Mem 

    PID USER      PR  NI    VIRT    RES    SHR S  %CPU  %MEM     TIME+ COMMAND
3854774 root      20   0 1753024  55768   6864 S   0.0   2.8   0:08.84 nodeser+

top - 11:15:10 up 11 days, 17:26,  0 user,  load average: 0.05, 0.06, 0.02
Tasks:   1 total,   0 running,   1 sleeping,   0 stopped,   0 zombie
%Cpu(s):  0.0 us,  0.0 sy,  0.0 ni,100.0 id,  0.0 wa,  0.0 hi,  0.0 si,  0.0 st 
MiB Mem :   1966.9 total,    626.8 free,    497.5 used,   1029.5 buff/cache     
MiB Swap:      0.0 total,      0.0 free,      0.0 used.   1469.4 avail Mem 

    PID USER      PR  NI    VIRT    RES    SHR S  %CPU  %MEM     TIME+ COMMAND
3854774 root      20   0 1753024  55768   6864 S   0.0   2.8   0:08.84 nodeser+

top - 11:15:10 up 11 days, 17:26,  0 user,  load average: 0.05, 0.06, 0.02
Tasks:   1 total,   0 running,   1 sleeping,   0 stopped,   0 zombie
%Cpu(s):  0.0 us,  0.0 sy,  0.0 ni,100.0 id,  0.0 wa,  0.0 hi,  0.0 si,  0.0 st 
MiB Mem :   1966.9 total,    626.8 free,    497.5 used,   1029.5 buff/cache     
MiB Swap:      0.0 total,      0.0 free,      0.0 used.   1469.4 avail Mem 

    PID USER      PR  NI    VIRT    RES    SHR S  %CPU  %MEM     TIME+ COMMAND
3854774 root      20   0 1753024  55768   6864 S   0.0   2.8   0:08.84 nodeser+

top - 11:15:10 up 11 days, 17:26,  0 user,  load average: 0.05, 0.06, 0.02
Tasks:   1 total,   0 running,   1 sleeping,   0 stopped,   0 zombie
%Cpu(s):  0.0 us,  0.0 sy,  0.0 ni,100.0 id,  0.0 wa,  0.0 hi,  0.0 si,  0.0 st 
MiB Mem :   1966.9 total,    626.8 free,    497.5 used,   1029.5 buff/cache     
MiB Swap:      0.0 total,      0.0 free,      0.0 used.   1469.4 avail Mem 

    PID USER      PR  NI    VIRT    RES    SHR S  %CPU  %MEM     TIME+ COMMAND
3854774 root      20   0 1753024  55768   6864 S   5.0   2.8   0:08.85 nodeser+

top - 11:15:10 up 11 days, 17:26,  0 user,  load average: 0.05, 0.06, 0.02
Tasks:   1 total,   0 running,   1 sleeping,   0 stopped,   0 zombie
%Cpu(s):  0.0 us,  2.6 sy,  0.0 ni, 92.3 id,  5.1 wa,  0.0 hi,  0.0 si,  0.0 st 
MiB Mem :   1966.9 total,    626.8 free,    497.5 used,   1029.5 buff/cache     
MiB Swap:      0.0 total,      0.0 free,      0.0 used.   1469.4 avail Mem 

    PID USER      PR  NI    VIRT    RES    SHR S  %CPU  %MEM     TIME+ COMMAND
3854774 root      20   0 1753024  55768   6864 S   0.0   2.8   0:08.85 nodeser+

top - 11:15:11 up 11 days, 17:26,  0 user,  load average: 0.05, 0.06, 0.02
Tasks:   1 total,   0 running,   1 sleeping,   0 stopped,   0 zombie
%Cpu(s):  0.0 us,  0.0 sy,  0.0 ni,100.0 id,  0.0 wa,  0.0 hi,  0.0 si,  0.0 st 
MiB Mem :   1966.9 total,    626.8 free,    497.5 used,   1029.5 buff/cache     
MiB Swap:      0.0 total,      0.0 free,      0.0 used.   1469.4 avail Mem 

    PID USER      PR  NI    VIRT    RES    SHR S  %CPU  %MEM     TIME+ COMMAND
3854774 root      20   0 1753024  55768   6864 S   0.0   2.8   0:08.85 nodeser+

top - 11:15:11 up 11 days, 17:26,  0 user,  load average: 0.05, 0.06, 0.02
Tasks:   1 total,   0 running,   1 sleeping,   0 stopped,   0 zombie
%Cpu(s):  0.0 us,  2.4 sy,  0.0 ni, 97.6 id,  0.0 wa,  0.0 hi,  0.0 si,  0.0 st 
MiB Mem :   1966.9 total,    626.8 free,    497.5 used,   1029.5 buff/cache     
MiB Swap:      0.0 total,      0.0 free,      0.0 used.   1469.4 avail Mem 

    PID USER      PR  NI    VIRT    RES    SHR S  %CPU  %MEM     TIME+ COMMAND
3854774 root      20   0 1753024  55768   6864 S   0.0   2.8   0:08.85 nodeser+

top - 11:15:11 up 11 days, 17:26,  0 user,  load average: 0.05, 0.06, 0.02
Tasks:   1 total,   0 running,   1 sleeping,   0 stopped,   0 zombie
%Cpu(s):  0.0 us,  2.4 sy,  0.0 ni, 97.6 id,  0.0 wa,  0.0 hi,  0.0 si,  0.0 st 
MiB Mem :   1966.9 total,    626.8 free,    497.5 used,   1029.5 buff/cache     
MiB Swap:      0.0 total,      0.0 free,      0.0 used.   1469.4 avail Mem 

    PID USER      PR  NI    VIRT    RES    SHR S  %CPU  %MEM     TIME+ COMMAND
3854774 root      20   0 1753024  55768   6864 S   5.0   2.8   0:08.86 nodeser+

top - 11:15:11 up 11 days, 17:26,  0 user,  load average: 0.05, 0.06, 0.02
Tasks:   1 total,   0 running,   1 sleeping,   0 stopped,   0 zombie
%Cpu(s):  0.0 us,  0.0 sy,  0.0 ni,100.0 id,  0.0 wa,  0.0 hi,  0.0 si,  0.0 st 
MiB Mem :   1966.9 total,    626.8 free,    497.5 used,   1029.5 buff/cache     
MiB Swap:      0.0 total,      0.0 free,      0.0 used.   1469.4 avail Mem 

    PID USER      PR  NI    VIRT    RES    SHR S  %CPU  %MEM     TIME+ COMMAND
3854774 root      20   0 1753024  55768   6864 S   0.0   2.8   0:08.86 nodeser+

top - 11:15:11 up 11 days, 17:26,  0 user,  load average: 0.05, 0.06, 0.02
Tasks:   1 total,   0 running,   1 sleeping,   0 stopped,   0 zombie
%Cpu(s):  2.6 us,  0.0 sy,  0.0 ni, 97.4 id,  0.0 wa,  0.0 hi,  0.0 si,  0.0 st 
MiB Mem :   1966.9 total,    626.8 free,    497.5 used,   1029.5 buff/cache     
MiB Swap:      0.0 total,      0.0 free,      0.0 used.   1469.4 avail Mem 

    PID USER      PR  NI    VIRT    RES    SHR S  %CPU  %MEM     TIME+ COMMAND
3854774 root      20   0 1753024  55768   6864 S   0.0   2.8   0:08.86 nodeser+

top - 11:15:12 up 11 days, 17:26,  0 user,  load average: 0.05, 0.06, 0.02
Tasks:   1 total,   0 running,   1 sleeping,   0 stopped,   0 zombie
%Cpu(s):  0.0 us,  0.0 sy,  0.0 ni,100.0 id,  0.0 wa,  0.0 hi,  0.0 si,  0.0 st 
MiB Mem :   1966.9 total,    626.8 free,    497.5 used,   1029.5 buff/cache     
MiB Swap:      0.0 total,      0.0 free,      0.0 used.   1469.4 avail Mem 

    PID USER      PR  NI    VIRT    RES    SHR S  %CPU  %MEM     TIME+ COMMAND
3854774 root      20   0 1753024  55768   6864 S   0.0   2.8   0:08.86 nodeser+

top - 11:15:12 up 11 days, 17:26,  0 user,  load average: 0.05, 0.06, 0.02
Tasks:   1 total,   0 running,   1 sleeping,   0 stopped,   0 zombie
%Cpu(s):  0.0 us,  0.0 sy,  0.0 ni,100.0 id,  0.0 wa,  0.0 hi,  0.0 si,  0.0 st 
MiB Mem :   1966.9 total,    626.8 free,    497.5 used,   1029.5 buff/cache     
MiB Swap:      0.0 total,      0.0 free,      0.0 used.   1469.4 avail Mem 

    PID USER      PR  NI    VIRT    RES    SHR S  %CPU  %MEM     TIME+ COMMAND
3854774 root      20   0 1753024  55768   6864 S   0.0   2.8   0:08.86 nodeser+

top - 11:15:12 up 11 days, 17:26,  0 user,  load average: 0.05, 0.06, 0.02
Tasks:   1 total,   0 running,   1 sleeping,   0 stopped,   0 zombie
%Cpu(s):  0.0 us,  0.0 sy,  0.0 ni,100.0 id,  0.0 wa,  0.0 hi,  0.0 si,  0.0 st 
MiB Mem :   1966.9 total,    626.8 free,    497.5 used,   1029.5 buff/cache     
MiB Swap:      0.0 total,      0.0 free,      0.0 used.   1469.4 avail Mem 

    PID USER      PR  NI    VIRT    RES    SHR S  %CPU  %MEM     TIME+ COMMAND
3854774 root      20   0 1753024  55768   6864 S   0.0   2.8   0:08.86 nodeser+

top - 11:15:12 up 11 days, 17:26,  0 user,  load average: 0.05, 0.06, 0.02
Tasks:   1 total,   0 running,   1 sleeping,   0 stopped,   0 zombie
%Cpu(s):  0.0 us,  0.0 sy,  0.0 ni,100.0 id,  0.0 wa,  0.0 hi,  0.0 si,  0.0 st 
MiB Mem :   1966.9 total,    626.8 free,    497.5 used,   1029.5 buff/cache     
MiB Swap:      0.0 total,      0.0 free,      0.0 used.   1469.4 avail Mem 

    PID USER      PR  NI    VIRT    RES    SHR S  %CPU  %MEM     TIME+ COMMAND
3854774 root      20   0 1753024  55768   6864 S   0.0   2.8   0:08.86 nodeser+

top - 11:15:12 up 11 days, 17:26,  0 user,  load average: 0.05, 0.06, 0.02
Tasks:   1 total,   0 running,   1 sleeping,   0 stopped,   0 zombie
%Cpu(s):  2.5 us,  0.0 sy,  0.0 ni, 97.5 id,  0.0 wa,  0.0 hi,  0.0 si,  0.0 st 
MiB Mem :   1966.9 total,    626.8 free,    497.5 used,   1029.5 buff/cache     
MiB Swap:      0.0 total,      0.0 free,      0.0 used.   1469.4 avail Mem 

    PID USER      PR  NI    VIRT    RES    SHR S  %CPU  %MEM     TIME+ COMMAND
3854774 root      20   0 1753024  55768   6864 S   5.0   2.8   0:08.87 nodeser+

top - 11:15:13 up 11 days, 17:26,  0 user,  load average: 0.05, 0.06, 0.02
Tasks:   1 total,   0 running,   1 sleeping,   0 stopped,   0 zombie
%Cpu(s):  0.0 us,  0.0 sy,  0.0 ni,100.0 id,  0.0 wa,  0.0 hi,  0.0 si,  0.0 st 
MiB Mem :   1966.9 total,    626.8 free,    497.5 used,   1029.5 buff/cache     
MiB Swap:      0.0 total,      0.0 free,      0.0 used.   1469.4 avail Mem 

    PID USER      PR  NI    VIRT    RES    SHR S  %CPU  %MEM     TIME+ COMMAND
3854774 root      20   0 1753024  55768   6864 S   0.0   2.8   0:08.87 nodeser+

top - 11:15:13 up 11 days, 17:26,  0 user,  load average: 0.05, 0.06, 0.02
Tasks:   1 total,   0 running,   1 sleeping,   0 stopped,   0 zombie
%Cpu(s):  0.0 us,  0.0 sy,  0.0 ni,100.0 id,  0.0 wa,  0.0 hi,  0.0 si,  0.0 st 
MiB Mem :   1966.9 total,    626.8 free,    497.5 used,   1029.5 buff/cache     
MiB Swap:      0.0 total,      0.0 free,      0.0 used.   1469.4 avail Mem 

    PID USER      PR  NI    VIRT    RES    SHR S  %CPU  %MEM     TIME+ COMMAND
3854774 root      20   0 1753024  55768   6864 S   0.0   2.8   0:08.87 nodeser+

top - 11:15:13 up 11 days, 17:26,  0 user,  load average: 0.05, 0.06, 0.02
Tasks:   1 total,   0 running,   1 sleeping,   0 stopped,   0 zombie
%Cpu(s):  0.0 us,  2.5 sy,  0.0 ni, 97.5 id,  0.0 wa,  0.0 hi,  0.0 si,  0.0 st 
MiB Mem :   1966.9 total,    626.8 free,    497.5 used,   1029.5 buff/cache     
MiB Swap:      0.0 total,      0.0 free,      0.0 used.   1469.4 avail Mem 

    PID USER      PR  NI    VIRT    RES    SHR S  %CPU  %MEM     TIME+ COMMAND
3854774 root      20   0 1753024  55768   6864 S   0.0   2.8   0:08.87 nodeser+

top - 11:15:13 up 11 days, 17:26,  0 user,  load average: 0.05, 0.06, 0.02
Tasks:   1 total,   0 running,   1 sleeping,   0 stopped,   0 zombie
%Cpu(s):  0.0 us,  0.0 sy,  0.0 ni,100.0 id,  0.0 wa,  0.0 hi,  0.0 si,  0.0 st 
MiB Mem :   1966.9 total,    626.8 free,    497.5 used,   1029.5 buff/cache     
MiB Swap:      0.0 total,      0.0 free,      0.0 used.   1469.4 avail Mem 

    PID USER      PR  NI    VIRT    RES    SHR S  %CPU  %MEM     TIME+ COMMAND
3854774 root      20   0 1753024  55768   6864 S   0.0   2.8   0:08.87 nodeser+

top - 11:15:13 up 11 days, 17:26,  0 user,  load average: 0.05, 0.06, 0.02
Tasks:   1 total,   0 running,   1 sleeping,   0 stopped,   0 zombie
%Cpu(s):  0.0 us,  0.0 sy,  0.0 ni,100.0 id,  0.0 wa,  0.0 hi,  0.0 si,  0.0 st 
MiB Mem :   1966.9 total,    626.8 free,    497.5 used,   1029.5 buff/cache     
MiB Swap:      0.0 total,      0.0 free,      0.0 used.   1469.4 avail Mem 

    PID USER      PR  NI    VIRT    RES    SHR S  %CPU  %MEM     TIME+ COMMAND
3854774 root      20   0 1753024  55768   6864 S   0.0   2.8   0:08.87 nodeser+

top - 11:15:14 up 11 days, 17:26,  0 user,  load average: 0.05, 0.06, 0.02
Tasks:   1 total,   0 running,   1 sleeping,   0 stopped,   0 zombie
%Cpu(s):  2.5 us,  0.0 sy,  0.0 ni, 97.5 id,  0.0 wa,  0.0 hi,  0.0 si,  0.0 st 
MiB Mem :   1966.9 total,    626.8 free,    497.5 used,   1029.5 buff/cache     
MiB Swap:      0.0 total,      0.0 free,      0.0 used.   1469.4 avail Mem 

    PID USER      PR  NI    VIRT    RES    SHR S  %CPU  %MEM     TIME+ COMMAND
3854774 root      20   0 1753024  55768   6864 S   0.0   2.8   0:08.87 nodeser+

top - 11:15:14 up 11 days, 17:26,  0 user,  load average: 0.05, 0.06, 0.02
Tasks:   1 total,   0 running,   1 sleeping,   0 stopped,   0 zombie
%Cpu(s):  0.0 us,  0.0 sy,  0.0 ni,100.0 id,  0.0 wa,  0.0 hi,  0.0 si,  0.0 st 
MiB Mem :   1966.9 total,    626.8 free,    497.5 used,   1029.5 buff/cache     
MiB Swap:      0.0 total,      0.0 free,      0.0 used.   1469.4 avail Mem 

    PID USER      PR  NI    VIRT    RES    SHR S  %CPU  %MEM     TIME+ COMMAND
3854774 root      20   0 1753024  55768   6864 S   5.0   2.8   0:08.88 nodeser+

top - 11:15:14 up 11 days, 17:26,  0 user,  load average: 0.05, 0.06, 0.02
Tasks:   1 total,   0 running,   1 sleeping,   0 stopped,   0 zombie
%Cpu(s):  0.0 us,  0.0 sy,  0.0 ni,100.0 id,  0.0 wa,  0.0 hi,  0.0 si,  0.0 st 
MiB Mem :   1966.9 total,    626.8 free,    497.5 used,   1029.5 buff/cache     
MiB Swap:      0.0 total,      0.0 free,      0.0 used.   1469.4 avail Mem 

    PID USER      PR  NI    VIRT    RES    SHR S  %CPU  %MEM     TIME+ COMMAND
3854774 root      20   0 1753024  55768   6864 S   0.0   2.8   0:08.88 nodeser+

top - 11:15:14 up 11 days, 17:26,  0 user,  load average: 0.05, 0.06, 0.02
Tasks:   1 total,   0 running,   1 sleeping,   0 stopped,   0 zombie
%Cpu(s):  0.0 us,  0.0 sy,  0.0 ni,100.0 id,  0.0 wa,  0.0 hi,  0.0 si,  0.0 st 
MiB Mem :   1966.9 total,    626.8 free,    497.5 used,   1029.5 buff/cache     
MiB Swap:      0.0 total,      0.0 free,      0.0 used.   1469.4 avail Mem 

    PID USER      PR  NI    VIRT    RES    SHR S  %CPU  %MEM     TIME+ COMMAND
3854774 root      20   0 1753024  55768   6864 S   0.0   2.8   0:08.88 nodeser+

top - 11:15:14 up 11 days, 17:26,  0 user,  load average: 0.05, 0.06, 0.02
Tasks:   1 total,   0 running,   1 sleeping,   0 stopped,   0 zombie
%Cpu(s):  0.0 us,  0.0 sy,  0.0 ni,100.0 id,  0.0 wa,  0.0 hi,  0.0 si,  0.0 st 
MiB Mem :   1966.9 total,    626.8 free,    497.5 used,   1029.5 buff/cache     
MiB Swap:      0.0 total,      0.0 free,      0.0 used.   1469.4 avail Mem 

    PID USER      PR  NI    VIRT    RES    SHR S  %CPU  %MEM     TIME+ COMMAND
3854774 root      20   0 1753024  55768   6864 S   0.0   2.8   0:08.88 nodeser+

top - 11:15:15 up 11 days, 17:26,  0 user,  load average: 0.05, 0.06, 0.02
Tasks:   1 total,   0 running,   1 sleeping,   0 stopped,   0 zombie
%Cpu(s):  0.0 us,  2.4 sy,  0.0 ni, 97.6 id,  0.0 wa,  0.0 hi,  0.0 si,  0.0 st 
MiB Mem :   1966.9 total,    626.8 free,    497.5 used,   1029.5 buff/cache     
MiB Swap:      0.0 total,      0.0 free,      0.0 used.   1469.4 avail Mem 

    PID USER      PR  NI    VIRT    RES    SHR S  %CPU  %MEM     TIME+ COMMAND
3854774 root      20   0 1753024  55768   6864 S   0.0   2.8   0:08.88 nodeser+

top - 11:15:15 up 11 days, 17:26,  0 user,  load average: 0.05, 0.06, 0.02
Tasks:   1 total,   0 running,   1 sleeping,   0 stopped,   0 zombie
%Cpu(s):  0.0 us,  0.0 sy,  0.0 ni,100.0 id,  0.0 wa,  0.0 hi,  0.0 si,  0.0 st 
MiB Mem :   1966.9 total,    626.8 free,    497.5 used,   1029.5 buff/cache     
MiB Swap:      0.0 total,      0.0 free,      0.0 used.   1469.4 avail Mem 

    PID USER      PR  NI    VIRT    RES    SHR S  %CPU  %MEM     TIME+ COMMAND
3854774 root      20   0 1753024  55768   6864 S   0.0   2.8   0:08.88 nodeser+

top - 11:15:15 up 11 days, 17:26,  0 user,  load average: 0.05, 0.06, 0.02
Tasks:   1 total,   0 running,   1 sleeping,   0 stopped,   0 zombie
%Cpu(s):  0.0 us,  2.4 sy,  0.0 ni, 97.6 id,  0.0 wa,  0.0 hi,  0.0 si,  0.0 st 
MiB Mem :   1966.9 total,    626.8 free,    497.5 used,   1029.5 buff/cache     
MiB Swap:      0.0 total,      0.0 free,      0.0 used.   1469.4 avail Mem 

    PID USER      PR  NI    VIRT    RES    SHR S  %CPU  %MEM     TIME+ COMMAND
3854774 root      20   0 1753024  55768   6864 S   5.0   2.8   0:08.89 nodeser+

top - 11:15:15 up 11 days, 17:26,  0 user,  load average: 0.05, 0.06, 0.02
Tasks:   1 total,   0 running,   1 sleeping,   0 stopped,   0 zombie
%Cpu(s):  0.0 us,  0.0 sy,  0.0 ni,100.0 id,  0.0 wa,  0.0 hi,  0.0 si,  0.0 st 
MiB Mem :   1966.9 total,    626.8 free,    497.5 used,   1029.5 buff/cache     
MiB Swap:      0.0 total,      0.0 free,      0.0 used.   1469.4 avail Mem 

    PID USER      PR  NI    VIRT    RES    SHR S  %CPU  %MEM     TIME+ COMMAND
3854774 root      20   0 1753024  55768   6864 S   0.0   2.8   0:08.89 nodeser+

top - 11:15:15 up 11 days, 17:26,  0 user,  load average: 0.05, 0.06, 0.02
Tasks:   1 total,   0 running,   1 sleeping,   0 stopped,   0 zombie
%Cpu(s):  2.5 us,  0.0 sy,  0.0 ni, 97.5 id,  0.0 wa,  0.0 hi,  0.0 si,  0.0 st 
MiB Mem :   1966.9 total,    626.8 free,    497.5 used,   1029.5 buff/cache     
MiB Swap:      0.0 total,      0.0 free,      0.0 used.   1469.4 avail Mem 

    PID USER      PR  NI    VIRT    RES    SHR S  %CPU  %MEM     TIME+ COMMAND
3854774 root      20   0 1753024  55768   6864 S   0.0   2.8   0:08.89 nodeser+

top - 11:15:16 up 11 days, 17:26,  0 user,  load average: 0.05, 0.06, 0.02
Tasks:   1 total,   0 running,   1 sleeping,   0 stopped,   0 zombie
%Cpu(s):  0.0 us,  0.0 sy,  0.0 ni,100.0 id,  0.0 wa,  0.0 hi,  0.0 si,  0.0 st 
MiB Mem :   1966.9 total,    626.8 free,    497.5 used,   1029.5 buff/cache     
MiB Swap:      0.0 total,      0.0 free,      0.0 used.   1469.4 avail Mem 

    PID USER      PR  NI    VIRT    RES    SHR S  %CPU  %MEM     TIME+ COMMAND
3854774 root      20   0 1753024  55768   6864 S   0.0   2.8   0:08.89 nodeser+

top - 11:15:16 up 11 days, 17:26,  0 user,  load average: 0.04, 0.06, 0.02
Tasks:   1 total,   0 running,   1 sleeping,   0 stopped,   0 zombie
%Cpu(s):  0.0 us,  0.0 sy,  0.0 ni,100.0 id,  0.0 wa,  0.0 hi,  0.0 si,  0.0 st 
MiB Mem :   1966.9 total,    626.8 free,    497.5 used,   1029.5 buff/cache     
MiB Swap:      0.0 total,      0.0 free,      0.0 used.   1469.4 avail Mem 

    PID USER      PR  NI    VIRT    RES    SHR S  %CPU  %MEM     TIME+ COMMAND
3854774 root      20   0 1753024  55768   6864 S   0.0   2.8   0:08.89 nodeser+

top - 11:15:16 up 11 days, 17:26,  0 user,  load average: 0.04, 0.06, 0.02
Tasks:   1 total,   0 running,   1 sleeping,   0 stopped,   0 zombie
%Cpu(s):  0.0 us,  0.0 sy,  0.0 ni,100.0 id,  0.0 wa,  0.0 hi,  0.0 si,  0.0 st 
MiB Mem :   1966.9 total,    626.8 free,    497.5 used,   1029.5 buff/cache     
MiB Swap:      0.0 total,      0.0 free,      0.0 used.   1469.4 avail Mem 

    PID USER      PR  NI    VIRT    RES    SHR S  %CPU  %MEM     TIME+ COMMAND
3854774 root      20   0 1753024  55768   6864 S   0.0   2.8   0:08.89 nodeser+

top - 11:15:16 up 11 days, 17:26,  0 user,  load average: 0.04, 0.06, 0.02
Tasks:   1 total,   0 running,   1 sleeping,   0 stopped,   0 zombie
%Cpu(s):  2.4 us,  0.0 sy,  0.0 ni, 97.6 id,  0.0 wa,  0.0 hi,  0.0 si,  0.0 st 
MiB Mem :   1966.9 total,    626.8 free,    497.5 used,   1029.5 buff/cache     
MiB Swap:      0.0 total,      0.0 free,      0.0 used.   1469.4 avail Mem 

    PID USER      PR  NI    VIRT    RES    SHR S  %CPU  %MEM     TIME+ COMMAND
3854774 root      20   0 1753024  55768   6864 S   0.0   2.8   0:08.89 nodeser+

top - 11:15:16 up 11 days, 17:26,  0 user,  load average: 0.04, 0.06, 0.02
Tasks:   1 total,   0 running,   1 sleeping,   0 stopped,   0 zombie
%Cpu(s):  2.5 us,  2.5 sy,  0.0 ni, 90.0 id,  2.5 wa,  0.0 hi,  2.5 si,  0.0 st 
MiB Mem :   1966.9 total,    626.8 free,    497.5 used,   1029.5 buff/cache     
MiB Swap:      0.0 total,      0.0 free,      0.0 used.   1469.4 avail Mem 

    PID USER      PR  NI    VIRT    RES    SHR S  %CPU  %MEM     TIME+ COMMAND
3854774 root      20   0 1753024  55768   6864 S   5.0   2.8   0:08.90 nodeser+

top - 11:15:17 up 11 days, 17:26,  0 user,  load average: 0.04, 0.06, 0.02
Tasks:   1 total,   0 running,   1 sleeping,   0 stopped,   0 zombie
%Cpu(s):  0.0 us,  0.0 sy,  0.0 ni,100.0 id,  0.0 wa,  0.0 hi,  0.0 si,  0.0 st 
MiB Mem :   1966.9 total,    626.8 free,    497.5 used,   1029.5 buff/cache     
MiB Swap:      0.0 total,      0.0 free,      0.0 used.   1469.4 avail Mem 

    PID USER      PR  NI    VIRT    RES    SHR S  %CPU  %MEM     TIME+ COMMAND
3854774 root      20   0 1753024  55768   6864 S   0.0   2.8   0:08.90 nodeser+

top - 11:15:17 up 11 days, 17:26,  0 user,  load average: 0.04, 0.06, 0.02
Tasks:   1 total,   0 running,   1 sleeping,   0 stopped,   0 zombie
%Cpu(s):  0.0 us,  0.0 sy,  0.0 ni,100.0 id,  0.0 wa,  0.0 hi,  0.0 si,  0.0 st 
MiB Mem :   1966.9 total,    626.8 free,    497.5 used,   1029.5 buff/cache     
MiB Swap:      0.0 total,      0.0 free,      0.0 used.   1469.4 avail Mem 

    PID USER      PR  NI    VIRT    RES    SHR S  %CPU  %MEM     TIME+ COMMAND
3854774 root      20   0 1753024  55768   6864 S   0.0   2.8   0:08.90 nodeser+

top - 11:15:17 up 11 days, 17:26,  0 user,  load average: 0.04, 0.06, 0.02
Tasks:   1 total,   0 running,   1 sleeping,   0 stopped,   0 zombie
%Cpu(s):  0.0 us,  0.0 sy,  0.0 ni,100.0 id,  0.0 wa,  0.0 hi,  0.0 si,  0.0 st 
MiB Mem :   1966.9 total,    626.8 free,    497.5 used,   1029.5 buff/cache     
MiB Swap:      0.0 total,      0.0 free,      0.0 used.   1469.4 avail Mem 

    PID USER      PR  NI    VIRT    RES    SHR S  %CPU  %MEM     TIME+ COMMAND
3854774 root      20   0 1753024  55768   6864 S   0.0   2.8   0:08.90 nodeser+

top - 11:15:17 up 11 days, 17:26,  0 user,  load average: 0.04, 0.06, 0.02
Tasks:   1 total,   0 running,   1 sleeping,   0 stopped,   0 zombie
%Cpu(s):  0.0 us,  0.0 sy,  0.0 ni,100.0 id,  0.0 wa,  0.0 hi,  0.0 si,  0.0 st 
MiB Mem :   1966.9 total,    626.8 free,    497.5 used,   1029.5 buff/cache     
MiB Swap:      0.0 total,      0.0 free,      0.0 used.   1469.4 avail Mem 

    PID USER      PR  NI    VIRT    RES    SHR S  %CPU  %MEM     TIME+ COMMAND
3854774 root      20   0 1753024  55768   6864 S   0.0   2.8   0:08.90 nodeser+

top - 11:15:17 up 11 days, 17:26,  0 user,  load average: 0.04, 0.06, 0.02
Tasks:   1 total,   0 running,   1 sleeping,   0 stopped,   0 zombie
%Cpu(s):  0.0 us,  5.1 sy,  0.0 ni, 94.9 id,  0.0 wa,  0.0 hi,  0.0 si,  0.0 st 
MiB Mem :   1966.9 total,    626.8 free,    497.5 used,   1029.5 buff/cache     
MiB Swap:      0.0 total,      0.0 free,      0.0 used.   1469.4 avail Mem 

    PID USER      PR  NI    VIRT    RES    SHR S  %CPU  %MEM     TIME+ COMMAND
3854774 root      20   0 1753024  55768   6864 S   5.0   2.8   0:08.91 nodeser+

top - 11:15:18 up 11 days, 17:26,  0 user,  load average: 0.04, 0.06, 0.02
Tasks:   1 total,   0 running,   1 sleeping,   0 stopped,   0 zombie
%Cpu(s):  0.0 us,  0.0 sy,  0.0 ni,100.0 id,  0.0 wa,  0.0 hi,  0.0 si,  0.0 st 
MiB Mem :   1966.9 total,    626.8 free,    497.5 used,   1029.5 buff/cache     
MiB Swap:      0.0 total,      0.0 free,      0.0 used.   1469.4 avail Mem 

    PID USER      PR  NI    VIRT    RES    SHR S  %CPU  %MEM     TIME+ COMMAND
3854774 root      20   0 1753024  55768   6864 S   0.0   2.8   0:08.91 nodeser+

top - 11:15:18 up 11 days, 17:26,  0 user,  load average: 0.04, 0.06, 0.02
Tasks:   1 total,   0 running,   1 sleeping,   0 stopped,   0 zombie
%Cpu(s):  0.0 us,  0.0 sy,  0.0 ni,100.0 id,  0.0 wa,  0.0 hi,  0.0 si,  0.0 st 
MiB Mem :   1966.9 total,    626.8 free,    497.5 used,   1029.5 buff/cache     
MiB Swap:      0.0 total,      0.0 free,      0.0 used.   1469.4 avail Mem 

    PID USER      PR  NI    VIRT    RES    SHR S  %CPU  %MEM     TIME+ COMMAND
3854774 root      20   0 1753024  55768   6864 S   0.0   2.8   0:08.91 nodeser+

top - 11:15:18 up 11 days, 17:26,  0 user,  load average: 0.04, 0.06, 0.02
Tasks:   1 total,   0 running,   1 sleeping,   0 stopped,   0 zombie
%Cpu(s):  2.5 us,  0.0 sy,  0.0 ni, 97.5 id,  0.0 wa,  0.0 hi,  0.0 si,  0.0 st 
MiB Mem :   1966.9 total,    626.8 free,    497.5 used,   1029.5 buff/cache     
MiB Swap:      0.0 total,      0.0 free,      0.0 used.   1469.4 avail Mem 

    PID USER      PR  NI    VIRT    RES    SHR S  %CPU  %MEM     TIME+ COMMAND
3854774 root      20   0 1753024  55768   6864 S   0.0   2.8   0:08.91 nodeser+

top - 11:15:18 up 11 days, 17:26,  0 user,  load average: 0.04, 0.06, 0.02
Tasks:   1 total,   0 running,   1 sleeping,   0 stopped,   0 zombie
%Cpu(s):  0.0 us,  0.0 sy,  0.0 ni,100.0 id,  0.0 wa,  0.0 hi,  0.0 si,  0.0 st 
MiB Mem :   1966.9 total,    626.8 free,    497.5 used,   1029.5 buff/cache     
MiB Swap:      0.0 total,      0.0 free,      0.0 used.   1469.4 avail Mem 

    PID USER      PR  NI    VIRT    RES    SHR S  %CPU  %MEM     TIME+ COMMAND
3854774 root      20   0 1753024  55768   6864 S   0.0   2.8   0:08.91 nodeser+

top - 11:15:18 up 11 days, 17:26,  0 user,  load average: 0.04, 0.06, 0.02
Tasks:   1 total,   0 running,   1 sleeping,   0 stopped,   0 zombie
%Cpu(s):  0.0 us,  2.6 sy,  0.0 ni, 97.4 id,  0.0 wa,  0.0 hi,  0.0 si,  0.0 st 
MiB Mem :   1966.9 total,    626.8 free,    497.5 used,   1029.5 buff/cache     
MiB Swap:      0.0 total,      0.0 free,      0.0 used.   1469.4 avail Mem 

    PID USER      PR  NI    VIRT    RES    SHR S  %CPU  %MEM     TIME+ COMMAND
3854774 root      20   0 1753024  55768   6864 S   0.0   2.8   0:08.91 nodeser+

top - 11:15:19 up 11 days, 17:26,  0 user,  load average: 0.04, 0.06, 0.02
Tasks:   1 total,   0 running,   1 sleeping,   0 stopped,   0 zombie
%Cpu(s):  0.0 us,  0.0 sy,  0.0 ni,100.0 id,  0.0 wa,  0.0 hi,  0.0 si,  0.0 st 
MiB Mem :   1966.9 total,    626.0 free,    498.2 used,   1029.5 buff/cache     
MiB Swap:      0.0 total,      0.0 free,      0.0 used.   1468.7 avail Mem 

    PID USER      PR  NI    VIRT    RES    SHR S  %CPU  %MEM     TIME+ COMMAND
3854774 root      20   0 1753024  55768   6864 S   0.0   2.8   0:08.91 nodeser+

top - 11:15:19 up 11 days, 17:26,  0 user,  load average: 0.04, 0.06, 0.02
Tasks:   1 total,   0 running,   1 sleeping,   0 stopped,   0 zombie
%Cpu(s):  2.4 us,  0.0 sy,  0.0 ni, 97.6 id,  0.0 wa,  0.0 hi,  0.0 si,  0.0 st 
MiB Mem :   1966.9 total,    626.0 free,    498.2 used,   1029.5 buff/cache     
MiB Swap:      0.0 total,      0.0 free,      0.0 used.   1468.7 avail Mem 

    PID USER      PR  NI    VIRT    RES    SHR S  %CPU  %MEM     TIME+ COMMAND
3854774 root      20   0 1753024  55768   6864 S   5.0   2.8   0:08.92 nodeser+

top - 11:15:19 up 11 days, 17:26,  0 user,  load average: 0.04, 0.06, 0.02
Tasks:   1 total,   0 running,   1 sleeping,   0 stopped,   0 zombie
%Cpu(s):  0.0 us,  0.0 sy,  0.0 ni,100.0 id,  0.0 wa,  0.0 hi,  0.0 si,  0.0 st 
MiB Mem :   1966.9 total,    626.0 free,    498.2 used,   1029.5 buff/cache     
MiB Swap:      0.0 total,      0.0 free,      0.0 used.   1468.7 avail Mem 

    PID USER      PR  NI    VIRT    RES    SHR S  %CPU  %MEM     TIME+ COMMAND
3854774 root      20   0 1753024  55768   6864 S   0.0   2.8   0:08.92 nodeser+

top - 11:15:19 up 11 days, 17:26,  0 user,  load average: 0.04, 0.06, 0.02
Tasks:   1 total,   0 running,   1 sleeping,   0 stopped,   0 zombie
%Cpu(s):  0.0 us,  0.0 sy,  0.0 ni,100.0 id,  0.0 wa,  0.0 hi,  0.0 si,  0.0 st 
MiB Mem :   1966.9 total,    626.0 free,    498.2 used,   1029.5 buff/cache     
MiB Swap:      0.0 total,      0.0 free,      0.0 used.   1468.7 avail Mem 

    PID USER      PR  NI    VIRT    RES    SHR S  %CPU  %MEM     TIME+ COMMAND
3854774 root      20   0 1753024  55768   6864 S   0.0   2.8   0:08.92 nodeser+

top - 11:15:19 up 11 days, 17:26,  0 user,  load average: 0.04, 0.06, 0.02
Tasks:   1 total,   0 running,   1 sleeping,   0 stopped,   0 zombie
%Cpu(s):  0.0 us,  2.5 sy,  0.0 ni, 97.5 id,  0.0 wa,  0.0 hi,  0.0 si,  0.0 st 
MiB Mem :   1966.9 total,    626.0 free,    498.2 used,   1029.5 buff/cache     
MiB Swap:      0.0 total,      0.0 free,      0.0 used.   1468.7 avail Mem 

    PID USER      PR  NI    VIRT    RES    SHR S  %CPU  %MEM     TIME+ COMMAND
3854774 root      20   0 1753024  55768   6864 S   0.0   2.8   0:08.92 nodeser+

top - 11:15:20 up 11 days, 17:26,  0 user,  load average: 0.04, 0.06, 0.02
Tasks:   1 total,   0 running,   1 sleeping,   0 stopped,   0 zombie
%Cpu(s):  0.0 us,  0.0 sy,  0.0 ni,100.0 id,  0.0 wa,  0.0 hi,  0.0 si,  0.0 st 
MiB Mem :   1966.9 total,    626.0 free,    498.2 used,   1029.5 buff/cache     
MiB Swap:      0.0 total,      0.0 free,      0.0 used.   1468.7 avail Mem 

    PID USER      PR  NI    VIRT    RES    SHR S  %CPU  %MEM     TIME+ COMMAND
3854774 root      20   0 1753024  55768   6864 S   0.0   2.8   0:08.92 nodeser+

top - 11:15:20 up 11 days, 17:26,  0 user,  load average: 0.04, 0.06, 0.02
Tasks:   1 total,   0 running,   1 sleeping,   0 stopped,   0 zombie
%Cpu(s):  0.0 us,  0.0 sy,  0.0 ni,100.0 id,  0.0 wa,  0.0 hi,  0.0 si,  0.0 st 
MiB Mem :   1966.9 total,    626.0 free,    498.2 used,   1029.5 buff/cache     
MiB Swap:      0.0 total,      0.0 free,      0.0 used.   1468.7 avail Mem 

    PID USER      PR  NI    VIRT    RES    SHR S  %CPU  %MEM     TIME+ COMMAND
3854774 root      20   0 1753024  55768   6864 S   0.0   2.8   0:08.92 nodeser+

top - 11:15:20 up 11 days, 17:26,  0 user,  load average: 0.04, 0.06, 0.02
Tasks:   1 total,   0 running,   1 sleeping,   0 stopped,   0 zombie
%Cpu(s):  0.0 us,  0.0 sy,  0.0 ni,100.0 id,  0.0 wa,  0.0 hi,  0.0 si,  0.0 st 
MiB Mem :   1966.9 total,    626.0 free,    498.2 used,   1029.5 buff/cache     
MiB Swap:      0.0 total,      0.0 free,      0.0 used.   1468.7 avail Mem 

    PID USER      PR  NI    VIRT    RES    SHR S  %CPU  %MEM     TIME+ COMMAND
3854774 root      20   0 1753024  55768   6864 S   0.0   2.8   0:08.92 nodeser+

top - 11:15:20 up 11 days, 17:26,  0 user,  load average: 0.04, 0.06, 0.02
Tasks:   1 total,   0 running,   1 sleeping,   0 stopped,   0 zombie
%Cpu(s):  0.0 us,  0.0 sy,  0.0 ni,100.0 id,  0.0 wa,  0.0 hi,  0.0 si,  0.0 st 
MiB Mem :   1966.9 total,    626.0 free,    498.2 used,   1029.5 buff/cache     
MiB Swap:      0.0 total,      0.0 free,      0.0 used.   1468.7 avail Mem 

    PID USER      PR  NI    VIRT    RES    SHR S  %CPU  %MEM     TIME+ COMMAND
3854774 root      20   0 1753024  55768   6864 S   0.0   2.8   0:08.92 nodeser+

top - 11:15:20 up 11 days, 17:26,  0 user,  load average: 0.04, 0.06, 0.02
Tasks:   1 total,   0 running,   1 sleeping,   0 stopped,   0 zombie
%Cpu(s):  2.5 us,  2.5 sy,  0.0 ni, 87.5 id,  7.5 wa,  0.0 hi,  0.0 si,  0.0 st 
MiB Mem :   1966.9 total,    626.0 free,    498.2 used,   1029.5 buff/cache     
MiB Swap:      0.0 total,      0.0 free,      0.0 used.   1468.7 avail Mem 

    PID USER      PR  NI    VIRT    RES    SHR S  %CPU  %MEM     TIME+ COMMAND
3854774 root      20   0 1753024  55768   6864 S   0.0   2.8   0:08.92 nodeser+

top - 11:15:21 up 11 days, 17:26,  0 user,  load average: 0.04, 0.06, 0.02
Tasks:   1 total,   0 running,   1 sleeping,   0 stopped,   0 zombie
%Cpu(s):  0.0 us,  0.0 sy,  0.0 ni,100.0 id,  0.0 wa,  0.0 hi,  0.0 si,  0.0 st 
MiB Mem :   1966.9 total,    626.0 free,    498.2 used,   1029.5 buff/cache     
MiB Swap:      0.0 total,      0.0 free,      0.0 used.   1468.7 avail Mem 

    PID USER      PR  NI    VIRT    RES    SHR S  %CPU  %MEM     TIME+ COMMAND
3854774 root      20   0 1753024  55768   6864 S   0.0   2.8   0:08.92 nodeser+

top - 11:15:21 up 11 days, 17:26,  0 user,  load average: 0.04, 0.06, 0.02
Tasks:   1 total,   0 running,   1 sleeping,   0 stopped,   0 zombie
%Cpu(s):  0.0 us,  0.0 sy,  0.0 ni,100.0 id,  0.0 wa,  0.0 hi,  0.0 si,  0.0 st 
MiB Mem :   1966.9 total,    626.0 free,    498.2 used,   1029.5 buff/cache     
MiB Swap:      0.0 total,      0.0 free,      0.0 used.   1468.7 avail Mem 

    PID USER      PR  NI    VIRT    RES    SHR S  %CPU  %MEM     TIME+ COMMAND
3854774 root      20   0 1753024  55768   6864 S  10.0   2.8   0:08.94 nodeser+

top - 11:15:21 up 11 days, 17:26,  0 user,  load average: 0.04, 0.06, 0.02
Tasks:   1 total,   0 running,   1 sleeping,   0 stopped,   0 zombie
%Cpu(s):  0.0 us,  0.0 sy,  0.0 ni,100.0 id,  0.0 wa,  0.0 hi,  0.0 si,  0.0 st 
MiB Mem :   1966.9 total,    626.0 free,    498.2 used,   1029.5 buff/cache     
MiB Swap:      0.0 total,      0.0 free,      0.0 used.   1468.7 avail Mem 

    PID USER      PR  NI    VIRT    RES    SHR S  %CPU  %MEM     TIME+ COMMAND
3854774 root      20   0 1753024  55768   6864 S   0.0   2.8   0:08.94 nodeser+

top - 11:15:21 up 11 days, 17:26,  0 user,  load average: 0.04, 0.06, 0.02
Tasks:   1 total,   0 running,   1 sleeping,   0 stopped,   0 zombie
%Cpu(s):  0.0 us,  0.0 sy,  0.0 ni,100.0 id,  0.0 wa,  0.0 hi,  0.0 si,  0.0 st 
MiB Mem :   1966.9 total,    626.0 free,    498.2 used,   1029.5 buff/cache     
MiB Swap:      0.0 total,      0.0 free,      0.0 used.   1468.7 avail Mem 

    PID USER      PR  NI    VIRT    RES    SHR S  %CPU  %MEM     TIME+ COMMAND
3854774 root      20   0 1753024  55768   6864 S   0.0   2.8   0:08.94 nodeser+

top - 11:15:21 up 11 days, 17:26,  0 user,  load average: 0.04, 0.06, 0.02
Tasks:   1 total,   0 running,   1 sleeping,   0 stopped,   0 zombie
%Cpu(s):  2.5 us,  0.0 sy,  0.0 ni, 97.5 id,  0.0 wa,  0.0 hi,  0.0 si,  0.0 st 
MiB Mem :   1966.9 total,    626.0 free,    498.2 used,   1029.5 buff/cache     
MiB Swap:      0.0 total,      0.0 free,      0.0 used.   1468.7 avail Mem 

    PID USER      PR  NI    VIRT    RES    SHR S  %CPU  %MEM     TIME+ COMMAND
3854774 root      20   0 1753024  55768   6864 S   0.0   2.8   0:08.94 nodeser+

top - 11:15:22 up 11 days, 17:26,  0 user,  load average: 0.04, 0.06, 0.02
Tasks:   1 total,   0 running,   1 sleeping,   0 stopped,   0 zombie
%Cpu(s):  0.0 us,  0.0 sy,  0.0 ni,100.0 id,  0.0 wa,  0.0 hi,  0.0 si,  0.0 st 
MiB Mem :   1966.9 total,    626.0 free,    498.2 used,   1029.5 buff/cache     
MiB Swap:      0.0 total,      0.0 free,      0.0 used.   1468.8 avail Mem 

    PID USER      PR  NI    VIRT    RES    SHR S  %CPU  %MEM     TIME+ COMMAND
3854774 root      20   0 1753024  55768   6864 S   0.0   2.8   0:08.94 nodeser+

top - 11:15:22 up 11 days, 17:26,  0 user,  load average: 0.04, 0.06, 0.02
Tasks:   1 total,   0 running,   1 sleeping,   0 stopped,   0 zombie
%Cpu(s):  0.0 us,  0.0 sy,  0.0 ni,100.0 id,  0.0 wa,  0.0 hi,  0.0 si,  0.0 st 
MiB Mem :   1966.9 total,    626.0 free,    498.2 used,   1029.5 buff/cache     
MiB Swap:      0.0 total,      0.0 free,      0.0 used.   1468.8 avail Mem 

    PID USER      PR  NI    VIRT    RES    SHR S  %CPU  %MEM     TIME+ COMMAND
3854774 root      20   0 1753024  55768   6864 S   0.0   2.8   0:08.94 nodeser+
