已申请 indexSign: CA=http://129.28.42.247:9000 role=server
=== Tunnel Server ===
本节点 ID: 5758b6b0b4191698101b33f134674a4a9db4769b7166c21d4ecb5958c97afdd9
转发目标: 127.0.0.1:19374
使用指定 relay: 193.112.62.9:9000

服务端已就绪，等待客户端连接。客户端使用上面的 NodeID 连接。
按 Ctrl+C 退出。
2026/07/11 10:55:40 [INFO] [Dialers] KCP 不通, 补第二条 TCP leg(id=tcp#2) 组成双 TCP failover: target=5758b6b0b4191698 connId=
2026/07/11 11:02:16 [INFO] [retransmit-test] node=5758b6b0b4191698 conn= frames=1 bytes=254 attempt=1
2026/07/11 11:02:29 [INFO] [retransmit-test] node=5758b6b0b4191698 conn= frames=1 bytes=254 attempt=1
2026/07/11 11:07:13 [INFO] [retransmit-test] node=2ea4771177901cbe conn=434ef38f-e8ea-4ee0-81e1-a44f0c638150 frames=1 bytes=384 attempt=1
2026/07/11 11:07:14 [INFO] [retransmit-test] node=2ea4771177901cbe conn=434ef38f-e8ea-4ee0-81e1-a44f0c638150 frames=1 bytes=383 attempt=1
2026/07/11 11:07:16 [INFO] [retransmit-test] node=2ea4771177901cbe conn=434ef38f-e8ea-4ee0-81e1-a44f0c638150 frames=1 bytes=439 attempt=1
[隧道] 客户端 2ea4771177901cbe5ce4ecde002a29da280fabb6ad8c948b8138509746062540 已连接
2026/07/11 11:09:25 [INFO] [retransmit-test] node=2ea4771177901cbe conn=434ef38f-e8ea-4ee0-81e1-a44f0c638150 frames=110 bytes=87806 attempt=1
2026/07/11 11:09:25 [INFO] [retransmit-test] node=2ea4771177901cbe conn=434ef38f-e8ea-4ee0-81e1-a44f0c638150 frames=110 bytes=87806 attempt=1
2026/07/11 11:09:25 [INFO] [retransmit-test] node=2ea4771177901cbe conn=434ef38f-e8ea-4ee0-81e1-a44f0c638150 frames=110 bytes=87806 attempt=1
2026/07/11 11:09:25 [INFO] [retransmit-test] node=2ea4771177901cbe conn=434ef38f-e8ea-4ee0-81e1-a44f0c638150 frames=110 bytes=87806 attempt=1
2026/07/11 11:09:26 [INFO] [retransmit-test] node=2ea4771177901cbe conn=434ef38f-e8ea-4ee0-81e1-a44f0c638150 frames=110 bytes=87806 attempt=1
2026/07/11 11:09:26 [INFO] [retransmit-test] node=2ea4771177901cbe conn=434ef38f-e8ea-4ee0-81e1-a44f0c638150 frames=110 bytes=87806 attempt=1
2026/07/11 11:09:26 [INFO] [retransmit-test] node=2ea4771177901cbe conn=434ef38f-e8ea-4ee0-81e1-a44f0c638150 frames=110 bytes=87806 attempt=1
2026/07/11 11:09:27 [INFO] [retransmit-test] node=2ea4771177901cbe conn=434ef38f-e8ea-4ee0-81e1-a44f0c638150 frames=110 bytes=87806 attempt=1
2026/07/11 11:09:27 [INFO] [retransmit-test] node=2ea4771177901cbe conn=434ef38f-e8ea-4ee0-81e1-a44f0c638150 frames=110 bytes=87806 attempt=2
2026/07/11 11:09:28 [INFO] [retransmit-test] node=2ea4771177901cbe conn=434ef38f-e8ea-4ee0-81e1-a44f0c638150 frames=110 bytes=87806 attempt=2
2026/07/11 11:09:28 [INFO] [retransmit-test] node=2ea4771177901cbe conn=434ef38f-e8ea-4ee0-81e1-a44f0c638150 frames=110 bytes=87806 attempt=2
2026/07/11 11:09:28 [INFO] [retransmit-test] node=2ea4771177901cbe conn=434ef38f-e8ea-4ee0-81e1-a44f0c638150 frames=110 bytes=87806 attempt=2
2026/07/11 11:09:28 [INFO] [retransmit-test] node=2ea4771177901cbe conn=434ef38f-e8ea-4ee0-81e1-a44f0c638150 frames=110 bytes=87806 attempt=2
2026/07/11 11:09:28 [INFO] [retransmit-test] node=2ea4771177901cbe conn=434ef38f-e8ea-4ee0-81e1-a44f0c638150 frames=110 bytes=87806 attempt=2
2026/07/11 11:09:28 [INFO] [retransmit-test] node=2ea4771177901cbe conn=434ef38f-e8ea-4ee0-81e1-a44f0c638150 frames=110 bytes=87806 attempt=2
2026/07/11 11:09:31 [INFO] [retransmit-test] node=2ea4771177901cbe conn=434ef38f-e8ea-4ee0-81e1-a44f0c638150 frames=110 bytes=87806 attempt=3
2026/07/11 11:09:31 [INFO] [retransmit-test] node=2ea4771177901cbe conn=434ef38f-e8ea-4ee0-81e1-a44f0c638150 frames=110 bytes=87806 attempt=3
2026/07/11 11:09:31 [INFO] [retransmit-test] node=2ea4771177901cbe conn=434ef38f-e8ea-4ee0-81e1-a44f0c638150 frames=110 bytes=87806 attempt=3
2026/07/11 11:09:31 [INFO] [retransmit-test] node=2ea4771177901cbe conn=434ef38f-e8ea-4ee0-81e1-a44f0c638150 frames=110 bytes=87806 attempt=3
2026/07/11 11:09:31 [INFO] [retransmit-test] node=2ea4771177901cbe conn=434ef38f-e8ea-4ee0-81e1-a44f0c638150 frames=110 bytes=87806 attempt=3
2026/07/11 11:09:32 [INFO] [retransmit-test] node=2ea4771177901cbe conn=434ef38f-e8ea-4ee0-81e1-a44f0c638150 frames=110 bytes=87806 attempt=3
2026/07/11 11:09:32 [INFO] [retransmit-test] node=2ea4771177901cbe conn=434ef38f-e8ea-4ee0-81e1-a44f0c638150 frames=110 bytes=87806 attempt=3
2026/07/11 11:09:38 [INFO] [retransmit-test] node=2ea4771177901cbe conn=434ef38f-e8ea-4ee0-81e1-a44f0c638150 frames=110 bytes=87806 attempt=4
2026/07/11 11:09:44 [INFO] [retransmit-test] node=2ea4771177901cbe conn=434ef38f-e8ea-4ee0-81e1-a44f0c638150 frames=110 bytes=87806 attempt=1
2026/07/11 11:09:44 [INFO] [retransmit-test] node=2ea4771177901cbe conn=434ef38f-e8ea-4ee0-81e1-a44f0c638150 frames=110 bytes=87806 attempt=1
2026/07/11 11:09:44 [INFO] [retransmit-test] node=2ea4771177901cbe conn=434ef38f-e8ea-4ee0-81e1-a44f0c638150 frames=110 bytes=87806 attempt=1
2026/07/11 11:09:44 [INFO] [retransmit-test] node=2ea4771177901cbe conn=434ef38f-e8ea-4ee0-81e1-a44f0c638150 frames=110 bytes=87806 attempt=1
2026/07/11 11:09:44 [INFO] [retransmit-test] node=2ea4771177901cbe conn=434ef38f-e8ea-4ee0-81e1-a44f0c638150 frames=110 bytes=87806 attempt=1
2026/07/11 11:09:44 [INFO] [retransmit-test] node=2ea4771177901cbe conn=434ef38f-e8ea-4ee0-81e1-a44f0c638150 frames=110 bytes=87806 attempt=1
2026/07/11 11:09:44 [INFO] [retransmit-test] node=2ea4771177901cbe conn=434ef38f-e8ea-4ee0-81e1-a44f0c638150 frames=110 bytes=87806 attempt=1
2026/07/11 11:09:44 [INFO] [retransmit-test] node=2ea4771177901cbe conn=434ef38f-e8ea-4ee0-81e1-a44f0c638150 frames=110 bytes=87806 attempt=1
2026/07/11 11:09:45 [INFO] [retransmit-test] node=2ea4771177901cbe conn=434ef38f-e8ea-4ee0-81e1-a44f0c638150 frames=110 bytes=87806 attempt=2
2026/07/11 11:09:45 [INFO] [retransmit-test] node=2ea4771177901cbe conn=434ef38f-e8ea-4ee0-81e1-a44f0c638150 frames=110 bytes=87806 attempt=2
2026/07/11 11:09:45 [INFO] [retransmit-test] node=2ea4771177901cbe conn=434ef38f-e8ea-4ee0-81e1-a44f0c638150 frames=110 bytes=87806 attempt=2
2026/07/11 11:09:45 [INFO] [retransmit-test] node=2ea4771177901cbe conn=434ef38f-e8ea-4ee0-81e1-a44f0c638150 frames=110 bytes=87806 attempt=2
2026/07/11 11:09:46 [INFO] [retransmit-test] node=2ea4771177901cbe conn=434ef38f-e8ea-4ee0-81e1-a44f0c638150 frames=110 bytes=87806 attempt=2
2026/07/11 11:09:46 [INFO] [retransmit-test] node=2ea4771177901cbe conn=434ef38f-e8ea-4ee0-81e1-a44f0c638150 frames=110 bytes=87806 attempt=2
2026/07/11 11:09:46 [INFO] [retransmit-test] node=2ea4771177901cbe conn=434ef38f-e8ea-4ee0-81e1-a44f0c638150 frames=110 bytes=87806 attempt=2
2026/07/11 11:09:46 [INFO] [retransmit-test] node=2ea4771177901cbe conn=434ef38f-e8ea-4ee0-81e1-a44f0c638150 frames=110 bytes=87806 attempt=2
2026/07/11 11:09:49 [INFO] [retransmit-test] node=2ea4771177901cbe conn=434ef38f-e8ea-4ee0-81e1-a44f0c638150 frames=110 bytes=87806 attempt=3
2026/07/11 11:09:49 [INFO] [retransmit-test] node=2ea4771177901cbe conn=434ef38f-e8ea-4ee0-81e1-a44f0c638150 frames=110 bytes=87806 attempt=3
2026/07/11 11:09:49 [INFO] [retransmit-test] node=2ea4771177901cbe conn=434ef38f-e8ea-4ee0-81e1-a44f0c638150 frames=110 bytes=87806 attempt=3
2026/07/11 11:09:49 [INFO] [retransmit-test] node=2ea4771177901cbe conn=434ef38f-e8ea-4ee0-81e1-a44f0c638150 frames=110 bytes=87806 attempt=3
2026/07/11 11:09:49 [INFO] [retransmit-test] node=2ea4771177901cbe conn=434ef38f-e8ea-4ee0-81e1-a44f0c638150 frames=110 bytes=87806 attempt=3
2026/07/11 11:09:49 [INFO] [retransmit-test] node=2ea4771177901cbe conn=434ef38f-e8ea-4ee0-81e1-a44f0c638150 frames=110 bytes=87806 attempt=3
2026/07/11 11:09:49 [INFO] [retransmit-test] node=2ea4771177901cbe conn=434ef38f-e8ea-4ee0-81e1-a44f0c638150 frames=110 bytes=87806 attempt=3
2026/07/11 11:09:49 [INFO] [retransmit-test] node=2ea4771177901cbe conn=434ef38f-e8ea-4ee0-81e1-a44f0c638150 frames=110 bytes=87806 attempt=3
2026/07/11 11:09:50 [INFO] [retransmit-test] node=2ea4771177901cbe conn=434ef38f-e8ea-4ee0-81e1-a44f0c638150 frames=1 bytes=254 attempt=1
2026/07/11 11:09:52 [INFO] [retransmit-test] node=2ea4771177901cbe conn=434ef38f-e8ea-4ee0-81e1-a44f0c638150 frames=1 bytes=254 attempt=2
2026/07/11 11:09:53 [INFO] [retransmit-test] node=2ea4771177901cbe conn=434ef38f-e8ea-4ee0-81e1-a44f0c638150 frames=1 bytes=254 attempt=1
2026/07/11 11:09:55 [INFO] [retransmit-test] node=2ea4771177901cbe conn=434ef38f-e8ea-4ee0-81e1-a44f0c638150 frames=1 bytes=254 attempt=2
2026/07/11 11:09:55 [INFO] [retransmit-test] node=2ea4771177901cbe conn=434ef38f-e8ea-4ee0-81e1-a44f0c638150 frames=110 bytes=87806 attempt=4
2026/07/11 11:09:55 [INFO] [retransmit-test] node=2ea4771177901cbe conn=434ef38f-e8ea-4ee0-81e1-a44f0c638150 frames=110 bytes=87806 attempt=4
2026/07/11 11:09:55 [INFO] [retransmit-test] node=2ea4771177901cbe conn=434ef38f-e8ea-4ee0-81e1-a44f0c638150 frames=110 bytes=87806 attempt=4
2026/07/11 11:09:55 [INFO] [retransmit-test] node=2ea4771177901cbe conn=434ef38f-e8ea-4ee0-81e1-a44f0c638150 frames=110 bytes=87806 attempt=4
2026/07/11 11:09:55 [INFO] [retransmit-test] node=2ea4771177901cbe conn=434ef38f-e8ea-4ee0-81e1-a44f0c638150 frames=110 bytes=87806 attempt=4
2026/07/11 11:09:55 [INFO] [retransmit-test] node=2ea4771177901cbe conn=434ef38f-e8ea-4ee0-81e1-a44f0c638150 frames=110 bytes=87806 attempt=4
2026/07/11 11:09:55 [INFO] [retransmit-test] node=2ea4771177901cbe conn=434ef38f-e8ea-4ee0-81e1-a44f0c638150 frames=110 bytes=87806 attempt=4
2026/07/11 11:09:56 [INFO] [retransmit-test] node=2ea4771177901cbe conn=434ef38f-e8ea-4ee0-81e1-a44f0c638150 frames=110 bytes=87806 attempt=4
2026/07/11 11:09:56 [INFO] [retransmit-test] node=2ea4771177901cbe conn=434ef38f-e8ea-4ee0-81e1-a44f0c638150 frames=1 bytes=254 attempt=1
2026/07/11 11:10:03 [INFO] [retransmit-test] node=2ea4771177901cbe conn=434ef38f-e8ea-4ee0-81e1-a44f0c638150 frames=110 bytes=87806 attempt=5
2026/07/11 11:10:03 [INFO] [retransmit-test] node=2ea4771177901cbe conn=434ef38f-e8ea-4ee0-81e1-a44f0c638150 frames=110 bytes=87806 attempt=5
2026/07/11 11:10:03 [INFO] [retransmit-test] node=2ea4771177901cbe conn=434ef38f-e8ea-4ee0-81e1-a44f0c638150 frames=110 bytes=87806 attempt=5
2026/07/11 11:10:03 [INFO] [retransmit-test] node=2ea4771177901cbe conn=434ef38f-e8ea-4ee0-81e1-a44f0c638150 frames=110 bytes=87806 attempt=5
2026/07/11 11:10:03 [INFO] [retransmit-test] node=2ea4771177901cbe conn=434ef38f-e8ea-4ee0-81e1-a44f0c638150 frames=110 bytes=87806 attempt=5
2026/07/11 11:12:05 [INFO] [retransmit-test] node=2ea4771177901cbe conn=434ef38f-e8ea-4ee0-81e1-a44f0c638150 frames=1 bytes=254 attempt=1
2026/07/11 11:12:12 [INFO] [retransmit-test] node=2ea4771177901cbe conn=434ef38f-e8ea-4ee0-81e1-a44f0c638150 frames=110 bytes=87806 attempt=5
2026/07/11 11:12:13 [INFO] [retransmit-test] node=2ea4771177901cbe conn=434ef38f-e8ea-4ee0-81e1-a44f0c638150 frames=110 bytes=87806 attempt=5
2026/07/11 11:12:13 [INFO] [retransmit-test] node=2ea4771177901cbe conn=434ef38f-e8ea-4ee0-81e1-a44f0c638150 frames=110 bytes=87806 attempt=5
2026/07/11 11:12:13 [INFO] [retransmit-test] node=2ea4771177901cbe conn=434ef38f-e8ea-4ee0-81e1-a44f0c638150 frames=110 bytes=87806 attempt=6
2026/07/11 11:12:13 [INFO] [retransmit-test] node=2ea4771177901cbe conn=434ef38f-e8ea-4ee0-81e1-a44f0c638150 frames=110 bytes=87806 attempt=6

正在关闭...
