已申请 indexSign: CA=http://129.28.42.247:9000 role=client
=== Tunnel Client ===
本节点 ID: 2ea4771177901cbe5ce4ecde002a29da280fabb6ad8c948b8138509746062540
目标节点:  5758b6b0b4191698101b33f134674a4a9db4769b7166c21d4ecb5958c97afdd9
使用指定 relay: 193.112.62.9:9000
正在连接目标节点 ...
2026/07/12 00:26:54 [INFO] [retransmit-test] node=5758b6b0b4191698 conn=0480b6ca-3f69-410e-91d9-2b4f94ee4bb5 frames=1 bytes=384 attempt=1
2026/07/12 00:26:55 [INFO] [retransmit-test] node=5758b6b0b4191698 conn=0480b6ca-3f69-410e-91d9-2b4f94ee4bb5 frames=1 bytes=254 attempt=1
已建立隧道连接。

本地监听: 127.0.0.1:18881
在浏览器打开: http://127.0.0.1:18881
按 Ctrl+C 退出。
2026/07/12 00:29:19 [INFO] [retransmit-test] node=2ea4771177901cbe conn= frames=1 bytes=254 attempt=1
2026/07/12 00:29:46 [INFO] [retransmit-test] node=5758b6b0b4191698 conn=0480b6ca-3f69-410e-91d9-2b4f94ee4bb5 frames=1 bytes=254 attempt=1
2026/07/12 00:29:48 [INFO] [retransmit-test] node=5758b6b0b4191698 conn=0480b6ca-3f69-410e-91d9-2b4f94ee4bb5 frames=1 bytes=254 attempt=2
2026/07/12 00:29:49 [INFO] [retransmit-test] node=5758b6b0b4191698 conn=0480b6ca-3f69-410e-91d9-2b4f94ee4bb5 frames=1 bytes=254 attempt=1
2026/07/12 00:29:50 [INFO] [retransmit-test] node=5758b6b0b4191698 conn=0480b6ca-3f69-410e-91d9-2b4f94ee4bb5 frames=1 bytes=254 attempt=2
2026/07/12 00:29:52 [INFO] [retransmit-test] node=5758b6b0b4191698 conn=0480b6ca-3f69-410e-91d9-2b4f94ee4bb5 frames=1 bytes=254 attempt=1
2026/07/12 00:29:55 [INFO] [retransmit-test] node=5758b6b0b4191698 conn=0480b6ca-3f69-410e-91d9-2b4f94ee4bb5 frames=1 bytes=254 attempt=1
2026/07/12 00:29:57 [INFO] [retransmit-test] node=5758b6b0b4191698 conn=0480b6ca-3f69-410e-91d9-2b4f94ee4bb5 frames=1 bytes=254 attempt=2
2026/07/12 00:29:58 [INFO] [retransmit-test] node=5758b6b0b4191698 conn=0480b6ca-3f69-410e-91d9-2b4f94ee4bb5 frames=1 bytes=254 attempt=1
2026/07/12 00:29:59 [INFO] [retransmit-test] node=5758b6b0b4191698 conn=0480b6ca-3f69-410e-91d9-2b4f94ee4bb5 frames=1 bytes=254 attempt=2
2026/07/12 00:30:03 [INFO] [retransmit-test] node=5758b6b0b4191698 conn=0480b6ca-3f69-410e-91d9-2b4f94ee4bb5 frames=1 bytes=254 attempt=1
2026/07/12 00:30:05 [INFO] [retransmit-test] node=5758b6b0b4191698 conn=0480b6ca-3f69-410e-91d9-2b4f94ee4bb5 frames=1 bytes=254 attempt=1
2026/07/12 00:30:09 [INFO] [retransmit-test] node=5758b6b0b4191698 conn=0480b6ca-3f69-410e-91d9-2b4f94ee4bb5 frames=1 bytes=254 attempt=1
2026/07/12 00:30:11 [INFO] [retransmit-test] node=5758b6b0b4191698 conn=0480b6ca-3f69-410e-91d9-2b4f94ee4bb5 frames=1 bytes=254 attempt=1
2026/07/12 00:30:16 [INFO] [retransmit-test] node=5758b6b0b4191698 conn=0480b6ca-3f69-410e-91d9-2b4f94ee4bb5 frames=1 bytes=254 attempt=1
2026/07/12 00:30:17 [INFO] [retransmit-test] node=5758b6b0b4191698 conn=0480b6ca-3f69-410e-91d9-2b4f94ee4bb5 frames=1 bytes=254 attempt=1
2026/07/12 00:30:22 [INFO] [retransmit-test] node=5758b6b0b4191698 conn=0480b6ca-3f69-410e-91d9-2b4f94ee4bb5 frames=1 bytes=254 attempt=1
2026/07/12 00:30:24 [INFO] [retransmit-test] node=5758b6b0b4191698 conn=0480b6ca-3f69-410e-91d9-2b4f94ee4bb5 frames=1 bytes=254 attempt=1
2026/07/12 00:30:28 [INFO] [retransmit-test] node=5758b6b0b4191698 conn=0480b6ca-3f69-410e-91d9-2b4f94ee4bb5 frames=1 bytes=254 attempt=1
2026/07/12 00:30:30 [INFO] [retransmit-test] node=5758b6b0b4191698 conn=0480b6ca-3f69-410e-91d9-2b4f94ee4bb5 frames=1 bytes=254 attempt=1
2026/07/12 00:30:35 [INFO] [retransmit-test] node=5758b6b0b4191698 conn=0480b6ca-3f69-410e-91d9-2b4f94ee4bb5 frames=1 bytes=254 attempt=1
2026/07/12 00:30:36 [INFO] [retransmit-test] node=5758b6b0b4191698 conn=0480b6ca-3f69-410e-91d9-2b4f94ee4bb5 frames=1 bytes=254 attempt=1
2026/07/12 00:30:41 [INFO] [retransmit-test] node=5758b6b0b4191698 conn=0480b6ca-3f69-410e-91d9-2b4f94ee4bb5 frames=1 bytes=254 attempt=1
2026/07/12 00:30:43 [INFO] [retransmit-test] node=5758b6b0b4191698 conn=0480b6ca-3f69-410e-91d9-2b4f94ee4bb5 frames=1 bytes=254 attempt=1
2026/07/12 00:30:47 [INFO] [retransmit-test] node=5758b6b0b4191698 conn=0480b6ca-3f69-410e-91d9-2b4f94ee4bb5 frames=1 bytes=254 attempt=1
2026/07/12 00:30:49 [INFO] [retransmit-test] node=5758b6b0b4191698 conn=0480b6ca-3f69-410e-91d9-2b4f94ee4bb5 frames=1 bytes=254 attempt=1
2026/07/12 00:30:53 [INFO] [retransmit-test] node=5758b6b0b4191698 conn=0480b6ca-3f69-410e-91d9-2b4f94ee4bb5 frames=1 bytes=254 attempt=1
2026/07/12 00:30:55 [INFO] [retransmit-test] node=5758b6b0b4191698 conn=0480b6ca-3f69-410e-91d9-2b4f94ee4bb5 frames=1 bytes=254 attempt=1
2026/07/12 00:31:00 [INFO] [retransmit-test] node=5758b6b0b4191698 conn=0480b6ca-3f69-410e-91d9-2b4f94ee4bb5 frames=1 bytes=254 attempt=1
2026/07/12 00:31:02 [INFO] [retransmit-test] node=5758b6b0b4191698 conn=0480b6ca-3f69-410e-91d9-2b4f94ee4bb5 frames=1 bytes=254 attempt=1
2026/07/12 00:31:06 [INFO] [retransmit-test] node=5758b6b0b4191698 conn=0480b6ca-3f69-410e-91d9-2b4f94ee4bb5 frames=1 bytes=254 attempt=1
2026/07/12 00:31:08 [INFO] [retransmit-test] node=5758b6b0b4191698 conn=0480b6ca-3f69-410e-91d9-2b4f94ee4bb5 frames=1 bytes=254 attempt=1
2026/07/12 00:31:12 [INFO] [retransmit-test] node=5758b6b0b4191698 conn=0480b6ca-3f69-410e-91d9-2b4f94ee4bb5 frames=1 bytes=254 attempt=1
2026/07/12 00:31:14 [INFO] [retransmit-test] node=5758b6b0b4191698 conn=0480b6ca-3f69-410e-91d9-2b4f94ee4bb5 frames=1 bytes=254 attempt=1
2026/07/12 00:31:19 [INFO] [retransmit-test] node=5758b6b0b4191698 conn=0480b6ca-3f69-410e-91d9-2b4f94ee4bb5 frames=1 bytes=254 attempt=1
2026/07/12 00:31:21 [INFO] [retransmit-test] node=5758b6b0b4191698 conn=0480b6ca-3f69-410e-91d9-2b4f94ee4bb5 frames=1 bytes=254 attempt=1
2026/07/12 00:31:25 [INFO] [retransmit-test] node=5758b6b0b4191698 conn=0480b6ca-3f69-410e-91d9-2b4f94ee4bb5 frames=1 bytes=254 attempt=1
2026/07/12 00:31:27 [INFO] [retransmit-test] node=5758b6b0b4191698 conn=0480b6ca-3f69-410e-91d9-2b4f94ee4bb5 frames=1 bytes=254 attempt=1
2026/07/12 00:31:31 [INFO] [retransmit-test] node=5758b6b0b4191698 conn=0480b6ca-3f69-410e-91d9-2b4f94ee4bb5 frames=1 bytes=254 attempt=1
2026/07/12 00:31:33 [INFO] [retransmit-test] node=5758b6b0b4191698 conn=0480b6ca-3f69-410e-91d9-2b4f94ee4bb5 frames=1 bytes=254 attempt=1
2026/07/12 00:31:38 [INFO] [retransmit-test] node=5758b6b0b4191698 conn=0480b6ca-3f69-410e-91d9-2b4f94ee4bb5 frames=1 bytes=254 attempt=1
2026/07/12 00:31:39 [INFO] [retransmit-test] node=5758b6b0b4191698 conn=0480b6ca-3f69-410e-91d9-2b4f94ee4bb5 frames=1 bytes=254 attempt=1
2026/07/12 00:31:44 [INFO] [retransmit-test] node=5758b6b0b4191698 conn=0480b6ca-3f69-410e-91d9-2b4f94ee4bb5 frames=1 bytes=254 attempt=1
2026/07/12 00:31:46 [INFO] [retransmit-test] node=5758b6b0b4191698 conn=0480b6ca-3f69-410e-91d9-2b4f94ee4bb5 frames=1 bytes=426 attempt=1
2026/07/12 00:31:46 [INFO] [retransmit-test] node=5758b6b0b4191698 conn=0480b6ca-3f69-410e-91d9-2b4f94ee4bb5 frames=1 bytes=254 attempt=1
2026/07/12 00:31:48 [INFO] [retransmit-test] node=5758b6b0b4191698 conn=0480b6ca-3f69-410e-91d9-2b4f94ee4bb5 frames=1 bytes=426 attempt=2
2026/07/12 00:31:50 [INFO] [retransmit-test] node=5758b6b0b4191698 conn=0480b6ca-3f69-410e-91d9-2b4f94ee4bb5 frames=1 bytes=254 attempt=1
2026/07/12 00:31:53 [INFO] [retransmit-test] node=5758b6b0b4191698 conn=0480b6ca-3f69-410e-91d9-2b4f94ee4bb5 frames=1 bytes=426 attempt=3
2026/07/12 00:31:54 [INFO] [retransmit-test] node=5758b6b0b4191698 conn=0480b6ca-3f69-410e-91d9-2b4f94ee4bb5 frames=1 bytes=254 attempt=1
2026/07/12 00:31:57 [INFO] [retransmit-test] node=5758b6b0b4191698 conn=0480b6ca-3f69-410e-91d9-2b4f94ee4bb5 frames=1 bytes=254 attempt=1
2026/07/12 00:31:59 [INFO] [retransmit-test] node=5758b6b0b4191698 conn=0480b6ca-3f69-410e-91d9-2b4f94ee4bb5 frames=1 bytes=254 attempt=1
2026/07/12 00:31:59 [INFO] [retransmit-test] node=5758b6b0b4191698 conn=0480b6ca-3f69-410e-91d9-2b4f94ee4bb5 frames=1 bytes=426 attempt=4
2026/07/12 00:32:04 [INFO] [retransmit-test] node=5758b6b0b4191698 conn=0480b6ca-3f69-410e-91d9-2b4f94ee4bb5 frames=1 bytes=254 attempt=1
2026/07/12 00:32:06 [INFO] [retransmit-test] node=5758b6b0b4191698 conn=0480b6ca-3f69-410e-91d9-2b4f94ee4bb5 frames=1 bytes=254 attempt=1
2026/07/12 00:32:08 [INFO] [retransmit-test] node=5758b6b0b4191698 conn=0480b6ca-3f69-410e-91d9-2b4f94ee4bb5 frames=1 bytes=426 attempt=5
2026/07/12 00:32:10 [INFO] [retransmit-test] node=5758b6b0b4191698 conn=0480b6ca-3f69-410e-91d9-2b4f94ee4bb5 frames=1 bytes=254 attempt=1
2026/07/12 00:32:12 [INFO] [retransmit-test] node=5758b6b0b4191698 conn=0480b6ca-3f69-410e-91d9-2b4f94ee4bb5 frames=1 bytes=254 attempt=1
2026/07/12 00:32:16 [INFO] [retransmit-test] node=5758b6b0b4191698 conn=0480b6ca-3f69-410e-91d9-2b4f94ee4bb5 frames=1 bytes=254 attempt=1
2026/07/12 00:32:17 [INFO] [retransmit-test] node=5758b6b0b4191698 conn=0480b6ca-3f69-410e-91d9-2b4f94ee4bb5 frames=1 bytes=426 attempt=6
2026/07/12 00:32:18 [INFO] [retransmit-test] node=5758b6b0b4191698 conn=0480b6ca-3f69-410e-91d9-2b4f94ee4bb5 frames=1 bytes=254 attempt=1
2026/07/12 00:32:23 [INFO] [retransmit-test] node=5758b6b0b4191698 conn=0480b6ca-3f69-410e-91d9-2b4f94ee4bb5 frames=1 bytes=254 attempt=1
2026/07/12 00:32:24 [INFO] [retransmit-test] node=5758b6b0b4191698 conn=0480b6ca-3f69-410e-91d9-2b4f94ee4bb5 frames=1 bytes=254 attempt=1
2026/07/12 00:32:25 [WARN] [DualStream] SendMessage primary KCP 失败, 尝试 backup: nodeId=5758b6b0b4191698 connId=0480b6ca-3f69-410e-91d9-2b4f94ee4bb5 err=send message: max retransmits exceeded
2026/07/12 00:32:25 [WARN] [DualStream] KCP leg 失败, 关闭并触发重连: nodeId=5758b6b0b4191698 connId=0480b6ca-3f69-410e-91d9-2b4f94ee4bb5
2026/07/12 00:32:26 [INFO] [DualStream] KCP 重连成功: nodeId=5758b6b0b4191698 connId=0480b6ca-3f69-410e-91d9-2b4f94ee4bb5 leg=kcp 第1次尝试
2026/07/12 00:32:26 [INFO] [retransmit-test] node=5758b6b0b4191698 conn=0480b6ca-3f69-410e-91d9-2b4f94ee4bb5 frames=1 bytes=426 attempt=1
2026/07/12 00:32:27 [INFO] [retransmit-test] node=5758b6b0b4191698 conn=0480b6ca-3f69-410e-91d9-2b4f94ee4bb5 frames=1 bytes=254 attempt=1
2026/07/12 00:32:28 [INFO] [retransmit-test] node=5758b6b0b4191698 conn=0480b6ca-3f69-410e-91d9-2b4f94ee4bb5 frames=1 bytes=426 attempt=2
2026/07/12 00:32:30 [INFO] [retransmit-test] node=5758b6b0b4191698 conn=0480b6ca-3f69-410e-91d9-2b4f94ee4bb5 frames=1 bytes=254 attempt=1
2026/07/12 00:32:32 [INFO] [retransmit-test] node=5758b6b0b4191698 conn=0480b6ca-3f69-410e-91d9-2b4f94ee4bb5 frames=1 bytes=426 attempt=3
2026/07/12 00:32:32 [INFO] [retransmit-test] node=5758b6b0b4191698 conn=0480b6ca-3f69-410e-91d9-2b4f94ee4bb5 frames=1 bytes=254 attempt=2
2026/07/12 00:32:33 [INFO] [retransmit-test] node=5758b6b0b4191698 conn=0480b6ca-3f69-410e-91d9-2b4f94ee4bb5 frames=1 bytes=254 attempt=1
2026/07/12 00:32:34 [INFO] [retransmit-test] node=5758b6b0b4191698 conn=0480b6ca-3f69-410e-91d9-2b4f94ee4bb5 frames=1 bytes=254 attempt=2
2026/07/12 00:32:38 [INFO] [retransmit-test] node=5758b6b0b4191698 conn=0480b6ca-3f69-410e-91d9-2b4f94ee4bb5 frames=1 bytes=426 attempt=4
2026/07/12 00:32:46 [INFO] [retransmit-test] node=5758b6b0b4191698 conn=0480b6ca-3f69-410e-91d9-2b4f94ee4bb5 frames=1 bytes=426 attempt=5
2026/07/12 00:32:54 [INFO] [retransmit-test] node=5758b6b0b4191698 conn=0480b6ca-3f69-410e-91d9-2b4f94ee4bb5 frames=1 bytes=426 attempt=6
2026/07/12 00:33:02 [WARN] [DualStream] SendMessage backup TCP 也失败: nodeId=5758b6b0b4191698 connId=0480b6ca-3f69-410e-91d9-2b4f94ee4bb5 err=send message: max retransmits exceeded
2026/07/12 00:33:02 [WARN] [DualStream] TCP leg 失败, 关闭并触发重连: nodeId=5758b6b0b4191698 connId=0480b6ca-3f69-410e-91d9-2b4f94ee4bb5
2026/07/12 00:33:02 [WARN] [DualStream] TCP startPump NextMessage 失败: nodeId=5758b6b0b4191698 connId=0480b6ca-3f69-410e-91d9-2b4f94ee4bb5 leg=tcp err=stream closed
2026/07/12 00:33:02 [WARN] [DualStream] TCP leg 失败, 关闭并触发重连: nodeId=5758b6b0b4191698 connId=0480b6ca-3f69-410e-91d9-2b4f94ee4bb5
2026/07/12 00:33:03 [INFO] [DualStream] TCP 重连成功: nodeId=5758b6b0b4191698 connId=0480b6ca-3f69-410e-91d9-2b4f94ee4bb5 leg=tcp 第1次尝试
2026/07/12 00:33:05 [INFO] [retransmit-test] node=5758b6b0b4191698 conn=0480b6ca-3f69-410e-91d9-2b4f94ee4bb5 frames=1 bytes=254 attempt=1
2026/07/12 00:33:16 [INFO] [retransmit-test] node=5758b6b0b4191698 conn=0480b6ca-3f69-410e-91d9-2b4f94ee4bb5 frames=1 bytes=254 attempt=1
