已申请 indexSign: CA=http://129.28.42.247:9000 role=client
=== Tunnel Client ===
本节点 ID: 2ea4771177901cbe5ce4ecde002a29da280fabb6ad8c948b8138509746062540
目标节点:  5758b6b0b4191698101b33f134674a4a9db4769b7166c21d4ecb5958c97afdd9
使用指定 relay: 193.112.62.9:9000
正在连接目标节点 ...
2026/07/12 00:13:39 [WARN] [DualStream] SendMessage primary KCP 失败, 尝试 backup: nodeId=5758b6b0b4191698 connId=747536b7-8959-4d6c-b395-c2b84b4c76ad err=send message: max retransmits exceeded
2026/07/12 00:13:39 [WARN] [DualStream] KCP leg 失败, 关闭并触发重连: nodeId=5758b6b0b4191698 connId=747536b7-8959-4d6c-b395-c2b84b4c76ad
2026/07/12 00:13:39 [INFO] [DualStream] KCP 重连成功: nodeId=5758b6b0b4191698 connId=747536b7-8959-4d6c-b395-c2b84b4c76ad leg=kcp 第1次尝试
2026/07/12 00:14:15 [WARN] [DualStream] SendMessage backup TCP 也失败: nodeId=5758b6b0b4191698 connId=747536b7-8959-4d6c-b395-c2b84b4c76ad err=send message: max retransmits exceeded
2026/07/12 00:14:15 [WARN] [DualStream] TCP leg 失败, 关闭并触发重连: nodeId=5758b6b0b4191698 connId=747536b7-8959-4d6c-b395-c2b84b4c76ad
2026/07/12 00:14:15 [WARN] [DualStream] SendMessage primary TCP 失败, 尝试 backup: nodeId=5758b6b0b4191698 connId=747536b7-8959-4d6c-b395-c2b84b4c76ad err=stream closed
2026/07/12 00:14:15 [WARN] [DualStream] TCP leg 失败, 关闭并触发重连: nodeId=5758b6b0b4191698 connId=747536b7-8959-4d6c-b395-c2b84b4c76ad
2026/07/12 00:14:15 第 1 次连接失败，3 秒后重试: natnode: 经所有入口 relay 连接 5758b6b0b4191698101b33f134674a4a9db4769b7166c21d4ecb5958c97afdd9 均失败: natnode: 与 5758b6b0b4191698101b33f134674a4a9db4769b7166c21d4ecb5958c97afdd9 握手失败: natnode: TLS 握手失败: send message: max retransmits exceeded
2026/07/12 00:14:54 [WARN] [DualStream] SendMessage primary KCP 失败, 尝试 backup: nodeId=5758b6b0b4191698 connId=2123ab76-844d-4ef8-9fd1-d0ad35909077 err=send message: max retransmits exceeded
2026/07/12 00:14:54 [WARN] [DualStream] KCP leg 失败, 关闭并触发重连: nodeId=5758b6b0b4191698 connId=2123ab76-844d-4ef8-9fd1-d0ad35909077
2026/07/12 00:14:55 [INFO] [DualStream] KCP 重连成功: nodeId=5758b6b0b4191698 connId=2123ab76-844d-4ef8-9fd1-d0ad35909077 leg=kcp 第1次尝试
2026/07/12 00:15:30 [WARN] [DualStream] SendMessage backup TCP 也失败: nodeId=5758b6b0b4191698 connId=2123ab76-844d-4ef8-9fd1-d0ad35909077 err=send message: max retransmits exceeded
2026/07/12 00:15:30 [WARN] [DualStream] TCP leg 失败, 关闭并触发重连: nodeId=5758b6b0b4191698 connId=2123ab76-844d-4ef8-9fd1-d0ad35909077
2026/07/12 00:15:30 [WARN] [DualStream] SendMessage primary TCP 失败, 尝试 backup: nodeId=5758b6b0b4191698 connId=2123ab76-844d-4ef8-9fd1-d0ad35909077 err=stream closed
2026/07/12 00:15:30 [WARN] [DualStream] TCP leg 失败, 关闭并触发重连: nodeId=5758b6b0b4191698 connId=2123ab76-844d-4ef8-9fd1-d0ad35909077
2026/07/12 00:15:30 第 2 次连接失败，3 秒后重试: natnode: 经所有入口 relay 连接 5758b6b0b4191698101b33f134674a4a9db4769b7166c21d4ecb5958c97afdd9 均失败: natnode: 与 5758b6b0b4191698101b33f134674a4a9db4769b7166c21d4ecb5958c97afdd9 握手失败: natnode: TLS 握手失败: send message: max retransmits exceeded
2026/07/12 00:16:09 [WARN] [DualStream] SendMessage primary KCP 失败, 尝试 backup: nodeId=5758b6b0b4191698 connId=9414af3b-d7ac-4458-8d69-073a39c3a1b5 err=send message: max retransmits exceeded
2026/07/12 00:16:09 [WARN] [DualStream] KCP leg 失败, 关闭并触发重连: nodeId=5758b6b0b4191698 connId=9414af3b-d7ac-4458-8d69-073a39c3a1b5
2026/07/12 00:16:10 [INFO] [DualStream] KCP 重连成功: nodeId=5758b6b0b4191698 connId=9414af3b-d7ac-4458-8d69-073a39c3a1b5 leg=kcp 第1次尝试
