已申请 indexSign: CA=http://129.28.42.247:9000 role=client
=== Tunnel Client ===
本节点 ID: 2693aed5933e206bdd965a4619b28884f50a52c9ebbf88dea9fcdcbc334a7fec
目标节点:  5e7386dce6b1d286e07aca6c50f5a3afeda0a2baf652164100485cb19140041e
使用指定 relay: 193.112.62.9:9000
正在连接目标节点 ...
2026/07/12 00:13:39 [WARN] [DualStream] SendMessage primary KCP 失败, 尝试 backup: nodeId=5e7386dce6b1d286 connId=b5e40c89-67a4-4939-ab0f-5472118464f3 err=send message: max retransmits exceeded
2026/07/12 00:13:39 [WARN] [DualStream] KCP leg 失败, 关闭并触发重连: nodeId=5e7386dce6b1d286 connId=b5e40c89-67a4-4939-ab0f-5472118464f3
2026/07/12 00:13:39 [WARN] [DualStream] SendMessage primary KCP 失败, 尝试 backup: nodeId=5e7386dce6b1d286 connId=b5e40c89-67a4-4939-ab0f-5472118464f3 err=stream closed
2026/07/12 00:13:39 [WARN] [DualStream] KCP leg 失败, 关闭并触发重连: nodeId=5e7386dce6b1d286 connId=b5e40c89-67a4-4939-ab0f-5472118464f3
2026/07/12 00:13:39 [WARN] [DualStream] KCP startPump NextMessage 失败: nodeId=5e7386dce6b1d286 connId=b5e40c89-67a4-4939-ab0f-5472118464f3 leg=kcp err=stream closed
2026/07/12 00:13:39 [WARN] [DualStream] KCP leg 失败, 关闭并触发重连: nodeId=5e7386dce6b1d286 connId=b5e40c89-67a4-4939-ab0f-5472118464f3
2026/07/12 00:13:40 [INFO] [DualStream] KCP 重连成功: nodeId=5e7386dce6b1d286 connId=b5e40c89-67a4-4939-ab0f-5472118464f3 leg=kcp 第1次尝试
2026/07/12 00:14:15 [WARN] [DualStream] SendMessage backup TCP 也失败: nodeId=5e7386dce6b1d286 connId=b5e40c89-67a4-4939-ab0f-5472118464f3 err=send message: max retransmits exceeded
2026/07/12 00:14:15 [WARN] [DualStream] TCP leg 失败, 关闭并触发重连: nodeId=5e7386dce6b1d286 connId=b5e40c89-67a4-4939-ab0f-5472118464f3
2026/07/12 00:14:15 [WARN] [DualStream] SendMessage primary TCP 失败, 尝试 backup: nodeId=5e7386dce6b1d286 connId=b5e40c89-67a4-4939-ab0f-5472118464f3 err=stream closed
2026/07/12 00:14:15 [WARN] [DualStream] TCP leg 失败, 关闭并触发重连: nodeId=5e7386dce6b1d286 connId=b5e40c89-67a4-4939-ab0f-5472118464f3
2026/07/12 00:14:15 第 1 次连接失败，3 秒后重试: natnode: 经所有入口 relay 连接 5e7386dce6b1d286e07aca6c50f5a3afeda0a2baf652164100485cb19140041e 均失败: natnode: 与 5e7386dce6b1d286e07aca6c50f5a3afeda0a2baf652164100485cb19140041e 握手失败: natnode: TLS 握手失败: send message: max retransmits exceeded
2026/07/12 00:14:54 [WARN] [DualStream] SendMessage primary KCP 失败, 尝试 backup: nodeId=5e7386dce6b1d286 connId=028ac29d-f6fc-4da0-9bbf-079743c7abe2 err=send message: max retransmits exceeded
2026/07/12 00:14:54 [WARN] [DualStream] KCP leg 失败, 关闭并触发重连: nodeId=5e7386dce6b1d286 connId=028ac29d-f6fc-4da0-9bbf-079743c7abe2
2026/07/12 00:14:55 [INFO] [DualStream] KCP 重连成功: nodeId=5e7386dce6b1d286 connId=028ac29d-f6fc-4da0-9bbf-079743c7abe2 leg=kcp 第1次尝试
2026/07/12 00:15:30 [WARN] [DualStream] SendMessage backup TCP 也失败: nodeId=5e7386dce6b1d286 connId=028ac29d-f6fc-4da0-9bbf-079743c7abe2 err=send message: max retransmits exceeded
2026/07/12 00:15:30 [WARN] [DualStream] TCP leg 失败, 关闭并触发重连: nodeId=5e7386dce6b1d286 connId=028ac29d-f6fc-4da0-9bbf-079743c7abe2
2026/07/12 00:15:30 [WARN] [DualStream] SendMessage primary TCP 失败, 尝试 backup: nodeId=5e7386dce6b1d286 connId=028ac29d-f6fc-4da0-9bbf-079743c7abe2 err=stream closed
2026/07/12 00:15:30 [WARN] [DualStream] TCP leg 失败, 关闭并触发重连: nodeId=5e7386dce6b1d286 connId=028ac29d-f6fc-4da0-9bbf-079743c7abe2
2026/07/12 00:15:30 第 2 次连接失败，3 秒后重试: natnode: 经所有入口 relay 连接 5e7386dce6b1d286e07aca6c50f5a3afeda0a2baf652164100485cb19140041e 均失败: natnode: 与 5e7386dce6b1d286e07aca6c50f5a3afeda0a2baf652164100485cb19140041e 握手失败: natnode: TLS 握手失败: send message: max retransmits exceeded
2026/07/12 00:16:09 [WARN] [DualStream] SendMessage primary KCP 失败, 尝试 backup: nodeId=5e7386dce6b1d286 connId=d5bba5b8-b888-47ca-9714-775ebf128976 err=send message: max retransmits exceeded
2026/07/12 00:16:09 [WARN] [DualStream] KCP leg 失败, 关闭并触发重连: nodeId=5e7386dce6b1d286 connId=d5bba5b8-b888-47ca-9714-775ebf128976
2026/07/12 00:16:10 [INFO] [DualStream] KCP 重连成功: nodeId=5e7386dce6b1d286 connId=d5bba5b8-b888-47ca-9714-775ebf128976 leg=kcp 第1次尝试
