已申请 indexSign: CA=http://129.28.42.247:9000 role=server
=== Tunnel Server ===
本节点 ID: 5758b6b0b4191698101b33f134674a4a9db4769b7166c21d4ecb5958c97afdd9
转发目标: 127.0.0.1:19274
使用指定 relay: 193.112.62.9:9000

服务端已就绪，等待客户端连接。客户端使用上面的 NodeID 连接。
按 Ctrl+C 退出。
2026/07/12 00:26:54 [INFO] [retransmit-test] node=2ea4771177901cbe conn=0480b6ca-3f69-410e-91d9-2b4f94ee4bb5 frames=1 bytes=384 attempt=1
2026/07/12 00:26:55 [INFO] [retransmit-test] node=2ea4771177901cbe conn=0480b6ca-3f69-410e-91d9-2b4f94ee4bb5 frames=1 bytes=383 attempt=1
2026/07/12 00:26:57 [INFO] [retransmit-test] node=2ea4771177901cbe conn=0480b6ca-3f69-410e-91d9-2b4f94ee4bb5 frames=1 bytes=439 attempt=1
[隧道] 客户端 2ea4771177901cbe5ce4ecde002a29da280fabb6ad8c948b8138509746062540 已连接
2026/07/12 00:29:45 [INFO] [retransmit-test] node=2ea4771177901cbe conn=0480b6ca-3f69-410e-91d9-2b4f94ee4bb5 frames=110 bytes=87806 attempt=1
2026/07/12 00:29:45 [INFO] [retransmit-test] node=2ea4771177901cbe conn=0480b6ca-3f69-410e-91d9-2b4f94ee4bb5 frames=110 bytes=87806 attempt=1
2026/07/12 00:29:45 [INFO] [retransmit-test] node=2ea4771177901cbe conn=0480b6ca-3f69-410e-91d9-2b4f94ee4bb5 frames=110 bytes=87806 attempt=1
2026/07/12 00:29:45 [INFO] [retransmit-test] node=2ea4771177901cbe conn=0480b6ca-3f69-410e-91d9-2b4f94ee4bb5 frames=110 bytes=87806 attempt=1
2026/07/12 00:29:45 [INFO] [retransmit-test] node=2ea4771177901cbe conn=0480b6ca-3f69-410e-91d9-2b4f94ee4bb5 frames=110 bytes=87806 attempt=1
2026/07/12 00:29:45 [INFO] [retransmit-test] node=2ea4771177901cbe conn=0480b6ca-3f69-410e-91d9-2b4f94ee4bb5 frames=110 bytes=87806 attempt=1
2026/07/12 00:29:45 [INFO] [retransmit-test] node=2ea4771177901cbe conn=0480b6ca-3f69-410e-91d9-2b4f94ee4bb5 frames=110 bytes=87806 attempt=1
2026/07/12 00:29:45 [INFO] [retransmit-test] node=2ea4771177901cbe conn=0480b6ca-3f69-410e-91d9-2b4f94ee4bb5 frames=110 bytes=87806 attempt=1
2026/07/12 00:29:47 [INFO] [retransmit-test] node=2ea4771177901cbe conn=0480b6ca-3f69-410e-91d9-2b4f94ee4bb5 frames=110 bytes=87806 attempt=2
2026/07/12 00:29:47 [INFO] [retransmit-test] node=2ea4771177901cbe conn=0480b6ca-3f69-410e-91d9-2b4f94ee4bb5 frames=110 bytes=87806 attempt=2
2026/07/12 00:29:47 [INFO] [retransmit-test] node=2ea4771177901cbe conn=0480b6ca-3f69-410e-91d9-2b4f94ee4bb5 frames=110 bytes=87806 attempt=2
2026/07/12 00:29:47 [INFO] [retransmit-test] node=2ea4771177901cbe conn=0480b6ca-3f69-410e-91d9-2b4f94ee4bb5 frames=110 bytes=87806 attempt=2
2026/07/12 00:29:47 [INFO] [retransmit-test] node=2ea4771177901cbe conn=0480b6ca-3f69-410e-91d9-2b4f94ee4bb5 frames=110 bytes=87806 attempt=2
2026/07/12 00:29:47 [INFO] [retransmit-test] node=2ea4771177901cbe conn=0480b6ca-3f69-410e-91d9-2b4f94ee4bb5 frames=110 bytes=87806 attempt=2
2026/07/12 00:29:47 [INFO] [retransmit-test] node=2ea4771177901cbe conn=0480b6ca-3f69-410e-91d9-2b4f94ee4bb5 frames=110 bytes=87806 attempt=2
2026/07/12 00:29:50 [INFO] [retransmit-test] node=2ea4771177901cbe conn=0480b6ca-3f69-410e-91d9-2b4f94ee4bb5 frames=110 bytes=87806 attempt=3
2026/07/12 00:29:50 [INFO] [retransmit-test] node=2ea4771177901cbe conn=0480b6ca-3f69-410e-91d9-2b4f94ee4bb5 frames=110 bytes=87806 attempt=3
2026/07/12 00:29:50 [INFO] [retransmit-test] node=2ea4771177901cbe conn=0480b6ca-3f69-410e-91d9-2b4f94ee4bb5 frames=110 bytes=87806 attempt=3
2026/07/12 00:29:50 [INFO] [retransmit-test] node=2ea4771177901cbe conn=0480b6ca-3f69-410e-91d9-2b4f94ee4bb5 frames=110 bytes=87806 attempt=3
2026/07/12 00:29:50 [INFO] [retransmit-test] node=2ea4771177901cbe conn=0480b6ca-3f69-410e-91d9-2b4f94ee4bb5 frames=110 bytes=87806 attempt=3
2026/07/12 00:29:56 [INFO] [retransmit-test] node=2ea4771177901cbe conn=0480b6ca-3f69-410e-91d9-2b4f94ee4bb5 frames=110 bytes=87806 attempt=4
2026/07/12 00:30:00 [INFO] [retransmit-test] node=2ea4771177901cbe conn=0480b6ca-3f69-410e-91d9-2b4f94ee4bb5 frames=110 bytes=87806 attempt=1
2026/07/12 00:30:00 [INFO] [retransmit-test] node=2ea4771177901cbe conn=0480b6ca-3f69-410e-91d9-2b4f94ee4bb5 frames=110 bytes=87806 attempt=1
2026/07/12 00:30:00 [INFO] [retransmit-test] node=2ea4771177901cbe conn=0480b6ca-3f69-410e-91d9-2b4f94ee4bb5 frames=110 bytes=87806 attempt=1
2026/07/12 00:30:00 [INFO] [retransmit-test] node=2ea4771177901cbe conn=0480b6ca-3f69-410e-91d9-2b4f94ee4bb5 frames=110 bytes=87806 attempt=1
2026/07/12 00:30:00 [INFO] [retransmit-test] node=2ea4771177901cbe conn=0480b6ca-3f69-410e-91d9-2b4f94ee4bb5 frames=110 bytes=87806 attempt=1
2026/07/12 00:30:00 [INFO] [retransmit-test] node=2ea4771177901cbe conn=0480b6ca-3f69-410e-91d9-2b4f94ee4bb5 frames=110 bytes=87806 attempt=1
2026/07/12 00:30:00 [INFO] [retransmit-test] node=2ea4771177901cbe conn=0480b6ca-3f69-410e-91d9-2b4f94ee4bb5 frames=110 bytes=87806 attempt=1
2026/07/12 00:30:00 [INFO] [retransmit-test] node=2ea4771177901cbe conn=0480b6ca-3f69-410e-91d9-2b4f94ee4bb5 frames=110 bytes=87806 attempt=1
2026/07/12 00:30:01 [INFO] [retransmit-test] node=2ea4771177901cbe conn=0480b6ca-3f69-410e-91d9-2b4f94ee4bb5 frames=110 bytes=87806 attempt=2
2026/07/12 00:30:01 [INFO] [retransmit-test] node=2ea4771177901cbe conn=0480b6ca-3f69-410e-91d9-2b4f94ee4bb5 frames=110 bytes=87806 attempt=2
2026/07/12 00:30:01 [INFO] [retransmit-test] node=2ea4771177901cbe conn=0480b6ca-3f69-410e-91d9-2b4f94ee4bb5 frames=110 bytes=87806 attempt=2
2026/07/12 00:30:01 [INFO] [retransmit-test] node=2ea4771177901cbe conn=0480b6ca-3f69-410e-91d9-2b4f94ee4bb5 frames=110 bytes=87806 attempt=2
2026/07/12 00:30:01 [INFO] [retransmit-test] node=2ea4771177901cbe conn=0480b6ca-3f69-410e-91d9-2b4f94ee4bb5 frames=110 bytes=87806 attempt=2
2026/07/12 00:30:01 [INFO] [retransmit-test] node=2ea4771177901cbe conn=0480b6ca-3f69-410e-91d9-2b4f94ee4bb5 frames=110 bytes=87806 attempt=2
2026/07/12 00:30:01 [INFO] [retransmit-test] node=2ea4771177901cbe conn=0480b6ca-3f69-410e-91d9-2b4f94ee4bb5 frames=110 bytes=87806 attempt=2
2026/07/12 00:30:01 [INFO] [retransmit-test] node=2ea4771177901cbe conn=0480b6ca-3f69-410e-91d9-2b4f94ee4bb5 frames=110 bytes=87806 attempt=2
2026/07/12 00:30:04 [INFO] [retransmit-test] node=2ea4771177901cbe conn=0480b6ca-3f69-410e-91d9-2b4f94ee4bb5 frames=110 bytes=87806 attempt=3
2026/07/12 00:30:04 [INFO] [retransmit-test] node=2ea4771177901cbe conn=0480b6ca-3f69-410e-91d9-2b4f94ee4bb5 frames=110 bytes=87806 attempt=3
2026/07/12 00:30:04 [INFO] [retransmit-test] node=2ea4771177901cbe conn=0480b6ca-3f69-410e-91d9-2b4f94ee4bb5 frames=110 bytes=87806 attempt=3
2026/07/12 00:30:04 [INFO] [retransmit-test] node=2ea4771177901cbe conn=0480b6ca-3f69-410e-91d9-2b4f94ee4bb5 frames=110 bytes=87806 attempt=3
2026/07/12 00:30:04 [INFO] [retransmit-test] node=2ea4771177901cbe conn=0480b6ca-3f69-410e-91d9-2b4f94ee4bb5 frames=110 bytes=87806 attempt=3
2026/07/12 00:30:04 [INFO] [retransmit-test] node=2ea4771177901cbe conn=0480b6ca-3f69-410e-91d9-2b4f94ee4bb5 frames=110 bytes=87806 attempt=3
2026/07/12 00:30:04 [INFO] [retransmit-test] node=2ea4771177901cbe conn=0480b6ca-3f69-410e-91d9-2b4f94ee4bb5 frames=110 bytes=87806 attempt=3
2026/07/12 00:30:05 [INFO] [retransmit-test] node=2ea4771177901cbe conn=0480b6ca-3f69-410e-91d9-2b4f94ee4bb5 frames=110 bytes=87806 attempt=3
2026/07/12 00:30:11 [INFO] [retransmit-test] node=2ea4771177901cbe conn=0480b6ca-3f69-410e-91d9-2b4f94ee4bb5 frames=110 bytes=87806 attempt=4
2026/07/12 00:30:11 [INFO] [retransmit-test] node=2ea4771177901cbe conn=0480b6ca-3f69-410e-91d9-2b4f94ee4bb5 frames=110 bytes=87806 attempt=4
2026/07/12 00:30:11 [INFO] [retransmit-test] node=2ea4771177901cbe conn=0480b6ca-3f69-410e-91d9-2b4f94ee4bb5 frames=110 bytes=87806 attempt=4
2026/07/12 00:30:11 [INFO] [retransmit-test] node=2ea4771177901cbe conn=0480b6ca-3f69-410e-91d9-2b4f94ee4bb5 frames=110 bytes=87806 attempt=4
2026/07/12 00:30:11 [INFO] [retransmit-test] node=2ea4771177901cbe conn=0480b6ca-3f69-410e-91d9-2b4f94ee4bb5 frames=110 bytes=87806 attempt=4
2026/07/12 00:30:11 [INFO] [retransmit-test] node=2ea4771177901cbe conn=0480b6ca-3f69-410e-91d9-2b4f94ee4bb5 frames=110 bytes=87806 attempt=4
2026/07/12 00:30:11 [INFO] [retransmit-test] node=2ea4771177901cbe conn=0480b6ca-3f69-410e-91d9-2b4f94ee4bb5 frames=110 bytes=87806 attempt=4
2026/07/12 00:30:11 [INFO] [retransmit-test] node=2ea4771177901cbe conn=0480b6ca-3f69-410e-91d9-2b4f94ee4bb5 frames=110 bytes=87806 attempt=4
2026/07/12 00:30:12 [INFO] [retransmit-test] node=2ea4771177901cbe conn=0480b6ca-3f69-410e-91d9-2b4f94ee4bb5 frames=1 bytes=254 attempt=1
2026/07/12 00:30:14 [INFO] [retransmit-test] node=2ea4771177901cbe conn=0480b6ca-3f69-410e-91d9-2b4f94ee4bb5 frames=1 bytes=254 attempt=2
2026/07/12 00:30:15 [INFO] [retransmit-test] node=2ea4771177901cbe conn=0480b6ca-3f69-410e-91d9-2b4f94ee4bb5 frames=1 bytes=254 attempt=1
2026/07/12 00:30:17 [INFO] [retransmit-test] node=2ea4771177901cbe conn=0480b6ca-3f69-410e-91d9-2b4f94ee4bb5 frames=1 bytes=254 attempt=2
2026/07/12 00:30:18 [INFO] [retransmit-test] node=2ea4771177901cbe conn=0480b6ca-3f69-410e-91d9-2b4f94ee4bb5 frames=1 bytes=254 attempt=1
2026/07/12 00:30:19 [INFO] [retransmit-test] node=2ea4771177901cbe conn=0480b6ca-3f69-410e-91d9-2b4f94ee4bb5 frames=110 bytes=87806 attempt=5
2026/07/12 00:30:19 [INFO] [retransmit-test] node=2ea4771177901cbe conn=0480b6ca-3f69-410e-91d9-2b4f94ee4bb5 frames=110 bytes=87806 attempt=5
2026/07/12 00:30:19 [INFO] [retransmit-test] node=2ea4771177901cbe conn=0480b6ca-3f69-410e-91d9-2b4f94ee4bb5 frames=110 bytes=87806 attempt=5
2026/07/12 00:30:19 [INFO] [retransmit-test] node=2ea4771177901cbe conn=0480b6ca-3f69-410e-91d9-2b4f94ee4bb5 frames=110 bytes=87806 attempt=5
2026/07/12 00:30:19 [INFO] [retransmit-test] node=2ea4771177901cbe conn=0480b6ca-3f69-410e-91d9-2b4f94ee4bb5 frames=110 bytes=87806 attempt=5
2026/07/12 00:30:19 [INFO] [retransmit-test] node=2ea4771177901cbe conn=0480b6ca-3f69-410e-91d9-2b4f94ee4bb5 frames=110 bytes=87806 attempt=5
2026/07/12 00:30:19 [INFO] [retransmit-test] node=2ea4771177901cbe conn=0480b6ca-3f69-410e-91d9-2b4f94ee4bb5 frames=110 bytes=87806 attempt=5
2026/07/12 00:30:19 [INFO] [retransmit-test] node=2ea4771177901cbe conn=0480b6ca-3f69-410e-91d9-2b4f94ee4bb5 frames=110 bytes=87806 attempt=5
2026/07/12 00:30:20 [INFO] [retransmit-test] node=2ea4771177901cbe conn=0480b6ca-3f69-410e-91d9-2b4f94ee4bb5 frames=1 bytes=254 attempt=2
2026/07/12 00:30:21 [INFO] [retransmit-test] node=2ea4771177901cbe conn=0480b6ca-3f69-410e-91d9-2b4f94ee4bb5 frames=1 bytes=254 attempt=1
2026/07/12 00:30:23 [INFO] [retransmit-test] node=2ea4771177901cbe conn=0480b6ca-3f69-410e-91d9-2b4f94ee4bb5 frames=1 bytes=254 attempt=2
2026/07/12 00:30:24 [INFO] [retransmit-test] node=2ea4771177901cbe conn=0480b6ca-3f69-410e-91d9-2b4f94ee4bb5 frames=1 bytes=254 attempt=1
2026/07/12 00:30:26 [WARN] [TcpStream] 帧大小变更确认超时: newSize=864
2026/07/12 00:30:26 [INFO] [retransmit-test] node=2ea4771177901cbe conn=0480b6ca-3f69-410e-91d9-2b4f94ee4bb5 frames=1 bytes=254 attempt=2
2026/07/12 00:30:27 [INFO] [retransmit-test] node=2ea4771177901cbe conn=0480b6ca-3f69-410e-91d9-2b4f94ee4bb5 frames=110 bytes=87806 attempt=6
2026/07/12 00:30:27 [INFO] [retransmit-test] node=2ea4771177901cbe conn=0480b6ca-3f69-410e-91d9-2b4f94ee4bb5 frames=110 bytes=87806 attempt=6
2026/07/12 00:30:27 [INFO] [retransmit-test] node=2ea4771177901cbe conn=0480b6ca-3f69-410e-91d9-2b4f94ee4bb5 frames=110 bytes=87806 attempt=6
2026/07/12 00:30:27 [INFO] [retransmit-test] node=2ea4771177901cbe conn=0480b6ca-3f69-410e-91d9-2b4f94ee4bb5 frames=110 bytes=87806 attempt=6
2026/07/12 00:30:27 [INFO] [retransmit-test] node=2ea4771177901cbe conn=0480b6ca-3f69-410e-91d9-2b4f94ee4bb5 frames=110 bytes=87806 attempt=6
2026/07/12 00:30:27 [INFO] [retransmit-test] node=2ea4771177901cbe conn=0480b6ca-3f69-410e-91d9-2b4f94ee4bb5 frames=110 bytes=87806 attempt=6
2026/07/12 00:30:27 [INFO] [retransmit-test] node=2ea4771177901cbe conn=0480b6ca-3f69-410e-91d9-2b4f94ee4bb5 frames=110 bytes=87806 attempt=6
2026/07/12 00:30:27 [INFO] [retransmit-test] node=2ea4771177901cbe conn=0480b6ca-3f69-410e-91d9-2b4f94ee4bb5 frames=110 bytes=87806 attempt=6
2026/07/12 00:30:27 [INFO] [retransmit-test] node=2ea4771177901cbe conn=0480b6ca-3f69-410e-91d9-2b4f94ee4bb5 frames=1 bytes=254 attempt=1
2026/07/12 00:30:35 [WARN] [DualStream] SendMessage primary KCP 失败, 尝试 backup: nodeId=2ea4771177901cbe connId=0480b6ca-3f69-410e-91d9-2b4f94ee4bb5 err=send message: max retransmits exceeded
2026/07/12 00:30:35 [WARN] [DualStream] KCP leg 失败, 关闭并触发重连: nodeId=2ea4771177901cbe connId=0480b6ca-3f69-410e-91d9-2b4f94ee4bb5
2026/07/12 00:30:35 [WARN] [DualStream] SendMessage primary KCP 失败, 尝试 backup: nodeId=2ea4771177901cbe connId=0480b6ca-3f69-410e-91d9-2b4f94ee4bb5 err=stream closed
2026/07/12 00:30:35 [WARN] [DualStream] KCP leg 失败, 关闭并触发重连: nodeId=2ea4771177901cbe connId=0480b6ca-3f69-410e-91d9-2b4f94ee4bb5
2026/07/12 00:30:35 [WARN] [DualStream] SendMessage primary KCP 失败, 尝试 backup: nodeId=2ea4771177901cbe connId=0480b6ca-3f69-410e-91d9-2b4f94ee4bb5 err=send message: max retransmits exceeded
2026/07/12 00:30:35 [WARN] [DualStream] SendMessage primary KCP 失败, 尝试 backup: nodeId=2ea4771177901cbe connId=0480b6ca-3f69-410e-91d9-2b4f94ee4bb5 err=stream closed
2026/07/12 00:30:35 [WARN] [DualStream] KCP leg 失败, 关闭并触发重连: nodeId=2ea4771177901cbe connId=0480b6ca-3f69-410e-91d9-2b4f94ee4bb5
2026/07/12 00:30:35 [WARN] [DualStream] KCP leg 失败, 关闭并触发重连: nodeId=2ea4771177901cbe connId=0480b6ca-3f69-410e-91d9-2b4f94ee4bb5
2026/07/12 00:30:35 [INFO] [DualStream] KCP 重连成功: nodeId=2ea4771177901cbe connId=0480b6ca-3f69-410e-91d9-2b4f94ee4bb5 leg=kcp 第1次尝试
2026/07/12 00:30:36 [INFO] [retransmit-test] node=2ea4771177901cbe conn=0480b6ca-3f69-410e-91d9-2b4f94ee4bb5 frames=110 bytes=87806 attempt=1
2026/07/12 00:30:36 [INFO] [retransmit-test] node=2ea4771177901cbe conn=0480b6ca-3f69-410e-91d9-2b4f94ee4bb5 frames=110 bytes=87806 attempt=1
2026/07/12 00:30:36 [INFO] [retransmit-test] node=2ea4771177901cbe conn=0480b6ca-3f69-410e-91d9-2b4f94ee4bb5 frames=110 bytes=87806 attempt=1
2026/07/12 00:30:36 [INFO] [retransmit-test] node=2ea4771177901cbe conn=0480b6ca-3f69-410e-91d9-2b4f94ee4bb5 frames=110 bytes=87806 attempt=1
2026/07/12 00:30:36 [INFO] [retransmit-test] node=2ea4771177901cbe conn=0480b6ca-3f69-410e-91d9-2b4f94ee4bb5 frames=110 bytes=87806 attempt=1
2026/07/12 00:30:36 [INFO] [retransmit-test] node=2ea4771177901cbe conn=0480b6ca-3f69-410e-91d9-2b4f94ee4bb5 frames=110 bytes=87806 attempt=1
2026/07/12 00:30:36 [INFO] [retransmit-test] node=2ea4771177901cbe conn=0480b6ca-3f69-410e-91d9-2b4f94ee4bb5 frames=110 bytes=87806 attempt=1
2026/07/12 00:30:36 [INFO] [retransmit-test] node=2ea4771177901cbe conn=0480b6ca-3f69-410e-91d9-2b4f94ee4bb5 frames=110 bytes=87806 attempt=1
2026/07/12 00:30:37 [INFO] [retransmit-test] node=2ea4771177901cbe conn=0480b6ca-3f69-410e-91d9-2b4f94ee4bb5 frames=110 bytes=87806 attempt=2
2026/07/12 00:30:37 [INFO] [retransmit-test] node=2ea4771177901cbe conn=0480b6ca-3f69-410e-91d9-2b4f94ee4bb5 frames=110 bytes=87806 attempt=2
2026/07/12 00:30:37 [INFO] [retransmit-test] node=2ea4771177901cbe conn=0480b6ca-3f69-410e-91d9-2b4f94ee4bb5 frames=110 bytes=87806 attempt=2
2026/07/12 00:30:37 [INFO] [retransmit-test] node=2ea4771177901cbe conn=0480b6ca-3f69-410e-91d9-2b4f94ee4bb5 frames=110 bytes=87806 attempt=2
2026/07/12 00:30:37 [INFO] [retransmit-test] node=2ea4771177901cbe conn=0480b6ca-3f69-410e-91d9-2b4f94ee4bb5 frames=110 bytes=87806 attempt=2
2026/07/12 00:30:37 [INFO] [retransmit-test] node=2ea4771177901cbe conn=0480b6ca-3f69-410e-91d9-2b4f94ee4bb5 frames=110 bytes=87806 attempt=2
2026/07/12 00:30:37 [INFO] [retransmit-test] node=2ea4771177901cbe conn=0480b6ca-3f69-410e-91d9-2b4f94ee4bb5 frames=110 bytes=87806 attempt=2
2026/07/12 00:30:38 [INFO] [retransmit-test] node=2ea4771177901cbe conn=0480b6ca-3f69-410e-91d9-2b4f94ee4bb5 frames=110 bytes=87806 attempt=2
2026/07/12 00:30:40 [INFO] [retransmit-test] node=2ea4771177901cbe conn=0480b6ca-3f69-410e-91d9-2b4f94ee4bb5 frames=110 bytes=87806 attempt=3
2026/07/12 00:30:40 [INFO] [retransmit-test] node=2ea4771177901cbe conn=0480b6ca-3f69-410e-91d9-2b4f94ee4bb5 frames=110 bytes=87806 attempt=3
2026/07/12 00:30:40 [INFO] [retransmit-test] node=2ea4771177901cbe conn=0480b6ca-3f69-410e-91d9-2b4f94ee4bb5 frames=110 bytes=87806 attempt=3
2026/07/12 00:30:40 [INFO] [retransmit-test] node=2ea4771177901cbe conn=0480b6ca-3f69-410e-91d9-2b4f94ee4bb5 frames=110 bytes=87806 attempt=3
2026/07/12 00:30:41 [INFO] [retransmit-test] node=2ea4771177901cbe conn=0480b6ca-3f69-410e-91d9-2b4f94ee4bb5 frames=110 bytes=87806 attempt=3
2026/07/12 00:30:41 [INFO] [retransmit-test] node=2ea4771177901cbe conn=0480b6ca-3f69-410e-91d9-2b4f94ee4bb5 frames=110 bytes=87806 attempt=3
2026/07/12 00:30:41 [INFO] [retransmit-test] node=2ea4771177901cbe conn=0480b6ca-3f69-410e-91d9-2b4f94ee4bb5 frames=110 bytes=87806 attempt=3
2026/07/12 00:30:41 [INFO] [retransmit-test] node=2ea4771177901cbe conn=0480b6ca-3f69-410e-91d9-2b4f94ee4bb5 frames=110 bytes=87806 attempt=3
2026/07/12 00:30:47 [INFO] [retransmit-test] node=2ea4771177901cbe conn=0480b6ca-3f69-410e-91d9-2b4f94ee4bb5 frames=110 bytes=87806 attempt=4
2026/07/12 00:30:47 [INFO] [retransmit-test] node=2ea4771177901cbe conn=0480b6ca-3f69-410e-91d9-2b4f94ee4bb5 frames=110 bytes=87806 attempt=4
2026/07/12 00:30:47 [INFO] [retransmit-test] node=2ea4771177901cbe conn=0480b6ca-3f69-410e-91d9-2b4f94ee4bb5 frames=110 bytes=87806 attempt=4
2026/07/12 00:30:47 [INFO] [retransmit-test] node=2ea4771177901cbe conn=0480b6ca-3f69-410e-91d9-2b4f94ee4bb5 frames=110 bytes=87806 attempt=4
2026/07/12 00:30:47 [INFO] [retransmit-test] node=2ea4771177901cbe conn=0480b6ca-3f69-410e-91d9-2b4f94ee4bb5 frames=110 bytes=87806 attempt=4
2026/07/12 00:30:47 [INFO] [retransmit-test] node=2ea4771177901cbe conn=0480b6ca-3f69-410e-91d9-2b4f94ee4bb5 frames=110 bytes=87806 attempt=4
2026/07/12 00:30:47 [INFO] [retransmit-test] node=2ea4771177901cbe conn=0480b6ca-3f69-410e-91d9-2b4f94ee4bb5 frames=110 bytes=87806 attempt=4
2026/07/12 00:30:47 [INFO] [retransmit-test] node=2ea4771177901cbe conn=0480b6ca-3f69-410e-91d9-2b4f94ee4bb5 frames=110 bytes=87806 attempt=4
2026/07/12 00:30:48 [INFO] [retransmit-test] node=2ea4771177901cbe conn=0480b6ca-3f69-410e-91d9-2b4f94ee4bb5 frames=1 bytes=254 attempt=1
2026/07/12 00:30:50 [INFO] [retransmit-test] node=2ea4771177901cbe conn=0480b6ca-3f69-410e-91d9-2b4f94ee4bb5 frames=1 bytes=254 attempt=2
2026/07/12 00:30:51 [INFO] [retransmit-test] node=2ea4771177901cbe conn=0480b6ca-3f69-410e-91d9-2b4f94ee4bb5 frames=1 bytes=254 attempt=1
2026/07/12 00:30:53 [INFO] [retransmit-test] node=2ea4771177901cbe conn=0480b6ca-3f69-410e-91d9-2b4f94ee4bb5 frames=1 bytes=254 attempt=2
2026/07/12 00:30:54 [INFO] [retransmit-test] node=2ea4771177901cbe conn=0480b6ca-3f69-410e-91d9-2b4f94ee4bb5 frames=1 bytes=254 attempt=1
2026/07/12 00:30:55 [INFO] [retransmit-test] node=2ea4771177901cbe conn=0480b6ca-3f69-410e-91d9-2b4f94ee4bb5 frames=110 bytes=87806 attempt=5
2026/07/12 00:30:55 [INFO] [retransmit-test] node=2ea4771177901cbe conn=0480b6ca-3f69-410e-91d9-2b4f94ee4bb5 frames=110 bytes=87806 attempt=5
2026/07/12 00:30:55 [INFO] [retransmit-test] node=2ea4771177901cbe conn=0480b6ca-3f69-410e-91d9-2b4f94ee4bb5 frames=110 bytes=87806 attempt=5
2026/07/12 00:30:55 [INFO] [retransmit-test] node=2ea4771177901cbe conn=0480b6ca-3f69-410e-91d9-2b4f94ee4bb5 frames=110 bytes=87806 attempt=5
2026/07/12 00:30:55 [INFO] [retransmit-test] node=2ea4771177901cbe conn=0480b6ca-3f69-410e-91d9-2b4f94ee4bb5 frames=110 bytes=87806 attempt=5
2026/07/12 00:30:55 [INFO] [retransmit-test] node=2ea4771177901cbe conn=0480b6ca-3f69-410e-91d9-2b4f94ee4bb5 frames=110 bytes=87806 attempt=5
2026/07/12 00:30:55 [INFO] [retransmit-test] node=2ea4771177901cbe conn=0480b6ca-3f69-410e-91d9-2b4f94ee4bb5 frames=110 bytes=87806 attempt=5
2026/07/12 00:30:55 [INFO] [retransmit-test] node=2ea4771177901cbe conn=0480b6ca-3f69-410e-91d9-2b4f94ee4bb5 frames=110 bytes=87806 attempt=5
2026/07/12 00:30:56 [INFO] [retransmit-test] node=2ea4771177901cbe conn=0480b6ca-3f69-410e-91d9-2b4f94ee4bb5 frames=1 bytes=254 attempt=2
2026/07/12 00:31:03 [INFO] [retransmit-test] node=2ea4771177901cbe conn=0480b6ca-3f69-410e-91d9-2b4f94ee4bb5 frames=110 bytes=87806 attempt=6
2026/07/12 00:31:03 [INFO] [retransmit-test] node=2ea4771177901cbe conn=0480b6ca-3f69-410e-91d9-2b4f94ee4bb5 frames=110 bytes=87806 attempt=6
2026/07/12 00:31:03 [INFO] [retransmit-test] node=2ea4771177901cbe conn=0480b6ca-3f69-410e-91d9-2b4f94ee4bb5 frames=110 bytes=87806 attempt=6
2026/07/12 00:31:03 [INFO] [retransmit-test] node=2ea4771177901cbe conn=0480b6ca-3f69-410e-91d9-2b4f94ee4bb5 frames=110 bytes=87806 attempt=6
2026/07/12 00:31:03 [INFO] [retransmit-test] node=2ea4771177901cbe conn=0480b6ca-3f69-410e-91d9-2b4f94ee4bb5 frames=110 bytes=87806 attempt=6
2026/07/12 00:32:28 [INFO] [retransmit-test] node=2ea4771177901cbe conn=0480b6ca-3f69-410e-91d9-2b4f94ee4bb5 frames=1 bytes=254 attempt=1
2026/07/12 00:32:31 [INFO] [retransmit-test] node=2ea4771177901cbe conn=0480b6ca-3f69-410e-91d9-2b4f94ee4bb5 frames=1 bytes=254 attempt=1
2026/07/12 00:32:33 [INFO] [retransmit-test] node=2ea4771177901cbe conn=0480b6ca-3f69-410e-91d9-2b4f94ee4bb5 frames=1 bytes=254 attempt=2
2026/07/12 00:32:34 [INFO] [retransmit-test] node=2ea4771177901cbe conn=0480b6ca-3f69-410e-91d9-2b4f94ee4bb5 frames=1 bytes=254 attempt=1
2026/07/12 00:32:34 [INFO] [retransmit-test] node=2ea4771177901cbe conn=0480b6ca-3f69-410e-91d9-2b4f94ee4bb5 frames=110 bytes=87806 attempt=6
2026/07/12 00:32:34 [INFO] [retransmit-test] node=2ea4771177901cbe conn=0480b6ca-3f69-410e-91d9-2b4f94ee4bb5 frames=110 bytes=87806 attempt=6
2026/07/12 00:32:35 [INFO] [retransmit-test] node=2ea4771177901cbe conn=0480b6ca-3f69-410e-91d9-2b4f94ee4bb5 frames=110 bytes=87806 attempt=6
2026/07/12 00:32:35 [WARN] [DualStream] SendMessage backup TCP 也失败: nodeId=2ea4771177901cbe connId=0480b6ca-3f69-410e-91d9-2b4f94ee4bb5 err=send message: max retransmits exceeded
2026/07/12 00:32:35 [WARN] [DualStream] TCP leg 失败, 关闭并触发重连: nodeId=2ea4771177901cbe connId=0480b6ca-3f69-410e-91d9-2b4f94ee4bb5
2026/07/12 00:32:35 [WARN] [DualStream] SendMessage backup TCP 也失败: nodeId=2ea4771177901cbe connId=0480b6ca-3f69-410e-91d9-2b4f94ee4bb5 err=stream closed
2026/07/12 00:32:35 [WARN] [DualStream] SendMessage backup TCP 也失败: nodeId=2ea4771177901cbe connId=0480b6ca-3f69-410e-91d9-2b4f94ee4bb5 err=stream closed
2026/07/12 00:32:35 [WARN] [DualStream] TCP leg 失败, 关闭并触发重连: nodeId=2ea4771177901cbe connId=0480b6ca-3f69-410e-91d9-2b4f94ee4bb5
2026/07/12 00:32:35 [WARN] [DualStream] TCP startPump NextMessage 失败: nodeId=2ea4771177901cbe connId=0480b6ca-3f69-410e-91d9-2b4f94ee4bb5 leg=tcp err=stream closed
2026/07/12 00:32:35 [WARN] [DualStream] SendMessage backup TCP 也失败: nodeId=2ea4771177901cbe connId=0480b6ca-3f69-410e-91d9-2b4f94ee4bb5 err=stream closed
2026/07/12 00:32:35 [WARN] [DualStream] TCP leg 失败, 关闭并触发重连: nodeId=2ea4771177901cbe connId=0480b6ca-3f69-410e-91d9-2b4f94ee4bb5
2026/07/12 00:32:35 [WARN] [DualStream] TCP leg 失败, 关闭并触发重连: nodeId=2ea4771177901cbe connId=0480b6ca-3f69-410e-91d9-2b4f94ee4bb5
2026/07/12 00:32:35 [WARN] [DualStream] TCP leg 失败, 关闭并触发重连: nodeId=2ea4771177901cbe connId=0480b6ca-3f69-410e-91d9-2b4f94ee4bb5
2026/07/12 00:32:35 [WARN] [DualStream] SendMessage backup TCP 也失败: nodeId=2ea4771177901cbe connId=0480b6ca-3f69-410e-91d9-2b4f94ee4bb5 err=stream closed
2026/07/12 00:32:35 [WARN] [DualStream] TCP leg 失败, 关闭并触发重连: nodeId=2ea4771177901cbe connId=0480b6ca-3f69-410e-91d9-2b4f94ee4bb5
2026/07/12 00:32:35 [WARN] [DualStream] SendMessage backup TCP 也失败: nodeId=2ea4771177901cbe connId=0480b6ca-3f69-410e-91d9-2b4f94ee4bb5 err=send message: max retransmits exceeded
2026/07/12 00:32:35 [WARN] [DualStream] TCP leg 失败, 关闭并触发重连: nodeId=2ea4771177901cbe connId=0480b6ca-3f69-410e-91d9-2b4f94ee4bb5
2026/07/12 00:32:35 [WARN] [DualStream] SendMessage primary TCP 失败, 尝试 backup: nodeId=2ea4771177901cbe connId=0480b6ca-3f69-410e-91d9-2b4f94ee4bb5 err=stream closed
2026/07/12 00:32:35 [WARN] [DualStream] TCP leg 失败, 关闭并触发重连: nodeId=2ea4771177901cbe connId=0480b6ca-3f69-410e-91d9-2b4f94ee4bb5
2026/07/12 00:32:36 [INFO] [DualStream] TCP 重连成功: nodeId=2ea4771177901cbe connId=0480b6ca-3f69-410e-91d9-2b4f94ee4bb5 leg=tcp 第1次尝试
2026/07/12 00:32:36 [INFO] [retransmit-test] node=2ea4771177901cbe conn=0480b6ca-3f69-410e-91d9-2b4f94ee4bb5 frames=1 bytes=426 attempt=1
2026/07/12 00:32:38 [INFO] [retransmit-test] node=2ea4771177901cbe conn=0480b6ca-3f69-410e-91d9-2b4f94ee4bb5 frames=1 bytes=426 attempt=2
2026/07/12 00:32:41 [INFO] [retransmit-test] node=2ea4771177901cbe conn=0480b6ca-3f69-410e-91d9-2b4f94ee4bb5 frames=1 bytes=426 attempt=3
2026/07/12 00:32:47 [INFO] [retransmit-test] node=2ea4771177901cbe conn=0480b6ca-3f69-410e-91d9-2b4f94ee4bb5 frames=1 bytes=426 attempt=4
2026/07/12 00:32:55 [INFO] [retransmit-test] node=2ea4771177901cbe conn=0480b6ca-3f69-410e-91d9-2b4f94ee4bb5 frames=1 bytes=426 attempt=5
2026/07/12 00:33:03 [INFO] [retransmit-test] node=2ea4771177901cbe conn=0480b6ca-3f69-410e-91d9-2b4f94ee4bb5 frames=1 bytes=426 attempt=6
2026/07/12 00:33:11 [WARN] [DualStream] SendMessage primary KCP 失败, 尝试 backup: nodeId=2ea4771177901cbe connId=0480b6ca-3f69-410e-91d9-2b4f94ee4bb5 err=send message: max retransmits exceeded
2026/07/12 00:33:11 [WARN] [DualStream] KCP leg 失败, 关闭并触发重连: nodeId=2ea4771177901cbe connId=0480b6ca-3f69-410e-91d9-2b4f94ee4bb5
2026/07/12 00:33:11 [WARN] [DualStream] KCP startPump NextMessage 失败: nodeId=2ea4771177901cbe connId=0480b6ca-3f69-410e-91d9-2b4f94ee4bb5 leg=kcp err=stream closed
2026/07/12 00:33:11 [WARN] [DualStream] KCP leg 失败, 关闭并触发重连: nodeId=2ea4771177901cbe connId=0480b6ca-3f69-410e-91d9-2b4f94ee4bb5
2026/07/12 00:33:11 [ERROR] [DualStream] SendMessage 无 backup leg, 返回错误: nodeId=2ea4771177901cbe connId=0480b6ca-3f69-410e-91d9-2b4f94ee4bb5
goroutine 112 [running]:
bnfs_p2p/logx.stack(...)
	/root/natP2p/logx/logx.go:77
bnfs_p2p/logx.Errorf({0x88b926, 0x4d}, {0xc00046bd98, 0x2, 0x2})
	/root/natP2p/logx/logx.go:70 +0x89
bnfs_p2p/networkFrameWork.(*DualStream).SendMessage(0xc0000000e0, {0x907130, 0xc0000d5040}, 0xc00012e000)
	/root/natP2p/networkFrameWork/DualStream.go:309 +0xc45
bnfs_p2p/networkFrameWork/client.(*StreamClient).SendMessage(0xc000290990, {0x907130, 0xc0000d5040}, 0xc00012e000)
	/root/natP2p/networkFrameWork/client/ClientStream.go:115 +0x8c
bnfs_p2p/p2pnode/impl/natnode.(*NATConnection).Send(0xc000036f00, {0x907130, 0xc0000d5040}, 0xc000036240)
	/root/natP2p/p2pnode/impl/natnode/connection.go:26 +0x72
bnfs_p2p/cmd/tunnel/mux.(*Session).sendClose(0xc000036f60, 0x3, 0x10)
	/root/natP2p/cmd/tunnel/mux/loop.go:111 +0xb1
bnfs_p2p/cmd/tunnel/mux.(*Stream).Close(0xc0000d6400)
	/root/natP2p/cmd/tunnel/mux/stream.go:185 +0x99
main.forwardToLocal(0xc0000d6400, {0x7ffdafe0ed29, 0xf})
	/root/natP2p/cmd/tunnel/server/main.go:147 +0x209
created by main.handleTunnel in goroutine 31
	/root/natP2p/cmd/tunnel/server/main.go:131 +0x8c
2026/07/12 00:33:12 [INFO] [DualStream] KCP 重连成功: nodeId=2ea4771177901cbe connId=0480b6ca-3f69-410e-91d9-2b4f94ee4bb5 leg=kcp 第1次尝试

正在关闭...
